 libbool_x64

 Timestamp is 58eb438e (Mon Apr 10 10:34:22 2017)

 Preferred load address is 0000000180000000

 Start         Length     Name                   Class
 0001:00000000 0000b680H .text$mn                CODE
 0001:0000b680 00000020H .text$mn$00             CODE
 0001:0000b6a0 00000a10H .text$x                 CODE
 0001:0000c0b0 0000000cH .text$yd                CODE
 0002:00000000 000002d8H .idata$5                DATA
 0002:000002d8 00000010H .00cfg                  DATA
 0002:000002e8 00000008H .CRT$XCA                DATA
 0002:000002f0 00000008H .CRT$XCZ                DATA
 0002:000002f8 00000008H .CRT$XIA                DATA
 0002:00000300 00000008H .CRT$XIC                DATA
 0002:00000308 00000008H .CRT$XIZ                DATA
 0002:00000310 00000008H .CRT$XLA                DATA
 0002:00000318 00000008H .CRT$XLZ                DATA
 0002:00000320 00000008H .CRT$XPA                DATA
 0002:00000328 00000008H .CRT$XPZ                DATA
 0002:00000330 00000008H .CRT$XTA                DATA
 0002:00000338 00000008H .CRT$XTZ                DATA
 0002:00000340 00000b28H .rdata                  DATA
 0002:00000e68 00000028H .rdata$T                DATA
 0002:00000e90 00000754H .rdata$r                DATA
 0002:000015e4 00000384H .rdata$zzzdbg           DATA
 0002:00001968 00000008H .rtc$IAA                DATA
 0002:00001970 00000008H .rtc$IZZ                DATA
 0002:00001978 00000008H .rtc$TAA                DATA
 0002:00001980 00000010H .rtc$TZZ                DATA
 0002:00001990 00002338H .xdata                  DATA
 0002:00003cc8 00000178H .xdata$x                DATA
 0002:00003e40 000005acH .edata                  DATA
 0002:000043ec 0000008cH .idata$2                DATA
 0002:00004478 00000018H .idata$3                DATA
 0002:00004490 000002d8H .idata$4                DATA
 0002:00004768 00000bb6H .idata$6                DATA
 0003:00000000 00000040H .data                   DATA
 0003:00000040 000003d0H .data$r                 DATA
 0003:00000410 00000100H .bss                    DATA
 0004:00000000 00000df8H .pdata                  DATA
 0005:00000000 00000034H .gfids$y                DATA
 0006:00000000 00000004H .tls                    DATA
 0006:00000004 00000004H .tls$                   DATA
 0006:00000008 00000001H .tls$ZZZ                DATA
 0007:00000000 00000060H .rsrc$01                DATA
 0007:00000060 00000180H .rsrc$02                DATA

  Address         Publics by Value              Rva+Base               Lib:Object

 0000:00000000       ___safe_se_handler_count   0000000000000000     <absolute>
 0000:00000000       __dynamic_value_reloc_table 0000000000000000     <absolute>
 0000:00000000       ___safe_se_handler_table   0000000000000000     <absolute>
 0000:00000000       __guard_iat_table          0000000000000000     <absolute>
 0000:00000000       __guard_longjmp_table      0000000000000000     <absolute>
 0000:00000000       __guard_fids_table         0000000000000000     <absolute>
 0000:00000000       __guard_fids_count         0000000000000000     <absolute>
 0000:00000000       __guard_longjmp_count      0000000000000000     <absolute>
 0000:00000000       __guard_iat_count          0000000000000000     <absolute>
 0000:00000100       __guard_flags              0000000000000100     <absolute>
 0000:00000000       __ImageBase                0000000180000000     <linker-defined>
 0001:00000000       ??0BoolExprParser@boolstuff@@QEAA@XZ 0000000180001000 f   BoolExprParser.obj
 0001:00000020       ??1BoolExprParser@boolstuff@@QEAA@XZ 0000000180001020 f   BoolExprParser.obj
 0001:00000030       ?parse@BoolExprParser@boolstuff@@QEAAPEAV?$BoolExpr@V?$basic_string@DU?$char_traits@D@std@@V?$allocator@D@2@@std@@@2@AEBV?$basic_string@DU?$char_traits@D@std@@V?$allocator@D@2@@std@@@Z 0000000180001030 f   BoolExprParser.obj
 0001:000000f0       ?parseExpr@BoolExprParser@boolstuff@@AEAAPEAV?$BoolExpr@V?$basic_string@DU?$char_traits@D@std@@V?$allocator@D@2@@std@@@2@XZ 00000001800010f0 f   BoolExprParser.obj
 0001:000001f0       ?parseTerm@BoolExprParser@boolstuff@@AEAAPEAV?$BoolExpr@V?$basic_string@DU?$char_traits@D@std@@V?$allocator@D@2@@std@@@2@XZ 00000001800011f0 f   BoolExprParser.obj
 0001:000002f0       ?parseFactor@BoolExprParser@boolstuff@@AEAAPEAV?$BoolExpr@V?$basic_string@DU?$char_traits@D@std@@V?$allocator@D@2@@std@@@2@XZ 00000001800012f0 f   BoolExprParser.obj
 0001:000003e0       ?parseAtom@BoolExprParser@boolstuff@@AEAAPEAV?$BoolExpr@V?$basic_string@DU?$char_traits@D@std@@V?$allocator@D@2@@std@@@2@XZ 00000001800013e0 f   BoolExprParser.obj
 0001:000004c0       ?parseIdentifier@BoolExprParser@boolstuff@@AEAAPEAV?$BoolExpr@V?$basic_string@DU?$char_traits@D@std@@V?$allocator@D@2@@std@@@2@XZ 00000001800014c0 f   BoolExprParser.obj
 0001:000006b0       ?atEnd@BoolExprParser@boolstuff@@AEAA_NXZ 00000001800016b0 f   BoolExprParser.obj
 0001:00000720       ?tokenSeen@BoolExprParser@boolstuff@@AEAA_NPEBD@Z 0000000180001720 f   BoolExprParser.obj
 0001:000007e0       ?skipToken@BoolExprParser@boolstuff@@AEAAXPEBD@Z 00000001800017e0 f   BoolExprParser.obj
 0001:00000800       ?skipSpaces@BoolExprParser@boolstuff@@AEAAXXZ 0000000180001800 f   BoolExprParser.obj
 0001:00000860       ?isIdentifierChar@BoolExprParser@boolstuff@@AEBA_ND@Z 0000000180001860 f   BoolExprParser.obj
 0001:00000890       ??0?$BoolExpr@V?$basic_string@DU?$char_traits@D@std@@V?$allocator@D@2@@std@@@boolstuff@@QEAA@AEBV?$basic_string@DU?$char_traits@D@std@@V?$allocator@D@2@@std@@@Z 0000000180001890 f i BoolExprParser.obj
 0001:000008e0       ??0?$BoolExpr@V?$basic_string@DU?$char_traits@D@std@@V?$allocator@D@2@@std@@@boolstuff@@QEAA@W4Type@01@PEAV01@1@Z 00000001800018e0 f i BoolExprParser.obj
 0001:00000910       ??1?$BoolExpr@V?$basic_string@DU?$char_traits@D@std@@V?$allocator@D@2@@std@@@boolstuff@@QEAA@XZ 0000000180001910 f i BoolExprParser.obj
 0001:00000970       ??1?$auto_ptr@V?$BoolExpr@V?$basic_string@DU?$char_traits@D@std@@V?$allocator@D@2@@std@@@boolstuff@@@std@@QEAA@XZ 0000000180001970 f i BoolExprParser.obj
 0001:000009d0       ??1?$basic_string@DU?$char_traits@D@std@@V?$allocator@D@2@@std@@QEAA@XZ 00000001800019d0 f i BoolExprParser.obj
 0001:00000a60       ??_G?$BoolExpr@V?$basic_string@DU?$char_traits@D@std@@V?$allocator@D@2@@std@@@boolstuff@@QEAAPEAXI@Z 0000000180001a60 f i BoolExprParser.obj
 0001:00000ac0       ?_Copy@?$basic_string@DU?$char_traits@D@std@@V?$allocator@D@2@@std@@QEAAX_K0@Z 0000000180001ac0 f i BoolExprParser.obj
 0001:00000c70       ?allocate@?$_Wrap_alloc@V?$allocator@D@std@@@std@@QEAAPEAD_K@Z 0000000180001c70 f i BoolExprParser.obj
 0001:00000ce0       ?assign@?$basic_string@DU?$char_traits@D@std@@V?$allocator@D@2@@std@@QEAAAEAV12@AEBV12@_K1@Z 0000000180001ce0 f i BoolExprParser.obj
 0001:00000e10       ?erase@?$basic_string@DU?$char_traits@D@std@@V?$allocator@D@2@@std@@QEAAAEAV12@_K0@Z 0000000180001e10 f i BoolExprParser.obj
 0001:00000ee0       boolstuff_create_value_node 0000000180001ee0 f   c-api.obj
 0001:00001000       boolstuff_create_operator_node 0000000180002000 f   c-api.obj
 0001:000010a0       boolstuff_parse            00000001800020a0 f   c-api.obj
 0001:000011d0       boolstuff_destroy_tree     00000001800021d0 f   c-api.obj
 0001:00001230       boolstuff_get_node_type    0000000180002230 f   c-api.obj
 0001:00001260       boolstuff_get_node_value   0000000180002260 f   c-api.obj
 0001:00001280       boolstuff_get_left_subtree 0000000180002280 f   c-api.obj
 0001:00001290       boolstuff_get_right_subtree 0000000180002290 f   c-api.obj
 0001:000012a0       boolstuff_set_node_type    00000001800022a0 f   c-api.obj
 0001:000012e0       boolstuff_set_left_subtree 00000001800022e0 f   c-api.obj
 0001:000012f0       boolstuff_set_right_subtree 00000001800022f0 f   c-api.obj
 0001:00001300       boolstuff_set_node_value   0000000180002300 f   c-api.obj
 0001:000013d0       boolstuff_print_tree       00000001800023d0 f   c-api.obj
 0001:00001480       boolstuff_print_tree_to_string 0000000180002480 f   c-api.obj
 0001:00001600       boolstuff_free_string      0000000180002600 f   c-api.obj
 0001:00001610       boolstuff_clone_tree       0000000180002610 f   c-api.obj
 0001:00001620       boolstuff_get_disjunctive_normal_form 0000000180002620 f   c-api.obj
 0001:00001630       boolstuff_is_disjunctive_normal_form 0000000180002630 f   c-api.obj
 0001:00001650       boolstuff_get_dnf_term_roots 0000000180002650 f   c-api.obj
 0001:000017d0       boolstuff_free_node_array  00000001800027d0 f   c-api.obj
 0001:000017e0       boolstuff_get_tree_variables 00000001800027e0 f   c-api.obj
 0001:00001a80       boolstuff_free_variables_sets 0000000180002a80 f   c-api.obj
 0001:00001b40       ??$?6DU?$char_traits@D@std@@V?$allocator@D@1@@std@@YAAEAV?$basic_ostream@DU?$char_traits@D@std@@@0@AEAV10@AEBV?$basic_string@DU?$char_traits@D@std@@V?$allocator@D@2@@0@@Z 0000000180002b40 f i c-api.obj
 0001:00001d10       ??$?6U?$char_traits@D@std@@@std@@YAAEAV?$basic_ostream@DU?$char_traits@D@std@@@0@AEAV10@D@Z 0000000180002d10 f i c-api.obj
 0001:00001ed0       ??$?6U?$char_traits@D@std@@@std@@YAAEAV?$basic_ostream@DU?$char_traits@D@std@@@0@AEAV10@PEBD@Z 0000000180002ed0 f i c-api.obj
 0001:000020a0       ??$?8DU?$char_traits@D@std@@V?$allocator@D@1@@std@@YA_NAEBV?$basic_string@DU?$char_traits@D@std@@V?$allocator@D@2@@0@0@Z 00000001800030a0 f i c-api.obj
 0001:00002120       ??$?MDU?$char_traits@D@std@@V?$allocator@D@1@@std@@YA_NAEBV?$basic_string@DU?$char_traits@D@std@@V?$allocator@D@2@@0@0@Z 0000000180003120 f i c-api.obj
 0001:00002190       ??$_Buynode@AEBV?$Literal@V?$basic_string@DU?$char_traits@D@std@@V?$allocator@D@2@@std@@@boolstuff@@@?$_Tree_comp_alloc@V?$_Tset_traits@V?$Literal@V?$basic_string@DU?$char_traits@D@std@@V?$allocator@D@2@@std@@@boolstuff@@U?$less@V?$Literal@V?$basic_string@DU?$char_traits@D@std@@V?$allocator@D@2@@std@@@boolstuff@@@std@@V?$allocator@V?$Literal@V?$basic_string@DU?$char_traits@D@std@@V?$allocator@D@2@@std@@@boolstuff@@@4@$0A@@std@@@std@@QEAAPEAU?$_Tree_node@V?$Literal@V?$basic_string@DU?$char_traits@D@std@@V?$allocator@D@2@@std@@@boolstuff@@PEAX@1@AEBV?$Literal@V?$basic_string@DU?$char_traits@D@std@@V?$allocator@D@2@@std@@@boolstuff@@@Z 0000000180003190 f i c-api.obj
 0001:00002210       ??$_Buynode@AEBV?$basic_string@DU?$char_traits@D@std@@V?$allocator@D@2@@std@@@?$_Tree_comp_alloc@V?$_Tset_traits@V?$basic_string@DU?$char_traits@D@std@@V?$allocator@D@2@@std@@U?$less@V?$basic_string@DU?$char_traits@D@std@@V?$allocator@D@2@@std@@@2@V?$allocator@V?$basic_string@DU?$char_traits@D@std@@V?$allocator@D@2@@std@@@2@$0A@@std@@@std@@QEAAPEAU?$_Tree_node@V?$basic_string@DU?$char_traits@D@std@@V?$allocator@D@2@@std@@PEAX@1@AEBV?$basic_string@DU?$char_traits@D@std@@V?$allocator@D@2@@1@@Z 0000000180003210 f i c-api.obj
 0001:00002290       ??$_Destroy_range1@V?$allocator@V?$Literal@V?$basic_string@DU?$char_traits@D@std@@V?$allocator@D@2@@std@@@boolstuff@@@std@@PEAV?$Literal@V?$basic_string@DU?$char_traits@D@std@@V?$allocator@D@2@@std@@@boolstuff@@@std@@YAXPEAV?$Literal@V?$basic_string@DU?$char_traits@D@std@@V?$allocator@D@2@@std@@@boolstuff@@0AEAU?$_Wrap_alloc@V?$allocator@V?$Literal@V?$basic_string@DU?$char_traits@D@std@@V?$allocator@D@2@@std@@@boolstuff@@@std@@@0@U?$integral_constant@_N$0A@@0@@Z 0000000180003290 f i c-api.obj
 0001:00002350       ??$_Destroy_range1@V?$allocator@V?$vector@V?$Literal@V?$basic_string@DU?$char_traits@D@std@@V?$allocator@D@2@@std@@@boolstuff@@V?$allocator@V?$Literal@V?$basic_string@DU?$char_traits@D@std@@V?$allocator@D@2@@std@@@boolstuff@@@std@@@std@@@std@@PEAV?$vector@V?$Literal@V?$basic_string@DU?$char_traits@D@std@@V?$allocator@D@2@@std@@@boolstuff@@V?$allocator@V?$Literal@V?$basic_string@DU?$char_traits@D@std@@V?$allocator@D@2@@std@@@boolstuff@@@std@@@2@@std@@YAXPEAV?$vector@V?$Literal@V?$basic_string@DU?$char_traits@D@std@@V?$allocator@D@2@@std@@@boolstuff@@V?$allocator@V?$Literal@V?$basic_string@DU?$char_traits@D@std@@V?$allocator@D@2@@std@@@boolstuff@@@std@@@0@0AEAU?$_Wrap_alloc@V?$allocator@V?$vector@V?$Literal@V?$basic_string@DU?$char_traits@D@std@@V?$allocator@D@2@@std@@@boolstuff@@V?$allocator@V?$Literal@V?$basic_string@DU?$char_traits@D@std@@V?$allocator@D@2@@std@@@boolstuff@@@std@@@std@@@std@@@0@U?$integral_constant@_N$0A@@0@@Z 0000000180003350 f i c-api.obj
 0001:00002460       ??$_Guess_median_unchecked@PEAPEAV?$BoolExpr@V?$basic_string@DU?$char_traits@D@std@@V?$allocator@D@2@@std@@@boolstuff@@P6A_NPEAV12@0@Z@std@@YAXPEAPEAV?$BoolExpr@V?$basic_string@DU?$char_traits@D@std@@V?$allocator@D@2@@std@@@boolstuff@@00AEAP6A_NPEAV12@1@Z@Z 0000000180003460 f i c-api.obj
 0001:00002540       ??$_Insert_at@AEBV?$Literal@V?$basic_string@DU?$char_traits@D@std@@V?$allocator@D@2@@std@@@boolstuff@@U_Nil@std@@@?$_Tree@V?$_Tset_traits@V?$Literal@V?$basic_string@DU?$char_traits@D@std@@V?$allocator@D@2@@std@@@boolstuff@@U?$less@V?$Literal@V?$basic_string@DU?$char_traits@D@std@@V?$allocator@D@2@@std@@@boolstuff@@@std@@V?$allocator@V?$Literal@V?$basic_string@DU?$char_traits@D@std@@V?$allocator@D@2@@std@@@boolstuff@@@4@$0A@@std@@@std@@IEAA?AV?$_Tree_const_iterator@V?$_Tree_val@U?$_Tree_simple_types@V?$Literal@V?$basic_string@DU?$char_traits@D@std@@V?$allocator@D@2@@std@@@boolstuff@@@std@@@std@@@1@_NPEAU?$_Tree_node@V?$Literal@V?$basic_string@DU?$char_traits@D@std@@V?$allocator@D@2@@std@@@boolstuff@@PEAX@1@AEBV?$Literal@V?$basic_string@DU?$char_traits@D@std@@V?$allocator@D@2@@std@@@boolstuff@@U_Nil@1@@Z 0000000180003540 f i c-api.obj
 0001:00002810       ??$_Insert_at@AEBV?$basic_string@DU?$char_traits@D@std@@V?$allocator@D@2@@std@@U_Nil@2@@?$_Tree@V?$_Tset_traits@V?$basic_string@DU?$char_traits@D@std@@V?$allocator@D@2@@std@@U?$less@V?$basic_string@DU?$char_traits@D@std@@V?$allocator@D@2@@std@@@2@V?$allocator@V?$basic_string@DU?$char_traits@D@std@@V?$allocator@D@2@@std@@@2@$0A@@std@@@std@@IEAA?AV?$_Tree_const_iterator@V?$_Tree_val@U?$_Tree_simple_types@V?$basic_string@DU?$char_traits@D@std@@V?$allocator@D@2@@std@@@std@@@std@@@1@_NPEAU?$_Tree_node@V?$basic_string@DU?$char_traits@D@std@@V?$allocator@D@2@@std@@PEAX@1@AEBV?$basic_string@DU?$char_traits@D@std@@V?$allocator@D@2@@1@U_Nil@1@@Z 0000000180003810 f i c-api.obj
 0001:00002ae0       ??$_Insert_hint@AEBV?$basic_string@DU?$char_traits@D@std@@V?$allocator@D@2@@std@@U_Nil@2@@?$_Tree@V?$_Tset_traits@V?$basic_string@DU?$char_traits@D@std@@V?$allocator@D@2@@std@@U?$less@V?$basic_string@DU?$char_traits@D@std@@V?$allocator@D@2@@std@@@2@V?$allocator@V?$basic_string@DU?$char_traits@D@std@@V?$allocator@D@2@@std@@@2@$0A@@std@@@std@@IEAA?AV?$_Tree_const_iterator@V?$_Tree_val@U?$_Tree_simple_types@V?$basic_string@DU?$char_traits@D@std@@V?$allocator@D@2@@std@@@std@@@std@@@1@V21@AEBV?$basic_string@DU?$char_traits@D@std@@V?$allocator@D@2@@1@U_Nil@1@@Z 0000000180003ae0 f i c-api.obj
 0001:00002da0       ??$_Insert_nohint@AEBV?$Literal@V?$basic_string@DU?$char_traits@D@std@@V?$allocator@D@2@@std@@@boolstuff@@U_Nil@std@@@?$_Tree@V?$_Tset_traits@V?$Literal@V?$basic_string@DU?$char_traits@D@std@@V?$allocator@D@2@@std@@@boolstuff@@U?$less@V?$Literal@V?$basic_string@DU?$char_traits@D@std@@V?$allocator@D@2@@std@@@boolstuff@@@std@@V?$allocator@V?$Literal@V?$basic_string@DU?$char_traits@D@std@@V?$allocator@D@2@@std@@@boolstuff@@@4@$0A@@std@@@std@@IEAA?AU?$pair@V?$_Tree_const_iterator@V?$_Tree_val@U?$_Tree_simple_types@V?$Literal@V?$basic_string@DU?$char_traits@D@std@@V?$allocator@D@2@@std@@@boolstuff@@@std@@@std@@@std@@_N@1@_NAEBV?$Literal@V?$basic_string@DU?$char_traits@D@std@@V?$allocator@D@2@@std@@@boolstuff@@U_Nil@1@@Z 0000000180003da0 f i c-api.obj
 0001:00003020       ??$_Insert_nohint@AEBV?$basic_string@DU?$char_traits@D@std@@V?$allocator@D@2@@std@@U_Nil@2@@?$_Tree@V?$_Tset_traits@V?$basic_string@DU?$char_traits@D@std@@V?$allocator@D@2@@std@@U?$less@V?$basic_string@DU?$char_traits@D@std@@V?$allocator@D@2@@std@@@2@V?$allocator@V?$basic_string@DU?$char_traits@D@std@@V?$allocator@D@2@@std@@@2@$0A@@std@@@std@@IEAA?AU?$pair@V?$_Tree_const_iterator@V?$_Tree_val@U?$_Tree_simple_types@V?$basic_string@DU?$char_traits@D@std@@V?$allocator@D@2@@std@@@std@@@std@@@std@@_N@1@_NAEBV?$basic_string@DU?$char_traits@D@std@@V?$allocator@D@2@@1@U_Nil@1@@Z 0000000180004020 f i c-api.obj
 0001:00003270       ??$_Insertion_sort_unchecked@PEAPEAV?$BoolExpr@V?$basic_string@DU?$char_traits@D@std@@V?$allocator@D@2@@std@@@boolstuff@@P6A_NPEAV12@0@Z@std@@YAXPEAPEAV?$BoolExpr@V?$basic_string@DU?$char_traits@D@std@@V?$allocator@D@2@@std@@@boolstuff@@0AEAP6A_NPEAV12@1@Z@Z 0000000180004270 f i c-api.obj
 0001:00003350       ??$_Lbound@V?$Literal@V?$basic_string@DU?$char_traits@D@std@@V?$allocator@D@2@@std@@@boolstuff@@@?$_Tree@V?$_Tset_traits@V?$Literal@V?$basic_string@DU?$char_traits@D@std@@V?$allocator@D@2@@std@@@boolstuff@@U?$less@V?$Literal@V?$basic_string@DU?$char_traits@D@std@@V?$allocator@D@2@@std@@@boolstuff@@@std@@V?$allocator@V?$Literal@V?$basic_string@DU?$char_traits@D@std@@V?$allocator@D@2@@std@@@boolstuff@@@4@$0A@@std@@@std@@IEBAPEAU?$_Tree_node@V?$Literal@V?$basic_string@DU?$char_traits@D@std@@V?$allocator@D@2@@std@@@boolstuff@@PEAX@1@AEBV?$Literal@V?$basic_string@DU?$char_traits@D@std@@V?$allocator@D@2@@std@@@boolstuff@@@Z 0000000180004350 f i c-api.obj
 0001:00003420       ??$_Make_heap_unchecked@PEAPEAV?$BoolExpr@V?$basic_string@DU?$char_traits@D@std@@V?$allocator@D@2@@std@@@boolstuff@@P6A_NPEAV12@0@Z@std@@YAXPEAPEAV?$BoolExpr@V?$basic_string@DU?$char_traits@D@std@@V?$allocator@D@2@@std@@@boolstuff@@0AEAP6A_NPEAV12@1@Z@Z 0000000180004420 f i c-api.obj
 0001:00003570       ??$_Med3_unchecked@PEAPEAV?$BoolExpr@V?$basic_string@DU?$char_traits@D@std@@V?$allocator@D@2@@std@@@boolstuff@@P6A_NPEAV12@0@Z@std@@YAXPEAPEAV?$BoolExpr@V?$basic_string@DU?$char_traits@D@std@@V?$allocator@D@2@@std@@@boolstuff@@00AEAP6A_NPEAV12@1@Z@Z 0000000180004570 f i c-api.obj
 0001:000035f0       ??$_Partition_by_median_guess_unchecked@PEAPEAV?$BoolExpr@V?$basic_string@DU?$char_traits@D@std@@V?$allocator@D@2@@std@@@boolstuff@@P6A_NPEAV12@0@Z@std@@YA?AU?$pair@PEAPEAV?$BoolExpr@V?$basic_string@DU?$char_traits@D@std@@V?$allocator@D@2@@std@@@boolstuff@@PEAPEAV12@@0@PEAPEAV?$BoolExpr@V?$basic_string@DU?$char_traits@D@std@@V?$allocator@D@2@@std@@@boolstuff@@0AEAP6A_NPEAV23@1@Z@Z 00000001800045f0 f i c-api.obj
 0001:000037f0       ??$_Pop_heap_hole_by_index@PEAPEAV?$BoolExpr@V?$basic_string@DU?$char_traits@D@std@@V?$allocator@D@2@@std@@@boolstuff@@_JPEAV12@P6A_NPEAV12@0@Z@std@@YAXPEAPEAV?$BoolExpr@V?$basic_string@DU?$char_traits@D@std@@V?$allocator@D@2@@std@@@boolstuff@@_J1$$QEAPEAV12@AEAP6A_NPEAV12@3@Z@Z 00000001800047f0 f i c-api.obj
 0001:00003900       ??$_Rotate_unchecked1@PEAPEAV?$BoolExpr@V?$basic_string@DU?$char_traits@D@std@@V?$allocator@D@2@@std@@@boolstuff@@@std@@YAPEAPEAV?$BoolExpr@V?$basic_string@DU?$char_traits@D@std@@V?$allocator@D@2@@std@@@boolstuff@@PEAPEAV12@00Urandom_access_iterator_tag@0@@Z 0000000180004900 f i c-api.obj
 0001:000039c0       ??$_Rotate_unchecked1@PEAPEBV?$BoolExpr@V?$basic_string@DU?$char_traits@D@std@@V?$allocator@D@2@@std@@@boolstuff@@@std@@YAPEAPEBV?$BoolExpr@V?$basic_string@DU?$char_traits@D@std@@V?$allocator@D@2@@std@@@boolstuff@@PEAPEBV12@00Urandom_access_iterator_tag@0@@Z 00000001800049c0 f i c-api.obj
 0001:00003a80       ??$_Set_intersection_no_deprecate1@V?$_Tree_unchecked_const_iterator@V?$_Tree_val@U?$_Tree_simple_types@V?$basic_string@DU?$char_traits@D@std@@V?$allocator@D@2@@std@@@std@@@std@@U_Iterator_base0@2@@std@@V12@V?$insert_iterator@V?$set@V?$basic_string@DU?$char_traits@D@std@@V?$allocator@D@2@@std@@U?$less@V?$basic_string@DU?$char_traits@D@std@@V?$allocator@D@2@@std@@@2@V?$allocator@V?$basic_string@DU?$char_traits@D@std@@V?$allocator@D@2@@std@@@2@@std@@@2@U?$less@X@2@@std@@YA?AV?$insert_iterator@V?$set@V?$basic_string@DU?$char_traits@D@std@@V?$allocator@D@2@@std@@U?$less@V?$basic_string@DU?$char_traits@D@std@@V?$allocator@D@2@@std@@@2@V?$allocator@V?$basic_string@DU?$char_traits@D@std@@V?$allocator@D@2@@std@@@2@@std@@@0@V?$_Tree_unchecked_const_iterator@V?$_Tree_val@U?$_Tree_simple_types@V?$basic_string@DU?$char_traits@D@std@@V?$allocator@D@2@@std@@@std@@@std@@U_Iterator_base0@2@@0@000V10@AEAU?$less@X@0@@Z 0000000180004a80 f i c-api.obj
 0001:00003d60       ??$_Sort_heap_unchecked@PEAPEAV?$BoolExpr@V?$basic_string@DU?$char_traits@D@std@@V?$allocator@D@2@@std@@@boolstuff@@P6A_NPEAV12@0@Z@std@@YAXPEAPEAV?$BoolExpr@V?$basic_string@DU?$char_traits@D@std@@V?$allocator@D@2@@std@@@boolstuff@@0AEAP6A_NPEAV12@1@Z@Z 0000000180004d60 f i c-api.obj
 0001:00003e00       ??$_Sort_unchecked1@PEAPEAV?$BoolExpr@V?$basic_string@DU?$char_traits@D@std@@V?$allocator@D@2@@std@@@boolstuff@@_JP6A_NPEAV12@0@Z@std@@YAXPEAPEAV?$BoolExpr@V?$basic_string@DU?$char_traits@D@std@@V?$allocator@D@2@@std@@@boolstuff@@0_JAEAP6A_NPEAV12@2@Z@Z 0000000180004e00 f i c-api.obj
 0001:00003f20       ??$_Uninit_alloc_fill_n1@PEAI_KV?$allocator@I@std@@@std@@YAXPEAI_KPEBIAEAU?$_Wrap_alloc@V?$allocator@I@std@@@0@U?$integral_constant@_N$0A@@0@@Z 0000000180004f20 f i c-api.obj
 0001:00003f50       ??$_Uninit_alloc_fill_n1@PEA_K_KV?$allocator@_K@std@@@std@@YAXPEA_K_KPEB_KAEAU?$_Wrap_alloc@V?$allocator@_K@std@@@0@U?$integral_constant@_N$0A@@0@@Z 0000000180004f50 f i c-api.obj
 0001:00003f80       ??$_Uninitialized_move_al_unchecked1@PEAV?$Literal@V?$basic_string@DU?$char_traits@D@std@@V?$allocator@D@2@@std@@@boolstuff@@PEAV12@V?$allocator@V?$Literal@V?$basic_string@DU?$char_traits@D@std@@V?$allocator@D@2@@std@@@boolstuff@@@std@@@std@@YAPEAV?$Literal@V?$basic_string@DU?$char_traits@D@std@@V?$allocator@D@2@@std@@@boolstuff@@PEAV12@00AEAU?$_Wrap_alloc@V?$allocator@V?$Literal@V?$basic_string@DU?$char_traits@D@std@@V?$allocator@D@2@@std@@@boolstuff@@@std@@@0@U_General_ptr_iterator_tag@0@U_Any_tag@0@@Z 0000000180004f80 f i c-api.obj
 0001:00004060       ??$_Uninitialized_move_al_unchecked1@PEAV?$vector@V?$Literal@V?$basic_string@DU?$char_traits@D@std@@V?$allocator@D@2@@std@@@boolstuff@@V?$allocator@V?$Literal@V?$basic_string@DU?$char_traits@D@std@@V?$allocator@D@2@@std@@@boolstuff@@@std@@@std@@PEAV12@V?$allocator@V?$vector@V?$Literal@V?$basic_string@DU?$char_traits@D@std@@V?$allocator@D@2@@std@@@boolstuff@@V?$allocator@V?$Literal@V?$basic_string@DU?$char_traits@D@std@@V?$allocator@D@2@@std@@@boolstuff@@@std@@@std@@@2@@std@@YAPEAV?$vector@V?$Literal@V?$basic_string@DU?$char_traits@D@std@@V?$allocator@D@2@@std@@@boolstuff@@V?$allocator@V?$Literal@V?$basic_string@DU?$char_traits@D@std@@V?$allocator@D@2@@std@@@boolstuff@@@std@@@0@PEAV10@00AEAU?$_Wrap_alloc@V?$allocator@V?$vector@V?$Literal@V?$basic_string@DU?$char_traits@D@std@@V?$allocator@D@2@@std@@@boolstuff@@V?$allocator@V?$Literal@V?$basic_string@DU?$char_traits@D@std@@V?$allocator@D@2@@std@@@boolstuff@@@std@@@std@@@std@@@0@U_General_ptr_iterator_tag@0@U_Any_tag@0@@Z 0000000180005060 f i c-api.obj
 0001:000040e0       ??$__vcrt_va_start_verify_argument_type@QEBD@@YAXXZ 00000001800050e0 f i c-api.obj
 0001:000041d0       ??$getDNFTermRoots@V?$insert_iterator@V?$vector@PEAV?$BoolExpr@V?$basic_string@DU?$char_traits@D@std@@V?$allocator@D@2@@std@@@boolstuff@@V?$allocator@PEAV?$BoolExpr@V?$basic_string@DU?$char_traits@D@std@@V?$allocator@D@2@@std@@@boolstuff@@@std@@@std@@@std@@@?$BoolExpr@V?$basic_string@DU?$char_traits@D@std@@V?$allocator@D@2@@std@@@boolstuff@@QEBA?AV?$insert_iterator@V?$vector@PEAV?$BoolExpr@V?$basic_string@DU?$char_traits@D@std@@V?$allocator@D@2@@std@@@boolstuff@@V?$allocator@PEAV?$BoolExpr@V?$basic_string@DU?$char_traits@D@std@@V?$allocator@D@2@@std@@@boolstuff@@@std@@@std@@@std@@V23@@Z 00000001800051d0 f i c-api.obj
 0001:00004310       ??$getDNFTermRoots@V?$insert_iterator@V?$vector@PEBV?$BoolExpr@V?$basic_string@DU?$char_traits@D@std@@V?$allocator@D@2@@std@@@boolstuff@@V?$allocator@PEBV?$BoolExpr@V?$basic_string@DU?$char_traits@D@std@@V?$allocator@D@2@@std@@@boolstuff@@@std@@@std@@@std@@@?$BoolExpr@V?$basic_string@DU?$char_traits@D@std@@V?$allocator@D@2@@std@@@boolstuff@@QEBA?AV?$insert_iterator@V?$vector@PEBV?$BoolExpr@V?$basic_string@DU?$char_traits@D@std@@V?$allocator@D@2@@std@@@boolstuff@@V?$allocator@PEBV?$BoolExpr@V?$basic_string@DU?$char_traits@D@std@@V?$allocator@D@2@@std@@@boolstuff@@@std@@@std@@@std@@V23@@Z 0000000180005310 f i c-api.obj
 0001:00004450       ??0?$basic_stringbuf@DU?$char_traits@D@std@@V?$allocator@D@2@@std@@QEAA@H@Z 0000000180005450 f i c-api.obj
 0001:000044d0       ??1?$Literal@V?$basic_string@DU?$char_traits@D@std@@V?$allocator@D@2@@std@@@boolstuff@@QEAA@XZ 00000001800054d0 f i c-api.obj
 0001:000044e0       ??1?$basic_ostringstream@DU?$char_traits@D@std@@V?$allocator@D@2@@std@@UEAA@XZ 00000001800054e0 f i c-api.obj
 0001:00004560       ??1?$basic_stringbuf@DU?$char_traits@D@std@@V?$allocator@D@2@@std@@UEAA@XZ 0000000180005560 f i c-api.obj
 0001:00004590       ??1?$basic_stringstream@DU?$char_traits@D@std@@V?$allocator@D@2@@std@@UEAA@XZ 0000000180005590 f i c-api.obj
 0001:00004610       ??1?$set@V?$Literal@V?$basic_string@DU?$char_traits@D@std@@V?$allocator@D@2@@std@@@boolstuff@@U?$less@V?$Literal@V?$basic_string@DU?$char_traits@D@std@@V?$allocator@D@2@@std@@@boolstuff@@@std@@V?$allocator@V?$Literal@V?$basic_string@DU?$char_traits@D@std@@V?$allocator@D@2@@std@@@boolstuff@@@4@@std@@QEAA@XZ 0000000180005610 f i c-api.obj
 0001:00004650       ??1?$set@V?$basic_string@DU?$char_traits@D@std@@V?$allocator@D@2@@std@@U?$less@V?$basic_string@DU?$char_traits@D@std@@V?$allocator@D@2@@std@@@2@V?$allocator@V?$basic_string@DU?$char_traits@D@std@@V?$allocator@D@2@@std@@@2@@std@@QEAA@XZ 0000000180005650 f i c-api.obj
 0001:00004690       ??1?$vector@PEAV?$BoolExpr@V?$basic_string@DU?$char_traits@D@std@@V?$allocator@D@2@@std@@@boolstuff@@V?$allocator@PEAV?$BoolExpr@V?$basic_string@DU?$char_traits@D@std@@V?$allocator@D@2@@std@@@boolstuff@@@std@@@std@@QEAA@XZ 0000000180005690 f i c-api.obj
 0001:000046d0       ??1?$vector@PEBV?$BoolExpr@V?$basic_string@DU?$char_traits@D@std@@V?$allocator@D@2@@std@@@boolstuff@@V?$allocator@PEBV?$BoolExpr@V?$basic_string@DU?$char_traits@D@std@@V?$allocator@D@2@@std@@@boolstuff@@@std@@@std@@QEAA@XZ 00000001800056d0 f i c-api.obj
 0001:00004710       ??1?$vector@V?$Literal@V?$basic_string@DU?$char_traits@D@std@@V?$allocator@D@2@@std@@@boolstuff@@V?$allocator@V?$Literal@V?$basic_string@DU?$char_traits@D@std@@V?$allocator@D@2@@std@@@boolstuff@@@std@@@std@@QEAA@XZ 0000000180005710 f i c-api.obj
 0001:00004780       ??1?$vector@V?$vector@V?$Literal@V?$basic_string@DU?$char_traits@D@std@@V?$allocator@D@2@@std@@@boolstuff@@V?$allocator@V?$Literal@V?$basic_string@DU?$char_traits@D@std@@V?$allocator@D@2@@std@@@boolstuff@@@std@@@std@@V?$allocator@V?$vector@V?$Literal@V?$basic_string@DU?$char_traits@D@std@@V?$allocator@D@2@@std@@@boolstuff@@V?$allocator@V?$Literal@V?$basic_string@DU?$char_traits@D@std@@V?$allocator@D@2@@std@@@boolstuff@@@std@@@std@@@2@@std@@QEAA@XZ 0000000180005780 f i c-api.obj
 0001:000047f0       ??1?$vector@_KV?$allocator@_K@std@@@std@@QEAA@XZ 00000001800057f0 f i c-api.obj
 0001:00004830       ??1?$vector@_NV?$allocator@_N@std@@@std@@QEAA@XZ 0000000180005830 f i c-api.obj
 0001:00004870       ??1_Sentry_base@?$basic_ostream@DU?$char_traits@D@std@@@std@@QEAA@XZ 0000000180005870 f i c-api.obj
 0001:000048a0       ??1sentry@?$basic_ostream@DU?$char_traits@D@std@@@std@@QEAA@XZ 00000001800058a0 f i c-api.obj
 0001:000048f0       ??3@YAXPEAX0@Z             00000001800058f0 f i c-api.obj
 0001:00004900       ??4?$insert_iterator@V?$set@V?$basic_string@DU?$char_traits@D@std@@V?$allocator@D@2@@std@@U?$less@V?$basic_string@DU?$char_traits@D@std@@V?$allocator@D@2@@std@@@2@V?$allocator@V?$basic_string@DU?$char_traits@D@std@@V?$allocator@D@2@@std@@@2@@std@@@std@@QEAAAEAV01@AEBV?$basic_string@DU?$char_traits@D@std@@V?$allocator@D@2@@1@@Z 0000000180005900 f i c-api.obj
 0001:000049a0       ??_D?$basic_ostringstream@DU?$char_traits@D@std@@V?$allocator@D@2@@std@@QEAAXXZ 00000001800059a0 f i c-api.obj
 0001:000049c4       ??_E?$basic_ostringstream@DU?$char_traits@D@std@@V?$allocator@D@2@@std@@$4PPPPPPPM@A@EAAPEAXI@Z 00000001800059c4 f i c-api.obj
 0001:000049d0       ??_E?$basic_stringstream@DU?$char_traits@D@std@@V?$allocator@D@2@@std@@$4PPPPPPPM@A@EAAPEAXI@Z 00000001800059d0 f i c-api.obj
 0001:000049e0       ??_E?$basic_ostringstream@DU?$char_traits@D@std@@V?$allocator@D@2@@std@@UEAAPEAXI@Z 00000001800059e0 f i c-api.obj
 0001:000049e0       ??_G?$basic_ostringstream@DU?$char_traits@D@std@@V?$allocator@D@2@@std@@UEAAPEAXI@Z 00000001800059e0 f i c-api.obj
 0001:00004a30       ??_G?$basic_stringbuf@DU?$char_traits@D@std@@V?$allocator@D@2@@std@@UEAAPEAXI@Z 0000000180005a30 f i c-api.obj
 0001:00004a30       ??_E?$basic_stringbuf@DU?$char_traits@D@std@@V?$allocator@D@2@@std@@UEAAPEAXI@Z 0000000180005a30 f i c-api.obj
 0001:00004a80       ??_G?$basic_stringstream@DU?$char_traits@D@std@@V?$allocator@D@2@@std@@UEAAPEAXI@Z 0000000180005a80 f i c-api.obj
 0001:00004a80       ??_E?$basic_stringstream@DU?$char_traits@D@std@@V?$allocator@D@2@@std@@UEAAPEAXI@Z 0000000180005a80 f i c-api.obj
 0001:00004ad0       ?_Assign_rv@?$basic_string@DU?$char_traits@D@std@@V?$allocator@D@2@@std@@QEAAX$$QEAV12@@Z 0000000180005ad0 f i c-api.obj
 0001:00004b60       ?_Buyheadnode@?$_Tree_comp_alloc@V?$_Tset_traits@V?$Literal@V?$basic_string@DU?$char_traits@D@std@@V?$allocator@D@2@@std@@@boolstuff@@U?$less@V?$Literal@V?$basic_string@DU?$char_traits@D@std@@V?$allocator@D@2@@std@@@boolstuff@@@std@@V?$allocator@V?$Literal@V?$basic_string@DU?$char_traits@D@std@@V?$allocator@D@2@@std@@@boolstuff@@@4@$0A@@std@@@std@@QEAAPEAU?$_Tree_node@V?$Literal@V?$basic_string@DU?$char_traits@D@std@@V?$allocator@D@2@@std@@@boolstuff@@PEAX@2@XZ 0000000180005b60 f i c-api.obj
 0001:00004bc0       ?_Buyheadnode@?$_Tree_comp_alloc@V?$_Tset_traits@V?$basic_string@DU?$char_traits@D@std@@V?$allocator@D@2@@std@@U?$less@V?$basic_string@DU?$char_traits@D@std@@V?$allocator@D@2@@std@@@2@V?$allocator@V?$basic_string@DU?$char_traits@D@std@@V?$allocator@D@2@@std@@@2@$0A@@std@@@std@@QEAAPEAU?$_Tree_node@V?$basic_string@DU?$char_traits@D@std@@V?$allocator@D@2@@std@@PEAX@2@XZ 0000000180005bc0 f i c-api.obj
 0001:00004c20       ?_Buynode0@?$_Tree_comp_alloc@V?$_Tset_traits@V?$Literal@V?$basic_string@DU?$char_traits@D@std@@V?$allocator@D@2@@std@@@boolstuff@@U?$less@V?$Literal@V?$basic_string@DU?$char_traits@D@std@@V?$allocator@D@2@@std@@@boolstuff@@@std@@V?$allocator@V?$Literal@V?$basic_string@DU?$char_traits@D@std@@V?$allocator@D@2@@std@@@boolstuff@@@4@$0A@@std@@@std@@QEAAPEAU?$_Tree_node@V?$Literal@V?$basic_string@DU?$char_traits@D@std@@V?$allocator@D@2@@std@@@boolstuff@@PEAX@2@XZ 0000000180005c20 f i c-api.obj
 0001:00004c80       ?_Buynode0@?$_Tree_comp_alloc@V?$_Tset_traits@V?$basic_string@DU?$char_traits@D@std@@V?$allocator@D@2@@std@@U?$less@V?$basic_string@DU?$char_traits@D@std@@V?$allocator@D@2@@std@@@2@V?$allocator@V?$basic_string@DU?$char_traits@D@std@@V?$allocator@D@2@@std@@@2@$0A@@std@@@std@@QEAAPEAU?$_Tree_node@V?$basic_string@DU?$char_traits@D@std@@V?$allocator@D@2@@std@@PEAX@2@XZ 0000000180005c80 f i c-api.obj
 0001:00004ce0       ?_Construct_n@?$vector@IV?$allocator@_N@std@@@std@@QEAAX_KPEBI@Z 0000000180005ce0 f i c-api.obj
 0001:00004d90       ?_Construct_n@?$vector@_KV?$allocator@_K@std@@@std@@QEAAX_KPEB_K@Z 0000000180005d90 f i c-api.obj
 0001:00004e40       ?_Deallocate@std@@YAXPEAX_K1@Z 0000000180005e40 f i c-api.obj
 0001:00004eb0       ?_Erase@?$_Tree@V?$_Tset_traits@V?$Literal@V?$basic_string@DU?$char_traits@D@std@@V?$allocator@D@2@@std@@@boolstuff@@U?$less@V?$Literal@V?$basic_string@DU?$char_traits@D@std@@V?$allocator@D@2@@std@@@boolstuff@@@std@@V?$allocator@V?$Literal@V?$basic_string@DU?$char_traits@D@std@@V?$allocator@D@2@@std@@@boolstuff@@@4@$0A@@std@@@std@@IEAAXPEAU?$_Tree_node@V?$Literal@V?$basic_string@DU?$char_traits@D@std@@V?$allocator@D@2@@std@@@boolstuff@@PEAX@2@@Z 0000000180005eb0 f i c-api.obj
 0001:00004f90       ?_Erase@?$_Tree@V?$_Tset_traits@V?$basic_string@DU?$char_traits@D@std@@V?$allocator@D@2@@std@@U?$less@V?$basic_string@DU?$char_traits@D@std@@V?$allocator@D@2@@std@@@2@V?$allocator@V?$basic_string@DU?$char_traits@D@std@@V?$allocator@D@2@@std@@@2@$0A@@std@@@std@@IEAAXPEAU?$_Tree_node@V?$basic_string@DU?$char_traits@D@std@@V?$allocator@D@2@@std@@PEAX@2@@Z 0000000180005f90 f i c-api.obj
 0001:00005070       ?_Insert_x@?$vector@_NV?$allocator@_N@std@@@std@@QEAA_KV?$_Vb_const_iterator@U?$_Wrap_alloc@V?$allocator@I@std@@@std@@@2@_K@Z 0000000180006070 f i c-api.obj
 0001:00005290       ?_Lrotate@?$_Tree@V?$_Tset_traits@V?$Literal@V?$basic_string@DU?$char_traits@D@std@@V?$allocator@D@2@@std@@@boolstuff@@U?$less@V?$Literal@V?$basic_string@DU?$char_traits@D@std@@V?$allocator@D@2@@std@@@boolstuff@@@std@@V?$allocator@V?$Literal@V?$basic_string@DU?$char_traits@D@std@@V?$allocator@D@2@@std@@@boolstuff@@@4@$0A@@std@@@std@@IEAAXPEAU?$_Tree_node@V?$Literal@V?$basic_string@DU?$char_traits@D@std@@V?$allocator@D@2@@std@@@boolstuff@@PEAX@2@@Z 0000000180006290 f i c-api.obj
 0001:000052f0       ?_Lrotate@?$_Tree@V?$_Tset_traits@V?$basic_string@DU?$char_traits@D@std@@V?$allocator@D@2@@std@@U?$less@V?$basic_string@DU?$char_traits@D@std@@V?$allocator@D@2@@std@@@2@V?$allocator@V?$basic_string@DU?$char_traits@D@std@@V?$allocator@D@2@@std@@@2@$0A@@std@@@std@@IEAAXPEAU?$_Tree_node@V?$basic_string@DU?$char_traits@D@std@@V?$allocator@D@2@@std@@PEAX@2@@Z 00000001800062f0 f i c-api.obj
 0001:00005350       ?_Reallocate@?$vector@IV?$allocator@_N@std@@@std@@IEAAX_K@Z 0000000180006350 f i c-api.obj
 0001:000053e0       ?_Reallocate@?$vector@PEAV?$BoolExpr@V?$basic_string@DU?$char_traits@D@std@@V?$allocator@D@2@@std@@@boolstuff@@V?$allocator@PEAV?$BoolExpr@V?$basic_string@DU?$char_traits@D@std@@V?$allocator@D@2@@std@@@boolstuff@@@std@@@std@@IEAAX_K@Z 00000001800063e0 f i c-api.obj
 0001:00005470       ?_Reallocate@?$vector@PEBV?$BoolExpr@V?$basic_string@DU?$char_traits@D@std@@V?$allocator@D@2@@std@@@boolstuff@@V?$allocator@PEBV?$BoolExpr@V?$basic_string@DU?$char_traits@D@std@@V?$allocator@D@2@@std@@@boolstuff@@@std@@@std@@IEAAX_K@Z 0000000180006470 f i c-api.obj
 0001:00005500       ?_Reallocate@?$vector@V?$Literal@V?$basic_string@DU?$char_traits@D@std@@V?$allocator@D@2@@std@@@boolstuff@@V?$allocator@V?$Literal@V?$basic_string@DU?$char_traits@D@std@@V?$allocator@D@2@@std@@@boolstuff@@@std@@@std@@IEAAX_K@Z 0000000180006500 f i c-api.obj
 0001:000055f0       ?_Reallocate@?$vector@V?$vector@V?$Literal@V?$basic_string@DU?$char_traits@D@std@@V?$allocator@D@2@@std@@@boolstuff@@V?$allocator@V?$Literal@V?$basic_string@DU?$char_traits@D@std@@V?$allocator@D@2@@std@@@boolstuff@@@std@@@std@@V?$allocator@V?$vector@V?$Literal@V?$basic_string@DU?$char_traits@D@std@@V?$allocator@D@2@@std@@@boolstuff@@V?$allocator@V?$Literal@V?$basic_string@DU?$char_traits@D@std@@V?$allocator@D@2@@std@@@boolstuff@@@std@@@std@@@2@@std@@IEAAX_K@Z 00000001800065f0 f i c-api.obj
 0001:000056e0       ?_Reserve@?$vector@IV?$allocator@_N@std@@@std@@IEAAX_K@Z 00000001800066e0 f i c-api.obj
 0001:00005770       ?_Reserve@?$vector@PEAV?$BoolExpr@V?$basic_string@DU?$char_traits@D@std@@V?$allocator@D@2@@std@@@boolstuff@@V?$allocator@PEAV?$BoolExpr@V?$basic_string@DU?$char_traits@D@std@@V?$allocator@D@2@@std@@@boolstuff@@@std@@@std@@IEAAX_K@Z 0000000180006770 f i c-api.obj
 0001:00005800       ?_Reserve@?$vector@PEBV?$BoolExpr@V?$basic_string@DU?$char_traits@D@std@@V?$allocator@D@2@@std@@@boolstuff@@V?$allocator@PEBV?$BoolExpr@V?$basic_string@DU?$char_traits@D@std@@V?$allocator@D@2@@std@@@boolstuff@@@std@@@std@@IEAAX_K@Z 0000000180006800 f i c-api.obj
 0001:00005890       ?_Reserve@?$vector@V?$Literal@V?$basic_string@DU?$char_traits@D@std@@V?$allocator@D@2@@std@@@boolstuff@@V?$allocator@V?$Literal@V?$basic_string@DU?$char_traits@D@std@@V?$allocator@D@2@@std@@@boolstuff@@@std@@@std@@IEAAX_K@Z 0000000180006890 f i c-api.obj
 0001:00005960       ?_Reserve@?$vector@V?$vector@V?$Literal@V?$basic_string@DU?$char_traits@D@std@@V?$allocator@D@2@@std@@@boolstuff@@V?$allocator@V?$Literal@V?$basic_string@DU?$char_traits@D@std@@V?$allocator@D@2@@std@@@boolstuff@@@std@@@std@@V?$allocator@V?$vector@V?$Literal@V?$basic_string@DU?$char_traits@D@std@@V?$allocator@D@2@@std@@@boolstuff@@V?$allocator@V?$Literal@V?$basic_string@DU?$char_traits@D@std@@V?$allocator@D@2@@std@@@boolstuff@@@std@@@std@@@2@@std@@IEAAX_K@Z 0000000180006960 f i c-api.obj
 0001:00005a30       ?_Rrotate@?$_Tree@V?$_Tset_traits@V?$Literal@V?$basic_string@DU?$char_traits@D@std@@V?$allocator@D@2@@std@@@boolstuff@@U?$less@V?$Literal@V?$basic_string@DU?$char_traits@D@std@@V?$allocator@D@2@@std@@@boolstuff@@@std@@V?$allocator@V?$Literal@V?$basic_string@DU?$char_traits@D@std@@V?$allocator@D@2@@std@@@boolstuff@@@4@$0A@@std@@@std@@IEAAXPEAU?$_Tree_node@V?$Literal@V?$basic_string@DU?$char_traits@D@std@@V?$allocator@D@2@@std@@@boolstuff@@PEAX@2@@Z 0000000180006a30 f i c-api.obj
 0001:00005a90       ?_Rrotate@?$_Tree@V?$_Tset_traits@V?$basic_string@DU?$char_traits@D@std@@V?$allocator@D@2@@std@@U?$less@V?$basic_string@DU?$char_traits@D@std@@V?$allocator@D@2@@std@@@2@V?$allocator@V?$basic_string@DU?$char_traits@D@std@@V?$allocator@D@2@@std@@@2@$0A@@std@@@std@@IEAAXPEAU?$_Tree_node@V?$basic_string@DU?$char_traits@D@std@@V?$allocator@D@2@@std@@PEAX@2@@Z 0000000180006a90 f i c-api.obj
 0001:00005af0       ?_Tidy@?$basic_string@DU?$char_traits@D@std@@V?$allocator@D@2@@std@@QEAAX_N_K@Z 0000000180006af0 f i c-api.obj
 0001:00005ba0       ?_Tidy@?$basic_stringbuf@DU?$char_traits@D@std@@V?$allocator@D@2@@std@@IEAAXXZ 0000000180006ba0 f i c-api.obj
 0001:00005c70       ?_Tidy@?$vector@IV?$allocator@_N@std@@@std@@IEAAXXZ 0000000180006c70 f i c-api.obj
 0001:00005cb0       ?allocate@?$allocator@D@std@@QEAAPEAD_K@Z 0000000180006cb0 f i c-api.obj
 0001:00005d20       ?allocate@?$allocator@I@std@@QEAAPEAI_K@Z 0000000180006d20 f i c-api.obj
 0001:00005da0       ?allocate@?$allocator@PEAV?$BoolExpr@V?$basic_string@DU?$char_traits@D@std@@V?$allocator@D@2@@std@@@boolstuff@@@std@@QEAAPEAPEAV?$BoolExpr@V?$basic_string@DU?$char_traits@D@std@@V?$allocator@D@2@@std@@@boolstuff@@_K@Z 0000000180006da0 f i c-api.obj
 0001:00005e20       ?allocate@?$allocator@PEBV?$BoolExpr@V?$basic_string@DU?$char_traits@D@std@@V?$allocator@D@2@@std@@@boolstuff@@@std@@QEAAPEAPEBV?$BoolExpr@V?$basic_string@DU?$char_traits@D@std@@V?$allocator@D@2@@std@@@boolstuff@@_K@Z 0000000180006e20 f i c-api.obj
 0001:00005ea0       ?allocate@?$allocator@V?$Literal@V?$basic_string@DU?$char_traits@D@std@@V?$allocator@D@2@@std@@@boolstuff@@@std@@QEAAPEAV?$Literal@V?$basic_string@DU?$char_traits@D@std@@V?$allocator@D@2@@std@@@boolstuff@@_K@Z 0000000180006ea0 f i c-api.obj
 0001:00005f20       ?allocate@?$allocator@V?$vector@V?$Literal@V?$basic_string@DU?$char_traits@D@std@@V?$allocator@D@2@@std@@@boolstuff@@V?$allocator@V?$Literal@V?$basic_string@DU?$char_traits@D@std@@V?$allocator@D@2@@std@@@boolstuff@@@std@@@std@@@std@@QEAAPEAV?$vector@V?$Literal@V?$basic_string@DU?$char_traits@D@std@@V?$allocator@D@2@@std@@@boolstuff@@V?$allocator@V?$Literal@V?$basic_string@DU?$char_traits@D@std@@V?$allocator@D@2@@std@@@boolstuff@@@std@@@2@_K@Z 0000000180006f20 f i c-api.obj
 0001:00005fa0       ?allocate@?$allocator@_K@std@@QEAAPEA_K_K@Z 0000000180006fa0 f i c-api.obj
 0001:00006020       ?assign@?$basic_string@DU?$char_traits@D@std@@V?$allocator@D@2@@std@@QEAAAEAV12@PEBD_K@Z 0000000180007020 f i c-api.obj
 0001:00006150       ?cloneTree@?$BoolExpr@V?$basic_string@DU?$char_traits@D@std@@V?$allocator@D@2@@std@@@boolstuff@@SAPEAV12@PEBV12@@Z 0000000180007150 f i c-api.obj
 0001:00006220       ?deallocate@?$allocator@D@std@@QEAAXPEAD_K@Z 0000000180007220 f i c-api.obj
 0001:00006280       ?deallocate@?$allocator@I@std@@QEAAXPEAI_K@Z 0000000180007280 f i c-api.obj
 0001:00006300       ?deallocate@?$allocator@PEAV?$BoolExpr@V?$basic_string@DU?$char_traits@D@std@@V?$allocator@D@2@@std@@@boolstuff@@@std@@QEAAXPEAPEAV?$BoolExpr@V?$basic_string@DU?$char_traits@D@std@@V?$allocator@D@2@@std@@@boolstuff@@_K@Z 0000000180007300 f i c-api.obj
 0001:00006380       ?deallocate@?$allocator@PEBV?$BoolExpr@V?$basic_string@DU?$char_traits@D@std@@V?$allocator@D@2@@std@@@boolstuff@@@std@@QEAAXPEAPEBV?$BoolExpr@V?$basic_string@DU?$char_traits@D@std@@V?$allocator@D@2@@std@@@boolstuff@@_K@Z 0000000180007380 f i c-api.obj
 0001:00006400       ?deallocate@?$allocator@U?$_Tree_node@V?$Literal@V?$basic_string@DU?$char_traits@D@std@@V?$allocator@D@2@@std@@@boolstuff@@PEAX@std@@@std@@QEAAXPEAU?$_Tree_node@V?$Literal@V?$basic_string@DU?$char_traits@D@std@@V?$allocator@D@2@@std@@@boolstuff@@PEAX@2@_K@Z 0000000180007400 f i c-api.obj
 0001:00006480       ?deallocate@?$allocator@V?$Literal@V?$basic_string@DU?$char_traits@D@std@@V?$allocator@D@2@@std@@@boolstuff@@@std@@QEAAXPEAV?$Literal@V?$basic_string@DU?$char_traits@D@std@@V?$allocator@D@2@@std@@@boolstuff@@_K@Z 0000000180007480 f i c-api.obj
 0001:00006500       ?deallocate@?$allocator@V?$vector@V?$Literal@V?$basic_string@DU?$char_traits@D@std@@V?$allocator@D@2@@std@@@boolstuff@@V?$allocator@V?$Literal@V?$basic_string@DU?$char_traits@D@std@@V?$allocator@D@2@@std@@@boolstuff@@@std@@@std@@@std@@QEAAXPEAV?$vector@V?$Literal@V?$basic_string@DU?$char_traits@D@std@@V?$allocator@D@2@@std@@@boolstuff@@V?$allocator@V?$Literal@V?$basic_string@DU?$char_traits@D@std@@V?$allocator@D@2@@std@@@boolstuff@@@std@@@2@_K@Z 0000000180007500 f i c-api.obj
 0001:00006580       ?deallocate@?$allocator@_K@std@@QEAAXPEA_K_K@Z 0000000180007580 f i c-api.obj
 0001:00006600       ?destroyDNFOrNodes@?$BoolExpr@V?$basic_string@DU?$char_traits@D@std@@V?$allocator@D@2@@std@@@boolstuff@@CAXPEAV12@@Z 0000000180007600 f i c-api.obj
 0001:00006690       ?erase@?$_Tree@V?$_Tset_traits@V?$Literal@V?$basic_string@DU?$char_traits@D@std@@V?$allocator@D@2@@std@@@boolstuff@@U?$less@V?$Literal@V?$basic_string@DU?$char_traits@D@std@@V?$allocator@D@2@@std@@@boolstuff@@@std@@V?$allocator@V?$Literal@V?$basic_string@DU?$char_traits@D@std@@V?$allocator@D@2@@std@@@boolstuff@@@4@$0A@@std@@@std@@QEAA?AV?$_Tree_const_iterator@V?$_Tree_val@U?$_Tree_simple_types@V?$Literal@V?$basic_string@DU?$char_traits@D@std@@V?$allocator@D@2@@std@@@boolstuff@@@std@@@std@@@2@V32@0@Z 0000000180007690 f i c-api.obj
 0001:00006780       ?erase@?$_Tree@V?$_Tset_traits@V?$Literal@V?$basic_string@DU?$char_traits@D@std@@V?$allocator@D@2@@std@@@boolstuff@@U?$less@V?$Literal@V?$basic_string@DU?$char_traits@D@std@@V?$allocator@D@2@@std@@@boolstuff@@@std@@V?$allocator@V?$Literal@V?$basic_string@DU?$char_traits@D@std@@V?$allocator@D@2@@std@@@boolstuff@@@4@$0A@@std@@@std@@QEAA?AV?$_Tree_const_iterator@V?$_Tree_val@U?$_Tree_simple_types@V?$Literal@V?$basic_string@DU?$char_traits@D@std@@V?$allocator@D@2@@std@@@boolstuff@@@std@@@std@@@2@V32@@Z 0000000180007780 f i c-api.obj
 0001:00006bd0       ?erase@?$_Tree@V?$_Tset_traits@V?$basic_string@DU?$char_traits@D@std@@V?$allocator@D@2@@std@@U?$less@V?$basic_string@DU?$char_traits@D@std@@V?$allocator@D@2@@std@@@2@V?$allocator@V?$basic_string@DU?$char_traits@D@std@@V?$allocator@D@2@@std@@@2@$0A@@std@@@std@@QEAA?AV?$_Tree_const_iterator@V?$_Tree_val@U?$_Tree_simple_types@V?$basic_string@DU?$char_traits@D@std@@V?$allocator@D@2@@std@@@std@@@std@@@2@V32@0@Z 0000000180007bd0 f i c-api.obj
 0001:00006cc0       ?erase@?$_Tree@V?$_Tset_traits@V?$basic_string@DU?$char_traits@D@std@@V?$allocator@D@2@@std@@U?$less@V?$basic_string@DU?$char_traits@D@std@@V?$allocator@D@2@@std@@@2@V?$allocator@V?$basic_string@DU?$char_traits@D@std@@V?$allocator@D@2@@std@@@2@$0A@@std@@@std@@QEAA?AV?$_Tree_const_iterator@V?$_Tree_val@U?$_Tree_simple_types@V?$basic_string@DU?$char_traits@D@std@@V?$allocator@D@2@@std@@@std@@@std@@@2@V32@@Z 0000000180007cc0 f i c-api.obj
 0001:00007110       ?getDisjunctiveNormalForm@?$BoolExpr@V?$basic_string@DU?$char_traits@D@std@@V?$allocator@D@2@@std@@@boolstuff@@SAPEAV12@PEAV12@@Z 0000000180008110 f i c-api.obj
 0001:00007660       ?getRawDNF@?$BoolExpr@V?$basic_string@DU?$char_traits@D@std@@V?$allocator@D@2@@std@@@boolstuff@@SAPEAV12@PEAV12@@Z 0000000180008660 f i c-api.obj
 0001:00007c90       ?getTreeVariables@?$BoolExpr@V?$basic_string@DU?$char_traits@D@std@@V?$allocator@D@2@@std@@@boolstuff@@QEBAXAEAV?$set@V?$basic_string@DU?$char_traits@D@std@@V?$allocator@D@2@@std@@U?$less@V?$basic_string@DU?$char_traits@D@std@@V?$allocator@D@2@@std@@@2@V?$allocator@V?$basic_string@DU?$char_traits@D@std@@V?$allocator@D@2@@std@@@2@@std@@0@Z 0000000180008c90 f i c-api.obj
 0001:00007d10       ?isDNFTermUseful@?$BoolExpr@V?$basic_string@DU?$char_traits@D@std@@V?$allocator@D@2@@std@@@boolstuff@@AEBA_NAEBV?$set@V?$basic_string@DU?$char_traits@D@std@@V?$allocator@D@2@@std@@U?$less@V?$basic_string@DU?$char_traits@D@std@@V?$allocator@D@2@@std@@@2@V?$allocator@V?$basic_string@DU?$char_traits@D@std@@V?$allocator@D@2@@std@@@2@@std@@0@Z 0000000180008d10 f i c-api.obj
 0001:00007e10       ?isDNFTermUseful@?$BoolExpr@V?$basic_string@DU?$char_traits@D@std@@V?$allocator@D@2@@std@@@boolstuff@@QEBA_NXZ 0000000180008e10 f i c-api.obj
 0001:00007f70       ?isDisjunctiveNormalForm@?$BoolExpr@V?$basic_string@DU?$char_traits@D@std@@V?$allocator@D@2@@std@@@boolstuff@@QEBA_NXZ 0000000180008f70 f i c-api.obj
 0001:00008060       ?joinTreesWithOrNodes@?$BoolExpr@V?$basic_string@DU?$char_traits@D@std@@V?$allocator@D@2@@std@@@boolstuff@@CAPEAV12@AEBV?$vector@PEAV?$BoolExpr@V?$basic_string@DU?$char_traits@D@std@@V?$allocator@D@2@@std@@@boolstuff@@V?$allocator@PEAV?$BoolExpr@V?$basic_string@DU?$char_traits@D@std@@V?$allocator@D@2@@std@@@boolstuff@@@std@@@std@@@Z 0000000180009060 f i c-api.obj
 0001:00008170       ?negateDNF@?$BoolExpr@V?$basic_string@DU?$char_traits@D@std@@V?$allocator@D@2@@std@@@boolstuff@@CAPEAV12@PEAV12@@Z 0000000180009170 f i c-api.obj
 0001:00008aa0       ?overflow@?$basic_stringbuf@DU?$char_traits@D@std@@V?$allocator@D@2@@std@@MEAAHH@Z 0000000180009aa0 f i c-api.obj
 0001:00008d10       ?pbackfail@?$basic_stringbuf@DU?$char_traits@D@std@@V?$allocator@D@2@@std@@MEAAHH@Z 0000000180009d10 f i c-api.obj
 0001:00008d60       ?print@?$BoolExpr@V?$basic_string@DU?$char_traits@D@std@@V?$allocator@D@2@@std@@@boolstuff@@QEBA?AV?$basic_string@DU?$char_traits@D@std@@V?$allocator@D@2@@std@@XZ 0000000180009d60 f i c-api.obj
 0001:00008e40       ?print@?$BoolExpr@V?$basic_string@DU?$char_traits@D@std@@V?$allocator@D@2@@std@@@boolstuff@@QEBAXAEAV?$basic_ostream@DU?$char_traits@D@std@@@std@@@Z 0000000180009e40 f i c-api.obj
 0001:00008fa0       ?push_back@?$vector@V?$Literal@V?$basic_string@DU?$char_traits@D@std@@V?$allocator@D@2@@std@@@boolstuff@@V?$allocator@V?$Literal@V?$basic_string@DU?$char_traits@D@std@@V?$allocator@D@2@@std@@@boolstuff@@@std@@@std@@QEAAX$$QEAV?$Literal@V?$basic_string@DU?$char_traits@D@std@@V?$allocator@D@2@@std@@@boolstuff@@@Z 0000000180009fa0 f i c-api.obj
 0001:00009090       ?push_back@?$vector@V?$vector@V?$Literal@V?$basic_string@DU?$char_traits@D@std@@V?$allocator@D@2@@std@@@boolstuff@@V?$allocator@V?$Literal@V?$basic_string@DU?$char_traits@D@std@@V?$allocator@D@2@@std@@@boolstuff@@@std@@@std@@V?$allocator@V?$vector@V?$Literal@V?$basic_string@DU?$char_traits@D@std@@V?$allocator@D@2@@std@@@boolstuff@@V?$allocator@V?$Literal@V?$basic_string@DU?$char_traits@D@std@@V?$allocator@D@2@@std@@@boolstuff@@@std@@@std@@@2@@std@@QEAAX$$QEAV?$vector@V?$Literal@V?$basic_string@DU?$char_traits@D@std@@V?$allocator@D@2@@std@@@boolstuff@@V?$allocator@V?$Literal@V?$basic_string@DU?$char_traits@D@std@@V?$allocator@D@2@@std@@@boolstuff@@@std@@@2@@Z 000000018000a090 f i c-api.obj
 0001:000091a0       ?resize@?$vector@IV?$allocator@_N@std@@@std@@QEAAX_KAEBI@Z 000000018000a1a0 f i c-api.obj
 0001:00009280       ?seekoff@?$basic_stringbuf@DU?$char_traits@D@std@@V?$allocator@D@2@@std@@MEAA?AV?$fpos@U_Mbstatet@@@2@_JHH@Z 000000018000a280 f i c-api.obj
 0001:00009420       ?seekpos@?$basic_stringbuf@DU?$char_traits@D@std@@V?$allocator@D@2@@std@@MEAA?AV?$fpos@U_Mbstatet@@@2@V32@H@Z 000000018000a420 f i c-api.obj
 0001:00009530       ?simplifyXAndXTerms@?$BoolExpr@V?$basic_string@DU?$char_traits@D@std@@V?$allocator@D@2@@std@@@boolstuff@@CAXAEAV?$vector@PEAV?$BoolExpr@V?$basic_string@DU?$char_traits@D@std@@V?$allocator@D@2@@std@@@boolstuff@@V?$allocator@PEAV?$BoolExpr@V?$basic_string@DU?$char_traits@D@std@@V?$allocator@D@2@@std@@@boolstuff@@@std@@@std@@@Z 000000018000a530 f i c-api.obj
 0001:000095e0       ?str@?$basic_ostringstream@DU?$char_traits@D@std@@V?$allocator@D@2@@std@@QEBA?AV?$basic_string@DU?$char_traits@D@std@@V?$allocator@D@2@@2@XZ 000000018000a5e0 f i c-api.obj
 0001:00009610       ?str@?$basic_stringbuf@DU?$char_traits@D@std@@V?$allocator@D@2@@std@@QEBA?AV?$basic_string@DU?$char_traits@D@std@@V?$allocator@D@2@@2@XZ 000000018000a610 f i c-api.obj
 0001:00009850       ?str@?$basic_stringstream@DU?$char_traits@D@std@@V?$allocator@D@2@@std@@QEBA?AV?$basic_string@DU?$char_traits@D@std@@V?$allocator@D@2@@2@XZ 000000018000a850 f i c-api.obj
 0001:00009880       ?underflow@?$basic_stringbuf@DU?$char_traits@D@std@@V?$allocator@D@2@@std@@MEAAHXZ 000000018000a880 f i c-api.obj
 0001:000098e0       __local_stdio_printf_options 000000018000a8e0 f i c-api.obj
 0001:000098f0       fprintf                    000000018000a8f0 f i c-api.obj
 0001:00009940       ??0char_ptr@det@boolexpr@xw@@QEAA@_K@Z 000000018000a940 f   cpp2cli-api.obj
 0001:00009980       ??1char_ptr@det@boolexpr@xw@@QEAA@XZ 000000018000a980 f   cpp2cli-api.obj
 0001:000099a0       ?save@char_ptr@det@boolexpr@xw@@QEAAXPEBD@Z 000000018000a9a0 f   cpp2cli-api.obj
 0001:00009a20       ?c_str@char_ptr@det@boolexpr@xw@@QEBAPEBDXZ 000000018000aa20 f   cpp2cli-api.obj
 0001:00009a30       ?ToDNF@Expression@boolexpr@xw@@QEAAPEBDPEBD@Z 000000018000aa30 f   cpp2cli-api.obj
 0001:00009e10       ??0Expression@boolexpr@xw@@QEAA@XZ 000000018000ae10 f i cpp2cli-api.obj
 0001:00009e40       ??0exception@std@@QEAA@AEBV01@@Z 000000018000ae40 f i cpp2cli-api.obj
 0001:00009e80       ??1?$unique_ptr@V?$BoolExpr@V?$basic_string@DU?$char_traits@D@std@@V?$allocator@D@2@@std@@@boolstuff@@U?$default_delete@V?$BoolExpr@V?$basic_string@DU?$char_traits@D@std@@V?$allocator@D@2@@std@@@boolstuff@@@std@@@std@@QEAA@XZ 000000018000ae80 f i cpp2cli-api.obj
 0001:00009ee0       ??1Expression@boolexpr@xw@@QEAA@XZ 000000018000aee0 f i cpp2cli-api.obj
 0001:00009ef0       ??1exception@std@@UEAA@XZ  000000018000aef0 f i cpp2cli-api.obj
 0001:00009f10       ??4Expression@boolexpr@xw@@QEAAAEAV012@$$QEAV012@@Z 000000018000af10 f i cpp2cli-api.obj
 0001:00009f20       ??4Expression@boolexpr@xw@@QEAAAEAV012@AEBV012@@Z 000000018000af20 f i cpp2cli-api.obj
 0001:00009f30       ??4char_ptr@det@boolexpr@xw@@QEAAAEAV0123@AEBV0123@@Z 000000018000af30 f i cpp2cli-api.obj
 0001:00009f40       ??_Fchar_ptr@det@boolexpr@xw@@QEAAXXZ 000000018000af40 f i cpp2cli-api.obj
 0001:00009f70       ??_Gexception@std@@UEAAPEAXI@Z 000000018000af70 f i cpp2cli-api.obj
 0001:00009f70       ??_Eexception@std@@UEAAPEAXI@Z 000000018000af70 f i cpp2cli-api.obj
 0001:00009fc0       ?what@exception@std@@UEBAPEBDXZ 000000018000afc0 f i cpp2cli-api.obj
 0001:00009fd4       ?_Xbad_alloc@std@@YAXXZ    000000018000afd4 f   msvcprt:MSVCP140.dll
 0001:00009fda       ?_Xlength_error@std@@YAXPEBD@Z 000000018000afda f   msvcprt:MSVCP140.dll
 0001:00009fe0       ?_Xout_of_range@std@@YAXPEBD@Z 000000018000afe0 f   msvcprt:MSVCP140.dll
 0001:00009fe6       ?uncaught_exception@std@@YA_NXZ 000000018000afe6 f   msvcprt:MSVCP140.dll
 0001:00009fec       ??0?$basic_streambuf@DU?$char_traits@D@std@@@std@@IEAA@XZ 000000018000afec f   msvcprt:MSVCP140.dll
 0001:00009ff2       ??1?$basic_streambuf@DU?$char_traits@D@std@@@std@@UEAA@XZ 000000018000aff2 f   msvcprt:MSVCP140.dll
 0001:00009ff8       ?sputc@?$basic_streambuf@DU?$char_traits@D@std@@@std@@QEAAHD@Z 000000018000aff8 f   msvcprt:MSVCP140.dll
 0001:00009ffe       ?sputn@?$basic_streambuf@DU?$char_traits@D@std@@@std@@QEAA_JPEBD_J@Z 000000018000affe f   msvcprt:MSVCP140.dll
 0001:0000a004       ??1?$basic_ios@DU?$char_traits@D@std@@@std@@UEAA@XZ 000000018000b004 f   msvcprt:MSVCP140.dll
 0001:0000a00a       ?setstate@?$basic_ios@DU?$char_traits@D@std@@@std@@QEAAXH_N@Z 000000018000b00a f   msvcprt:MSVCP140.dll
 0001:0000a010       ??0?$basic_ios@DU?$char_traits@D@std@@@std@@IEAA@XZ 000000018000b010 f   msvcprt:MSVCP140.dll
 0001:0000a016       ??0?$basic_ostream@DU?$char_traits@D@std@@@std@@QEAA@PEAV?$basic_streambuf@DU?$char_traits@D@std@@@1@_N@Z 000000018000b016 f   msvcprt:MSVCP140.dll
 0001:0000a01c       ??1?$basic_ostream@DU?$char_traits@D@std@@@std@@UEAA@XZ 000000018000b01c f   msvcprt:MSVCP140.dll
 0001:0000a022       ?_Osfx@?$basic_ostream@DU?$char_traits@D@std@@@std@@QEAAXXZ 000000018000b022 f   msvcprt:MSVCP140.dll
 0001:0000a028       ?flush@?$basic_ostream@DU?$char_traits@D@std@@@std@@QEAAAEAV12@XZ 000000018000b028 f   msvcprt:MSVCP140.dll
 0001:0000a02e       ??0?$basic_iostream@DU?$char_traits@D@std@@@std@@QEAA@PEAV?$basic_streambuf@DU?$char_traits@D@std@@@1@@Z 000000018000b02e f   msvcprt:MSVCP140.dll
 0001:0000a034       ??1?$basic_iostream@DU?$char_traits@D@std@@@std@@UEAA@XZ 000000018000b034 f   msvcprt:MSVCP140.dll
 0001:0000a03a       ?_Lock@?$basic_streambuf@DU?$char_traits@D@std@@@std@@UEAAXXZ 000000018000b03a f   msvcprt:MSVCP140.dll
 0001:0000a040       ?_Unlock@?$basic_streambuf@DU?$char_traits@D@std@@@std@@UEAAXXZ 000000018000b040 f   msvcprt:MSVCP140.dll
 0001:0000a046       ?imbue@?$basic_streambuf@DU?$char_traits@D@std@@@std@@MEAAXAEBVlocale@2@@Z 000000018000b046 f   msvcprt:MSVCP140.dll
 0001:0000a04c       ?setbuf@?$basic_streambuf@DU?$char_traits@D@std@@@std@@MEAAPEAV12@PEAD_J@Z 000000018000b04c f   msvcprt:MSVCP140.dll
 0001:0000a052       ?showmanyc@?$basic_streambuf@DU?$char_traits@D@std@@@std@@MEAA_JXZ 000000018000b052 f   msvcprt:MSVCP140.dll
 0001:0000a058       ?sync@?$basic_streambuf@DU?$char_traits@D@std@@@std@@MEAAHXZ 000000018000b058 f   msvcprt:MSVCP140.dll
 0001:0000a05e       ?uflow@?$basic_streambuf@DU?$char_traits@D@std@@@std@@MEAAHXZ 000000018000b05e f   msvcprt:MSVCP140.dll
 0001:0000a064       ?xsgetn@?$basic_streambuf@DU?$char_traits@D@std@@@std@@MEAA_JPEAD_J@Z 000000018000b064 f   msvcprt:MSVCP140.dll
 0001:0000a06a       ?xsputn@?$basic_streambuf@DU?$char_traits@D@std@@@std@@MEAA_JPEBD_J@Z 000000018000b06a f   msvcprt:MSVCP140.dll
 0001:0000a070       ??2@YAPEAX_K@Z             000000018000b070 f   MSVCRT:new_scalar.obj
 0001:0000a0ac       ??3@YAXPEAX@Z              000000018000b0ac f   MSVCRT:delete_scalar.obj
 0001:0000a0b4       ??3@YAXPEAX_K@Z            000000018000b0b4 f   MSVCRT:delete_scalar_size.obj
 0001:0000a0bc       ??1type_info@@UEAA@XZ      000000018000b0bc f   MSVCRT:std_type_info_static.obj
 0001:0000a0c8       ??_Etype_info@@UEAAPEAXI@Z 000000018000b0c8 f i MSVCRT:std_type_info_static.obj
 0001:0000a0c8       ??_Gtype_info@@UEAAPEAXI@Z 000000018000b0c8 f i MSVCRT:std_type_info_static.obj
 0001:0000a0f4       ??_U@YAPEAX_K@Z            000000018000b0f4 f   MSVCRT:new_array.obj
 0001:0000a0fc       ??_V@YAXPEAX@Z             000000018000b0fc f   MSVCRT:delete_array.obj
 0001:0000a104       ??$__crt_fast_decode_pointer@PEAP6AXXZ@@YAPEAP6AXXZQEAP6AXXZ@Z 000000018000b104 f i MSVCRT:utility.obj
 0001:0000a11c       ??$__crt_fast_encode_pointer@PEAP6AXXZ@@YAPEAP6AXXZQEAP6AXXZ@Z 000000018000b11c f i MSVCRT:utility.obj
 0001:0000a13c       ?__crt_rotate_pointer_value@@YA_K_KH@Z 000000018000b13c f i MSVCRT:utility.obj
 0001:0000a148       ?configure_argv@__scrt_narrow_argv_policy@@SAHXZ 000000018000b148 f i MSVCRT:utility.obj
 0001:0000a1d8       NtCurrentTeb               000000018000b1d8 f i MSVCRT:utility.obj
 0001:0000a1e4       __scrt_acquire_startup_lock 000000018000b1e4 f   MSVCRT:utility.obj
 0001:0000a220       __scrt_dllmain_after_initialize_c 000000018000b220 f   MSVCRT:utility.obj
 0001:0000a254       __scrt_dllmain_before_initialize_c 000000018000b254 f   MSVCRT:utility.obj
 0001:0000a26c       __scrt_dllmain_crt_thread_attach 000000018000b26c f   MSVCRT:utility.obj
 0001:0000a294       __scrt_dllmain_crt_thread_detach 000000018000b294 f   MSVCRT:utility.obj
 0001:0000a2ac       __scrt_dllmain_exception_filter 000000018000b2ac f   MSVCRT:utility.obj
 0001:0000a310       __scrt_dllmain_uninitialize_c 000000018000b310 f   MSVCRT:utility.obj
 0001:0000a340       __scrt_dllmain_uninitialize_critical 000000018000b340 f   MSVCRT:utility.obj
 0001:0000a354       __scrt_initialize_crt      000000018000b354 f   MSVCRT:utility.obj
 0001:0000a3a0       __scrt_initialize_onexit_tables 000000018000b3a0 f   MSVCRT:utility.obj
 0001:0000a46c       __scrt_is_nonwritable_in_current_image 000000018000b46c f   MSVCRT:utility.obj
 0001:0000a508       __scrt_release_startup_lock 000000018000b508 f   MSVCRT:utility.obj
 0001:0000a52c       __scrt_uninitialize_crt    000000018000b52c f   MSVCRT:utility.obj
 0001:0000a558       _onexit                    000000018000b558 f   MSVCRT:utility.obj
 0001:0000a5a8       at_quick_exit              000000018000b5a8 f   MSVCRT:utility.obj
 0001:0000a5e0       atexit                     000000018000b5e0 f   MSVCRT:utility.obj
 0001:0000a718       ??$__crt_fast_decode_pointer@P6AHPEAU_RTL_CONDITION_VARIABLE@@PEAU_RTL_CRITICAL_SECTION@@K@Z@@YAP6AHPEAU_RTL_CONDITION_VARIABLE@@PEAU_RTL_CRITICAL_SECTION@@K@ZQ6AH01K@Z@Z 000000018000b718 f i MSVCRT:thread_safe_statics.obj
 0001:0000a730       ??$__crt_fast_decode_pointer@P6AXPEAU_RTL_CONDITION_VARIABLE@@@Z@@YAP6AXPEAU_RTL_CONDITION_VARIABLE@@@ZQ6AX0@Z@Z 000000018000b730 f i MSVCRT:thread_safe_statics.obj
 0001:0000a748       ??$__crt_fast_encode_pointer@P6AHPEAU_RTL_CONDITION_VARIABLE@@PEAU_RTL_CRITICAL_SECTION@@K@Z@@YAP6AHPEAU_RTL_CONDITION_VARIABLE@@PEAU_RTL_CRITICAL_SECTION@@K@ZQ6AH01K@Z@Z 000000018000b748 f i MSVCRT:thread_safe_statics.obj
 0001:0000a768       ??$__crt_fast_encode_pointer@P6AXPEAU_RTL_CONDITION_VARIABLE@@@Z@@YAP6AXPEAU_RTL_CONDITION_VARIABLE@@@ZQ6AX0@Z@Z 000000018000b768 f i MSVCRT:thread_safe_statics.obj
 0001:0000a7b0       _Init_thread_abort         000000018000b7b0 f   MSVCRT:thread_safe_statics.obj
 0001:0000a7e0       _Init_thread_footer        000000018000b7e0 f   MSVCRT:thread_safe_statics.obj
 0001:0000a840       _Init_thread_header        000000018000b840 f   MSVCRT:thread_safe_statics.obj
 0001:0000a8a8       _Init_thread_lock          000000018000b8a8 f   MSVCRT:thread_safe_statics.obj
 0001:0000a8b8       _Init_thread_notify        000000018000b8b8 f   MSVCRT:thread_safe_statics.obj
 0001:0000a914       _Init_thread_unlock        000000018000b914 f   MSVCRT:thread_safe_statics.obj
 0001:0000a924       _Init_thread_wait          000000018000b924 f   MSVCRT:thread_safe_statics.obj
 0001:0000ad08       _CRT_INIT                  000000018000bd08 f   MSVCRT:dll_dllmain.obj
 0001:0000ad10       _DllMainCRTStartup         000000018000bd10 f   MSVCRT:dll_dllmain.obj
 0001:0000ad50       ??0bad_alloc@std@@AEAA@QEBD@Z 000000018000bd50 f i MSVCRT:throw_bad_alloc.obj
 0001:0000ad68       ??0bad_alloc@std@@QEAA@AEBV01@@Z 000000018000bd68 f i MSVCRT:throw_bad_alloc.obj
 0001:0000ada8       ??0bad_alloc@std@@QEAA@XZ  000000018000bda8 f i MSVCRT:throw_bad_alloc.obj
 0001:0000adc8       ??0bad_array_new_length@std@@QEAA@AEBV01@@Z 000000018000bdc8 f i MSVCRT:throw_bad_alloc.obj
 0001:0000ae08       ??0bad_array_new_length@std@@QEAA@XZ 000000018000be08 f i MSVCRT:throw_bad_alloc.obj
 0001:0000ae28       ??0exception@std@@QEAA@QEBDH@Z 000000018000be28 f i MSVCRT:throw_bad_alloc.obj
 0001:0000ae40       ??1bad_alloc@std@@UEAA@XZ  000000018000be40 f i MSVCRT:throw_bad_alloc.obj
 0001:0000ae54       ??1bad_array_new_length@std@@UEAA@XZ 000000018000be54 f i MSVCRT:throw_bad_alloc.obj
 0001:0000ae68       ??_Ebad_alloc@std@@UEAAPEAXI@Z 000000018000be68 f i MSVCRT:throw_bad_alloc.obj
 0001:0000ae68       ??_Gbad_alloc@std@@UEAAPEAXI@Z 000000018000be68 f i MSVCRT:throw_bad_alloc.obj
 0001:0000aeac       ??_Gbad_array_new_length@std@@UEAAPEAXI@Z 000000018000beac f i MSVCRT:throw_bad_alloc.obj
 0001:0000aeac       ??_Ebad_array_new_length@std@@UEAAPEAXI@Z 000000018000beac f i MSVCRT:throw_bad_alloc.obj
 0001:0000aef0       ?__scrt_throw_std_bad_alloc@@YAXXZ 000000018000bef0 f   MSVCRT:throw_bad_alloc.obj
 0001:0000af10       ?__scrt_throw_std_bad_array_new_length@@YAXXZ 000000018000bf10 f   MSVCRT:throw_bad_alloc.obj
 0001:0000af30       __isa_available_init       000000018000bf30 f   MSVCRT:_cpu_disp_.obj
 0001:0000b0f8       _get_startup_argv_mode     000000018000c0f8 f   MSVCRT:argv_mode.obj
 0001:0000b100       __scrt_is_ucrt_dll_in_use  000000018000c100 f   MSVCRT:ucrt_detection.obj
 0001:0000b10c       __crt_debugger_hook        000000018000c10c f   MSVCRT:utility_desktop.obj
 0001:0000b114       __scrt_fastfail            000000018000c114 f   MSVCRT:utility_desktop.obj
 0001:0000b25c       __scrt_get_show_window_mode 000000018000c25c f   MSVCRT:utility_desktop.obj
 0001:0000b298       __scrt_initialize_winrt    000000018000c298 f   MSVCRT:utility_desktop.obj
 0001:0000b29c       __scrt_is_managed_app      000000018000c29c f   MSVCRT:utility_desktop.obj
 0001:0000b2f0       __scrt_set_unhandled_exception_filter 000000018000c2f0 f   MSVCRT:utility_desktop.obj
 0001:0000b300       __scrt_unhandled_exception_filter 000000018000c300 f   MSVCRT:utility_desktop.obj
 0001:0000b338       _guard_check_icall         000000018000c338 f i MSVCRT:checkcfg.obj
 0001:0000b340       __security_init_cookie     000000018000c340 f   MSVCRT:gs_support.obj
 0001:0000b3ec       DllMain                    000000018000c3ec f   MSVCRT:dll_dllmain_stub.obj
 0001:0000b410       ?__scrt_initialize_type_info@@YAXXZ 000000018000c410 f   MSVCRT:tncleanup.obj
 0001:0000b420       ?__scrt_uninitialize_type_info@@YAXXZ 000000018000c420 f   MSVCRT:tncleanup.obj
 0001:0000b42c       __local_stdio_scanf_options 000000018000c42c f i MSVCRT:default_local_stdio_options.obj
 0001:0000b434       __scrt_initialize_default_local_stdio_options 000000018000c434 f   MSVCRT:default_local_stdio_options.obj
 0001:0000b450       __scrt_get_dyn_tls_init_callback 000000018000c450 f   MSVCRT:dyn_tls_init.obj
 0001:0000b458       _RTC_Initialize            000000018000c458 f   MSVCRT:_initsect_.obj
 0001:0000b4a4       _RTC_Terminate             000000018000c4a4 f   MSVCRT:_initsect_.obj
 0001:0000b4f0       _guard_check_icall_nop     000000018000c4f0 f i MSVCRT:guard_support.obj
 0001:0000b4f4       _guard_icall_checks_enforced 000000018000c4f4 f i MSVCRT:guard_support.obj
 0001:0000b510       memmove                    000000018000c510 f   vcruntime:VCRUNTIME140.dll
 0001:0000b516       _CxxThrowException         000000018000c516 f   vcruntime:VCRUNTIME140.dll
 0001:0000b51c       __CxxFrameHandler3         000000018000c51c f   vcruntime:VCRUNTIME140.dll
 0001:0000b522       memcpy                     000000018000c522 f   vcruntime:VCRUNTIME140.dll
 0001:0000b528       __std_terminate            000000018000c528 f   vcruntime:VCRUNTIME140.dll
 0001:0000b52e       memcmp                     000000018000c52e f   vcruntime:VCRUNTIME140.dll
 0001:0000b534       __std_exception_copy       000000018000c534 f   vcruntime:VCRUNTIME140.dll
 0001:0000b53a       __std_exception_destroy    000000018000c53a f   vcruntime:VCRUNTIME140.dll
 0001:0000b540       __C_specific_handler       000000018000c540 f   vcruntime:VCRUNTIME140.dll
 0001:0000b546       __vcrt_InitializeCriticalSectionEx 000000018000c546 f   vcruntime:VCRUNTIME140.dll
 0001:0000b54c       memset                     000000018000c54c f   vcruntime:VCRUNTIME140.dll
 0001:0000b552       __std_type_info_destroy_list 000000018000c552 f   vcruntime:VCRUNTIME140.dll
 0001:0000b558       _invalid_parameter_noinfo_noreturn 000000018000c558 f   ucrt:api-ms-win-crt-runtime-l1-1-0.dll
 0001:0000b55e       strncmp                    000000018000c55e f   ucrt:api-ms-win-crt-string-l1-1-0.dll
 0001:0000b564       isspace                    000000018000c564 f   ucrt:api-ms-win-crt-string-l1-1-0.dll
 0001:0000b56a       isalnum                    000000018000c56a f   ucrt:api-ms-win-crt-string-l1-1-0.dll
 0001:0000b570       __stdio_common_vfprintf    000000018000c570 f   ucrt:api-ms-win-crt-stdio-l1-1-0.dll
 0001:0000b576       free                       000000018000c576 f   ucrt:api-ms-win-crt-heap-l1-1-0.dll
 0001:0000b57c       malloc                     000000018000c57c f   ucrt:api-ms-win-crt-heap-l1-1-0.dll
 0001:0000b582       _callnewh                  000000018000c582 f   ucrt:api-ms-win-crt-heap-l1-1-0.dll
 0001:0000b588       _seh_filter_dll            000000018000c588 f   ucrt:api-ms-win-crt-runtime-l1-1-0.dll
 0001:0000b58e       _configure_narrow_argv     000000018000c58e f   ucrt:api-ms-win-crt-runtime-l1-1-0.dll
 0001:0000b594       _initialize_narrow_environment 000000018000c594 f   ucrt:api-ms-win-crt-runtime-l1-1-0.dll
 0001:0000b59a       _initialize_onexit_table   000000018000c59a f   ucrt:api-ms-win-crt-runtime-l1-1-0.dll
 0001:0000b5a0       _register_onexit_function  000000018000c5a0 f   ucrt:api-ms-win-crt-runtime-l1-1-0.dll
 0001:0000b5a6       _execute_onexit_table      000000018000c5a6 f   ucrt:api-ms-win-crt-runtime-l1-1-0.dll
 0001:0000b5ac       _crt_atexit                000000018000c5ac f   ucrt:api-ms-win-crt-runtime-l1-1-0.dll
 0001:0000b5b2       _crt_at_quick_exit         000000018000c5b2 f   ucrt:api-ms-win-crt-runtime-l1-1-0.dll
 0001:0000b5b8       _cexit                     000000018000c5b8 f   ucrt:api-ms-win-crt-runtime-l1-1-0.dll
 0001:0000b5be       _initterm                  000000018000c5be f   ucrt:api-ms-win-crt-runtime-l1-1-0.dll
 0001:0000b5c4       _initterm_e                000000018000c5c4 f   ucrt:api-ms-win-crt-runtime-l1-1-0.dll
 0001:0000b5ca       terminate                  000000018000c5ca f   ucrt:api-ms-win-crt-runtime-l1-1-0.dll
 0001:0000b5d0       _strdup                    000000018000c5d0 f   ucrt:api-ms-win-crt-string-l1-1-0.dll
 0001:0000b5d6       CloseHandle                000000018000c5d6 f   kernel32:KERNEL32.dll
 0001:0000b5dc       EnterCriticalSection       000000018000c5dc f   kernel32:KERNEL32.dll
 0001:0000b5e2       LeaveCriticalSection       000000018000c5e2 f   kernel32:KERNEL32.dll
 0001:0000b5e8       DeleteCriticalSection      000000018000c5e8 f   kernel32:KERNEL32.dll
 0001:0000b5ee       SetEvent                   000000018000c5ee f   kernel32:KERNEL32.dll
 0001:0000b5f4       ResetEvent                 000000018000c5f4 f   kernel32:KERNEL32.dll
 0001:0000b5fa       WaitForSingleObjectEx      000000018000c5fa f   kernel32:KERNEL32.dll
 0001:0000b600       CreateEventW               000000018000c600 f   kernel32:KERNEL32.dll
 0001:0000b606       GetModuleHandleW           000000018000c606 f   kernel32:KERNEL32.dll
 0001:0000b60c       GetProcAddress             000000018000c60c f   kernel32:KERNEL32.dll
 0001:0000b612       RtlCaptureContext          000000018000c612 f   kernel32:KERNEL32.dll
 0001:0000b618       RtlLookupFunctionEntry     000000018000c618 f   kernel32:KERNEL32.dll
 0001:0000b61e       RtlVirtualUnwind           000000018000c61e f   kernel32:KERNEL32.dll
 0001:0000b624       IsDebuggerPresent          000000018000c624 f   kernel32:KERNEL32.dll
 0001:0000b62a       UnhandledExceptionFilter   000000018000c62a f   kernel32:KERNEL32.dll
 0001:0000b630       SetUnhandledExceptionFilter 000000018000c630 f   kernel32:KERNEL32.dll
 0001:0000b636       GetStartupInfoW            000000018000c636 f   kernel32:KERNEL32.dll
 0001:0000b63c       IsProcessorFeaturePresent  000000018000c63c f   kernel32:KERNEL32.dll
 0001:0000b642       QueryPerformanceCounter    000000018000c642 f   kernel32:KERNEL32.dll
 0001:0000b648       GetCurrentProcessId        000000018000c648 f   kernel32:KERNEL32.dll
 0001:0000b64e       GetCurrentThreadId         000000018000c64e f   kernel32:KERNEL32.dll
 0001:0000b654       GetSystemTimeAsFileTime    000000018000c654 f   kernel32:KERNEL32.dll
 0001:0000b65a       DisableThreadLibraryCalls  000000018000c65a f   kernel32:KERNEL32.dll
 0001:0000b660       InitializeSListHead        000000018000c660 f   kernel32:KERNEL32.dll
 0001:0000b668       __acrt_initialize          000000018000c668 f   MSVCRT:ucrt_stubs.obj
 0001:0000b668       __vcrt_initialize          000000018000c668 f   MSVCRT:ucrt_stubs.obj
 0001:0000b668       __scrt_stub_for_acrt_initialize 000000018000c668 f   MSVCRT:ucrt_stubs.obj
 0001:0000b66c       __vcrt_thread_attach       000000018000c66c f   MSVCRT:ucrt_stubs.obj
 0001:0000b66c       __acrt_thread_attach       000000018000c66c f   MSVCRT:ucrt_stubs.obj
 0001:0000b66c       __scrt_stub_for_acrt_thread_attach 000000018000c66c f   MSVCRT:ucrt_stubs.obj
 0001:0000b670       __scrt_stub_for_acrt_thread_detach 000000018000c670 f   MSVCRT:ucrt_stubs.obj
 0001:0000b670       __vcrt_thread_detach       000000018000c670 f   MSVCRT:ucrt_stubs.obj
 0001:0000b670       __acrt_thread_detach       000000018000c670 f   MSVCRT:ucrt_stubs.obj
 0001:0000b674       __vcrt_uninitialize        000000018000c674 f   MSVCRT:ucrt_stubs.obj
 0001:0000b674       __scrt_stub_for_acrt_uninitialize 000000018000c674 f   MSVCRT:ucrt_stubs.obj
 0001:0000b674       __acrt_uninitialize        000000018000c674 f   MSVCRT:ucrt_stubs.obj
 0001:0000b678       __acrt_uninitialize_critical 000000018000c678 f   MSVCRT:ucrt_stubs.obj
 0001:0000b678       __vcrt_uninitialize_critical 000000018000c678 f   MSVCRT:ucrt_stubs.obj
 0001:0000b678       __scrt_stub_for_acrt_uninitialize_critical 000000018000c678 f   MSVCRT:ucrt_stubs.obj
 0001:0000b67c       _is_c_termination_complete 000000018000c67c f   MSVCRT:ucrt_stubs.obj
 0001:0000b67c       __scrt_stub_for_is_c_termination_complete 000000018000c67c f   MSVCRT:ucrt_stubs.obj
 0001:0000b690       _guard_dispatch_icall_nop  000000018000c690 f   MSVCRT:_guard_dispatch_.obj
 0002:00000000       __imp_EnterCriticalSection 000000018000e000     kernel32:KERNEL32.dll
 0002:00000008       __imp_LeaveCriticalSection 000000018000e008     kernel32:KERNEL32.dll
 0002:00000010       __imp_DeleteCriticalSection 000000018000e010     kernel32:KERNEL32.dll
 0002:00000018       __imp_SetEvent             000000018000e018     kernel32:KERNEL32.dll
 0002:00000020       __imp_ResetEvent           000000018000e020     kernel32:KERNEL32.dll
 0002:00000028       __imp_WaitForSingleObjectEx 000000018000e028     kernel32:KERNEL32.dll
 0002:00000030       __imp_CreateEventW         000000018000e030     kernel32:KERNEL32.dll
 0002:00000038       __imp_GetModuleHandleW     000000018000e038     kernel32:KERNEL32.dll
 0002:00000040       __imp_GetProcAddress       000000018000e040     kernel32:KERNEL32.dll
 0002:00000048       __imp_RtlCaptureContext    000000018000e048     kernel32:KERNEL32.dll
 0002:00000050       __imp_RtlLookupFunctionEntry 000000018000e050     kernel32:KERNEL32.dll
 0002:00000058       __imp_RtlVirtualUnwind     000000018000e058     kernel32:KERNEL32.dll
 0002:00000060       __imp_IsDebuggerPresent    000000018000e060     kernel32:KERNEL32.dll
 0002:00000068       __imp_UnhandledExceptionFilter 000000018000e068     kernel32:KERNEL32.dll
 0002:00000070       __imp_SetUnhandledExceptionFilter 000000018000e070     kernel32:KERNEL32.dll
 0002:00000078       __imp_GetStartupInfoW      000000018000e078     kernel32:KERNEL32.dll
 0002:00000080       __imp_IsProcessorFeaturePresent 000000018000e080     kernel32:KERNEL32.dll
 0002:00000088       __imp_QueryPerformanceCounter 000000018000e088     kernel32:KERNEL32.dll
 0002:00000090       __imp_GetCurrentProcessId  000000018000e090     kernel32:KERNEL32.dll
 0002:00000098       __imp_GetCurrentThreadId   000000018000e098     kernel32:KERNEL32.dll
 0002:000000a0       __imp_GetSystemTimeAsFileTime 000000018000e0a0     kernel32:KERNEL32.dll
 0002:000000a8       __imp_DisableThreadLibraryCalls 000000018000e0a8     kernel32:KERNEL32.dll
 0002:000000b0       __imp_InitializeSListHead  000000018000e0b0     kernel32:KERNEL32.dll
 0002:000000b8       __imp_CloseHandle          000000018000e0b8     kernel32:KERNEL32.dll
 0002:000000c0       \177KERNEL32_NULL_THUNK_DATA 000000018000e0c0     kernel32:KERNEL32.dll
 0002:000000c8       __imp_?xsputn@?$basic_streambuf@DU?$char_traits@D@std@@@std@@MEAA_JPEBD_J@Z 000000018000e0c8     msvcprt:MSVCP140.dll
 0002:000000d0       __imp_?xsgetn@?$basic_streambuf@DU?$char_traits@D@std@@@std@@MEAA_JPEAD_J@Z 000000018000e0d0     msvcprt:MSVCP140.dll
 0002:000000d8       __imp_?uflow@?$basic_streambuf@DU?$char_traits@D@std@@@std@@MEAAHXZ 000000018000e0d8     msvcprt:MSVCP140.dll
 0002:000000e0       __imp_?sync@?$basic_streambuf@DU?$char_traits@D@std@@@std@@MEAAHXZ 000000018000e0e0     msvcprt:MSVCP140.dll
 0002:000000e8       __imp_?showmanyc@?$basic_streambuf@DU?$char_traits@D@std@@@std@@MEAA_JXZ 000000018000e0e8     msvcprt:MSVCP140.dll
 0002:000000f0       __imp_?setbuf@?$basic_streambuf@DU?$char_traits@D@std@@@std@@MEAAPEAV12@PEAD_J@Z 000000018000e0f0     msvcprt:MSVCP140.dll
 0002:000000f8       __imp_?imbue@?$basic_streambuf@DU?$char_traits@D@std@@@std@@MEAAXAEBVlocale@2@@Z 000000018000e0f8     msvcprt:MSVCP140.dll
 0002:00000100       __imp_?_Unlock@?$basic_streambuf@DU?$char_traits@D@std@@@std@@UEAAXXZ 000000018000e100     msvcprt:MSVCP140.dll
 0002:00000108       __imp_?_Lock@?$basic_streambuf@DU?$char_traits@D@std@@@std@@UEAAXXZ 000000018000e108     msvcprt:MSVCP140.dll
 0002:00000110       __imp_??1?$basic_iostream@DU?$char_traits@D@std@@@std@@UEAA@XZ 000000018000e110     msvcprt:MSVCP140.dll
 0002:00000118       __imp_??0?$basic_iostream@DU?$char_traits@D@std@@@std@@QEAA@PEAV?$basic_streambuf@DU?$char_traits@D@std@@@1@@Z 000000018000e118     msvcprt:MSVCP140.dll
 0002:00000120       __imp_?flush@?$basic_ostream@DU?$char_traits@D@std@@@std@@QEAAAEAV12@XZ 000000018000e120     msvcprt:MSVCP140.dll
 0002:00000128       __imp_?_Osfx@?$basic_ostream@DU?$char_traits@D@std@@@std@@QEAAXXZ 000000018000e128     msvcprt:MSVCP140.dll
 0002:00000130       __imp_??1?$basic_ostream@DU?$char_traits@D@std@@@std@@UEAA@XZ 000000018000e130     msvcprt:MSVCP140.dll
 0002:00000138       __imp_??0?$basic_ostream@DU?$char_traits@D@std@@@std@@QEAA@PEAV?$basic_streambuf@DU?$char_traits@D@std@@@1@_N@Z 000000018000e138     msvcprt:MSVCP140.dll
 0002:00000140       __imp_??0?$basic_ios@DU?$char_traits@D@std@@@std@@IEAA@XZ 000000018000e140     msvcprt:MSVCP140.dll
 0002:00000148       __imp_?setstate@?$basic_ios@DU?$char_traits@D@std@@@std@@QEAAXH_N@Z 000000018000e148     msvcprt:MSVCP140.dll
 0002:00000150       __imp_??1?$basic_ios@DU?$char_traits@D@std@@@std@@UEAA@XZ 000000018000e150     msvcprt:MSVCP140.dll
 0002:00000158       __imp_?sputn@?$basic_streambuf@DU?$char_traits@D@std@@@std@@QEAA_JPEBD_J@Z 000000018000e158     msvcprt:MSVCP140.dll
 0002:00000160       __imp_?_Xbad_alloc@std@@YAXXZ 000000018000e160     msvcprt:MSVCP140.dll
 0002:00000168       __imp_?sputc@?$basic_streambuf@DU?$char_traits@D@std@@@std@@QEAAHD@Z 000000018000e168     msvcprt:MSVCP140.dll
 0002:00000170       __imp_??1?$basic_streambuf@DU?$char_traits@D@std@@@std@@UEAA@XZ 000000018000e170     msvcprt:MSVCP140.dll
 0002:00000178       __imp_??0?$basic_streambuf@DU?$char_traits@D@std@@@std@@IEAA@XZ 000000018000e178     msvcprt:MSVCP140.dll
 0002:00000180       __imp_?uncaught_exception@std@@YA_NXZ 000000018000e180     msvcprt:MSVCP140.dll
 0002:00000188       __imp_?_Xout_of_range@std@@YAXPEBD@Z 000000018000e188     msvcprt:MSVCP140.dll
 0002:00000190       __imp_?_Xlength_error@std@@YAXPEBD@Z 000000018000e190     msvcprt:MSVCP140.dll
 0002:00000198       __imp_?_BADOFF@std@@3_JB   000000018000e198     msvcprt:MSVCP140.dll
 0002:000001a0       \177MSVCP140_NULL_THUNK_DATA 000000018000e1a0     msvcprt:MSVCP140.dll
 0002:000001a8       __imp___std_exception_copy 000000018000e1a8     vcruntime:VCRUNTIME140.dll
 0002:000001b0       __imp___std_exception_destroy 000000018000e1b0     vcruntime:VCRUNTIME140.dll
 0002:000001b8       __imp___C_specific_handler 000000018000e1b8     vcruntime:VCRUNTIME140.dll
 0002:000001c0       __imp___vcrt_InitializeCriticalSectionEx 000000018000e1c0     vcruntime:VCRUNTIME140.dll
 0002:000001c8       __imp_memset               000000018000e1c8     vcruntime:VCRUNTIME140.dll
 0002:000001d0       __imp___std_type_info_destroy_list 000000018000e1d0     vcruntime:VCRUNTIME140.dll
 0002:000001d8       __imp_memcmp               000000018000e1d8     vcruntime:VCRUNTIME140.dll
 0002:000001e0       __imp_memmove              000000018000e1e0     vcruntime:VCRUNTIME140.dll
 0002:000001e8       __imp___std_terminate      000000018000e1e8     vcruntime:VCRUNTIME140.dll
 0002:000001f0       __imp__CxxThrowException   000000018000e1f0     vcruntime:VCRUNTIME140.dll
 0002:000001f8       __imp___CxxFrameHandler3   000000018000e1f8     vcruntime:VCRUNTIME140.dll
 0002:00000200       __imp_memcpy               000000018000e200     vcruntime:VCRUNTIME140.dll
 0002:00000208       \177VCRUNTIME140_NULL_THUNK_DATA 000000018000e208     vcruntime:VCRUNTIME140.dll
 0002:00000210       __imp_malloc               000000018000e210     ucrt:api-ms-win-crt-heap-l1-1-0.dll
 0002:00000218       __imp_free                 000000018000e218     ucrt:api-ms-win-crt-heap-l1-1-0.dll
 0002:00000220       __imp__callnewh            000000018000e220     ucrt:api-ms-win-crt-heap-l1-1-0.dll
 0002:00000228       \177api-ms-win-crt-heap-l1-1-0_NULL_THUNK_DATA 000000018000e228     ucrt:api-ms-win-crt-heap-l1-1-0.dll
 0002:00000230       __imp__seh_filter_dll      000000018000e230     ucrt:api-ms-win-crt-runtime-l1-1-0.dll
 0002:00000238       __imp__initialize_narrow_environment 000000018000e238     ucrt:api-ms-win-crt-runtime-l1-1-0.dll
 0002:00000240       __imp__register_onexit_function 000000018000e240     ucrt:api-ms-win-crt-runtime-l1-1-0.dll
 0002:00000248       __imp__initialize_onexit_table 000000018000e248     ucrt:api-ms-win-crt-runtime-l1-1-0.dll
 0002:00000250       __imp_terminate            000000018000e250     ucrt:api-ms-win-crt-runtime-l1-1-0.dll
 0002:00000258       __imp__invalid_parameter_noinfo_noreturn 000000018000e258     ucrt:api-ms-win-crt-runtime-l1-1-0.dll
 0002:00000260       __imp__initterm_e          000000018000e260     ucrt:api-ms-win-crt-runtime-l1-1-0.dll
 0002:00000268       __imp__initterm            000000018000e268     ucrt:api-ms-win-crt-runtime-l1-1-0.dll
 0002:00000270       __imp__cexit               000000018000e270     ucrt:api-ms-win-crt-runtime-l1-1-0.dll
 0002:00000278       __imp__crt_at_quick_exit   000000018000e278     ucrt:api-ms-win-crt-runtime-l1-1-0.dll
 0002:00000280       __imp__crt_atexit          000000018000e280     ucrt:api-ms-win-crt-runtime-l1-1-0.dll
 0002:00000288       __imp__execute_onexit_table 000000018000e288     ucrt:api-ms-win-crt-runtime-l1-1-0.dll
 0002:00000290       __imp__configure_narrow_argv 000000018000e290     ucrt:api-ms-win-crt-runtime-l1-1-0.dll
 0002:00000298       \177api-ms-win-crt-runtime-l1-1-0_NULL_THUNK_DATA 000000018000e298     ucrt:api-ms-win-crt-runtime-l1-1-0.dll
 0002:000002a0       __imp___stdio_common_vfprintf 000000018000e2a0     ucrt:api-ms-win-crt-stdio-l1-1-0.dll
 0002:000002a8       \177api-ms-win-crt-stdio-l1-1-0_NULL_THUNK_DATA 000000018000e2a8     ucrt:api-ms-win-crt-stdio-l1-1-0.dll
 0002:000002b0       __imp_isalnum              000000018000e2b0     ucrt:api-ms-win-crt-string-l1-1-0.dll
 0002:000002b8       __imp__strdup              000000018000e2b8     ucrt:api-ms-win-crt-string-l1-1-0.dll
 0002:000002b8       __imp_strdup               000000018000e2b8     ucrt:api-ms-win-crt-string-l1-1-0.dll
 0002:000002c0       __imp_isspace              000000018000e2c0     ucrt:api-ms-win-crt-string-l1-1-0.dll
 0002:000002c8       __imp_strncmp              000000018000e2c8     ucrt:api-ms-win-crt-string-l1-1-0.dll
[...]
 0004:000009cc       $pdata$??_Gexception@std@@UEAAPEAXI@Z 00000001800159cc     cpp2cli-api.obj
 0004:000009d8       $pdata$??2@YAPEAX_K@Z      00000001800159d8     MSVCRT:new_scalar.obj
 0004:000009e4       $pdata$??_Gtype_info@@UEAAPEAXI@Z 00000001800159e4     MSVCRT:std_type_info_static.obj
 0004:000009f0       $pdata$?configure_argv@__scrt_narrow_argv_policy@@SAHXZ 00000001800159f0     MSVCRT:utility.obj
 0004:000009fc       $pdata$__scrt_acquire_startup_lock 00000001800159fc     MSVCRT:utility.obj
 0004:00000a08       $pdata$__scrt_dllmain_after_initialize_c 0000000180015a08     MSVCRT:utility.obj
 0004:00000a14       $pdata$__scrt_dllmain_before_initialize_c 0000000180015a14     MSVCRT:utility.obj
 0004:00000a20       $pdata$__scrt_dllmain_crt_thread_attach 0000000180015a20     MSVCRT:utility.obj
 0004:00000a2c       $pdata$__scrt_dllmain_crt_thread_detach 0000000180015a2c     MSVCRT:utility.obj
 0004:00000a38       $pdata$__scrt_dllmain_exception_filter 0000000180015a38     MSVCRT:utility.obj
 0004:00000a44       $pdata$__scrt_dllmain_uninitialize_c 0000000180015a44     MSVCRT:utility.obj
 0004:00000a50       $pdata$__scrt_dllmain_uninitialize_critical 0000000180015a50     MSVCRT:utility.obj
 0004:00000a5c       $pdata$__scrt_initialize_crt 0000000180015a5c     MSVCRT:utility.obj
 0004:00000a68       $pdata$__scrt_initialize_onexit_tables 0000000180015a68     MSVCRT:utility.obj
 0004:00000a74       $pdata$__scrt_is_nonwritable_in_current_image 0000000180015a74     MSVCRT:utility.obj
 0004:00000a80       $pdata$__scrt_release_startup_lock 0000000180015a80     MSVCRT:utility.obj
 0004:00000a8c       $pdata$__scrt_uninitialize_crt 0000000180015a8c     MSVCRT:utility.obj
 0004:00000a98       $pdata$_onexit             0000000180015a98     MSVCRT:utility.obj
 0004:00000aa4       $pdata$atexit              0000000180015aa4     MSVCRT:utility.obj
 0004:00000ab0       $pdata$?__scrt_initialize_thread_safe_statics@@YAHXZ 0000000180015ab0     MSVCRT:thread_safe_statics.obj
 0004:00000abc       $pdata$?__scrt_uninitialize_thread_safe_statics@@YAXXZ 0000000180015abc     MSVCRT:thread_safe_statics.obj
 0004:00000ac8       $pdata$_Init_thread_abort  0000000180015ac8     MSVCRT:thread_safe_statics.obj
 0004:00000ad4       $pdata$_Init_thread_footer 0000000180015ad4     MSVCRT:thread_safe_statics.obj
 0004:00000ae0       $pdata$_Init_thread_header 0000000180015ae0     MSVCRT:thread_safe_statics.obj
 0004:00000aec       $pdata$_Init_thread_notify 0000000180015aec     MSVCRT:thread_safe_statics.obj
 0004:00000af8       $pdata$_Init_thread_wait   0000000180015af8     MSVCRT:thread_safe_statics.obj
 0004:00000b04       $pdata$?dllmain_crt_dispatch@@YAHQEAUHINSTANCE__@@KQEAX@Z 0000000180015b04     MSVCRT:dll_dllmain.obj
 0004:00000b10       $pdata$?dllmain_crt_process_attach@@YAHQEAUHINSTANCE__@@QEAX@Z 0000000180015b10     MSVCRT:dll_dllmain.obj
 0004:00000b1c       $pdata$?dllmain_crt_process_detach@@YAH_N@Z 0000000180015b1c     MSVCRT:dll_dllmain.obj
 0004:00000b28       $pdata$?dllmain_dispatch@@YAHQEAUHINSTANCE__@@KQEAX@Z 0000000180015b28     MSVCRT:dll_dllmain.obj
 0004:00000b34       $pdata$?dllmain_raw@@YAHQEAUHINSTANCE__@@KQEAX@Z 0000000180015b34     MSVCRT:dll_dllmain.obj
 0004:00000b40       $pdata$_DllMainCRTStartup  0000000180015b40     MSVCRT:dll_dllmain.obj
 0004:00000b4c       $pdata$??0bad_alloc@std@@QEAA@AEBV01@@Z 0000000180015b4c     MSVCRT:throw_bad_alloc.obj
 0004:00000b58       $pdata$??0bad_array_new_length@std@@QEAA@AEBV01@@Z 0000000180015b58     MSVCRT:throw_bad_alloc.obj
 0004:00000b64       $pdata$??_Gbad_alloc@std@@UEAAPEAXI@Z 0000000180015b64     MSVCRT:throw_bad_alloc.obj
 0004:00000b70       $pdata$??_Gbad_array_new_length@std@@UEAAPEAXI@Z 0000000180015b70     MSVCRT:throw_bad_alloc.obj
 0004:00000b7c       $pdata$?__scrt_throw_std_bad_alloc@@YAXXZ 0000000180015b7c     MSVCRT:throw_bad_alloc.obj
 0004:00000b88       $pdata$?__scrt_throw_std_bad_array_new_length@@YAXXZ 0000000180015b88     MSVCRT:throw_bad_alloc.obj
 0004:00000b94       $pdata$__isa_available_init 0000000180015b94     MSVCRT:_cpu_disp_.obj
 0004:00000ba0       $pdata$__scrt_fastfail     0000000180015ba0     MSVCRT:utility_desktop.obj
 0004:00000bac       $pdata$__scrt_get_show_window_mode 0000000180015bac     MSVCRT:utility_desktop.obj
 0004:00000bb8       $pdata$__scrt_is_managed_app 0000000180015bb8     MSVCRT:utility_desktop.obj
 0004:00000bc4       $pdata$__scrt_unhandled_exception_filter 0000000180015bc4     MSVCRT:utility_desktop.obj
 0004:00000bd0       $pdata$__security_init_cookie 0000000180015bd0     MSVCRT:gs_support.obj
 0004:00000bdc       $pdata$DllMain             0000000180015bdc     MSVCRT:dll_dllmain_stub.obj
 0004:00000be8       $pdata$__scrt_initialize_default_local_stdio_options 0000000180015be8     MSVCRT:default_local_stdio_options.obj
 0004:00000bf4       $pdata$_RTC_Initialize     0000000180015bf4     MSVCRT:_initsect_.obj
 0004:00000c00       $pdata$_RTC_Terminate      0000000180015c00     MSVCRT:_initsect_.obj
 0004:00000c18       $pdata$?dtor$1@?0??parseIdentifier@BoolExprParser@boolstuff@@AEAAPEAV?$BoolExpr@V?$basic_string@DU?$char_traits@D@std@@V?$allocator@D@2@@std@@@2@XZ@4HA 0000000180015c18     BoolExprParser.obj
 0004:00000c24       $pdata$?catch$107@?0??_Copy@?$basic_string@DU?$char_traits@D@std@@V?$allocator@D@2@@std@@QEAAX_K0@Z@4HA 0000000180015c24     BoolExprParser.obj
 0004:00000c30       $pdata$?catch$106@?0??_Copy@?$basic_string@DU?$char_traits@D@std@@V?$allocator@D@2@@std@@QEAAX_K0@Z@4HA 0000000180015c30     BoolExprParser.obj
 0004:00000c3c       $pdata$boolstuff_parse$catch$55 0000000180015c3c     c-api.obj
 0004:00000c48       $pdata$?catch$15@?0???$?6DU?$char_traits@D@std@@V?$allocator@D@1@@std@@YAAEAV?$basic_ostream@DU?$char_traits@D@std@@@0@AEAV10@AEBV?$basic_string@DU?$char_traits@D@std@@V?$allocator@D@2@@0@@Z@4HA 0000000180015c48     c-api.obj
 0004:00000c54       $pdata$?catch$10@?0???$?6U?$char_traits@D@std@@@std@@YAAEAV?$basic_ostream@DU?$char_traits@D@std@@@0@AEAV10@D@Z@4HA 0000000180015c54     c-api.obj
 0004:00000c60       $pdata$?catch$8@?0???$?6U?$char_traits@D@std@@@std@@YAAEAV?$basic_ostream@DU?$char_traits@D@std@@@0@AEAV10@PEBD@Z@4HA 0000000180015c60     c-api.obj
 0004:00000c6c       $pdata$?dtor$7@?0???$_Buynode@AEBV?$Literal@V?$basic_string@DU?$char_traits@D@std@@V?$allocator@D@2@@std@@@boolstuff@@@?$_Tree_comp_alloc@V?$_Tset_traits@V?$Literal@V?$basic_string@DU?$char_traits@D@std@@V?$allocator@D@2@@std@@@boolstuff@@U?$less@V?$Literal@V?$basic_string@DU?$char_traits@D@std@@V?$allocator@D@2@@std@@@boolstuff@@@std@@V?$allocator@V?$Literal@V?$basic_string@DU?$char_traits@D@std@@V?$allocator@D@2@@std@@@boolstuff@@@4@$0A@@std@@@std@@QEAAPEAU?$_Tree_node@V?$Literal@V?$basic_string@DU?$char_traits@D@std@@V?$allocator@D@2@@std@@@boolstuff@@PEAX@1@AEBV?$Literal@V?$basic_string@DU?$char_traits@D@std@@V?$allocator@D@2@@std@@@boolstuff@@@Z@4HA 0000000180015c6c     c-api.obj
 0004:00000c78       $pdata$?catch$56@?0???$_Buynode@AEBV?$Literal@V?$basic_string@DU?$char_traits@D@std@@V?$allocator@D@2@@std@@@boolstuff@@@?$_Tree_comp_alloc@V?$_Tset_traits@V?$Literal@V?$basic_string@DU?$char_traits@D@std@@V?$allocator@D@2@@std@@@boolstuff@@U?$less@V?$Literal@V?$basic_string@DU?$char_traits@D@std@@V?$allocator@D@2@@std@@@boolstuff@@@std@@V?$allocator@V?$Literal@V?$basic_string@DU?$char_traits@D@std@@V?$allocator@D@2@@std@@@boolstuff@@@4@$0A@@std@@@std@@QEAAPEAU?$_Tree_node@V?$Literal@V?$basic_string@DU?$char_traits@D@std@@V?$allocator@D@2@@std@@@boolstuff@@PEAX@1@AEBV?$Literal@V?$basic_string@DU?$char_traits@D@std@@V?$allocator@D@2@@std@@@boolstuff@@@Z@4HA 0000000180015c78     c-api.obj
 0004:00000c84       $pdata$?dtor$7@?0???$_Buynode@AEBV?$basic_string@DU?$char_traits@D@std@@V?$allocator@D@2@@std@@@?$_Tree_comp_alloc@V?$_Tset_traits@V?$basic_string@DU?$char_traits@D@std@@V?$allocator@D@2@@std@@U?$less@V?$basic_string@DU?$char_traits@D@std@@V?$allocator@D@2@@std@@@2@V?$allocator@V?$basic_string@DU?$char_traits@D@std@@V?$allocator@D@2@@std@@@2@$0A@@std@@@std@@QEAAPEAU?$_Tree_node@V?$basic_string@DU?$char_traits@D@std@@V?$allocator@D@2@@std@@PEAX@1@AEBV?$basic_string@DU?$char_traits@D@std@@V?$allocator@D@2@@1@@Z@4HA 0000000180015c84     c-api.obj
 0004:00000c90       $pdata$?catch$55@?0???$_Buynode@AEBV?$basic_string@DU?$char_traits@D@std@@V?$allocator@D@2@@std@@@?$_Tree_comp_alloc@V?$_Tset_traits@V?$basic_string@DU?$char_traits@D@std@@V?$allocator@D@2@@std@@U?$less@V?$basic_string@DU?$char_traits@D@std@@V?$allocator@D@2@@std@@@2@V?$allocator@V?$basic_string@DU?$char_traits@D@std@@V?$allocator@D@2@@std@@@2@$0A@@std@@@std@@QEAAPEAU?$_Tree_node@V?$basic_string@DU?$char_traits@D@std@@V?$allocator@D@2@@std@@PEAX@1@AEBV?$basic_string@DU?$char_traits@D@std@@V?$allocator@D@2@@1@@Z@4HA 0000000180015c90     c-api.obj
 0004:00000c9c       $pdata$?catch$111@?0???$_Insert_hint@AEBV?$basic_string@DU?$char_traits@D@std@@V?$allocator@D@2@@std@@U_Nil@2@@?$_Tree@V?$_Tset_traits@V?$basic_string@DU?$char_traits@D@std@@V?$allocator@D@2@@std@@U?$less@V?$basic_string@DU?$char_traits@D@std@@V?$allocator@D@2@@std@@@2@V?$allocator@V?$basic_string@DU?$char_traits@D@std@@V?$allocator@D@2@@std@@@2@$0A@@std@@@std@@IEAA?AV?$_Tree_const_iterator@V?$_Tree_val@U?$_Tree_simple_types@V?$basic_string@DU?$char_traits@D@std@@V?$allocator@D@2@@std@@@std@@@std@@@1@V21@AEBV?$basic_string@DU?$char_traits@D@std@@V?$allocator@D@2@@1@U_Nil@1@@Z@4HA 0000000180015c9c     c-api.obj
 0004:00000ca8       $pdata$?catch$64@?0???$_Insert_nohint@AEBV?$Literal@V?$basic_string@DU?$char_traits@D@std@@V?$allocator@D@2@@std@@@boolstuff@@U_Nil@std@@@?$_Tree@V?$_Tset_traits@V?$Literal@V?$basic_string@DU?$char_traits@D@std@@V?$allocator@D@2@@std@@@boolstuff@@U?$less@V?$Literal@V?$basic_string@DU?$char_traits@D@std@@V?$allocator@D@2@@std@@@boolstuff@@@std@@V?$allocator@V?$Literal@V?$basic_string@DU?$char_traits@D@std@@V?$allocator@D@2@@std@@@boolstuff@@@4@$0A@@std@@@std@@IEAA?AU?$pair@V?$_Tree_const_iterator@V?$_Tree_val@U?$_Tree_simple_types@V?$Literal@V?$basic_string@DU?$char_traits@D@std@@V?$allocator@D@2@@std@@@boolstuff@@@std@@@std@@@std@@_N@1@_NAEBV?$Literal@V?$basic_string@DU?$char_traits@D@std@@V?$allocator@D@2@@std@@@boolstuff@@U_Nil@1@@Z@4HA 0000000180015ca8     c-api.obj
 0004:00000cb4       $pdata$?catch$64@?0???$_Insert_nohint@AEBV?$basic_string@DU?$char_traits@D@std@@V?$allocator@D@2@@std@@U_Nil@2@@?$_Tree@V?$_Tset_traits@V?$basic_string@DU?$char_traits@D@std@@V?$allocator@D@2@@std@@U?$less@V?$basic_string@DU?$char_traits@D@std@@V?$allocator@D@2@@std@@@2@V?$allocator@V?$basic_string@DU?$char_traits@D@std@@V?$allocator@D@2@@std@@@2@$0A@@std@@@std@@IEAA?AU?$pair@V?$_Tree_const_iterator@V?$_Tree_val@U?$_Tree_simple_types@V?$basic_string@DU?$char_traits@D@std@@V?$allocator@D@2@@std@@@std@@@std@@@std@@_N@1@_NAEBV?$basic_string@DU?$char_traits@D@std@@V?$allocator@D@2@@1@U_Nil@1@@Z@4HA 0000000180015cb4     c-api.obj
 0004:00000cc0       $pdata$?catch$3@?0???$_Uninit_alloc_fill_n1@PEAI_KV?$allocator@I@std@@@std@@YAXPEAI_KPEBIAEAU?$_Wrap_alloc@V?$allocator@I@std@@@0@U?$integral_constant@_N$0A@@0@@Z@4HA 0000000180015cc0     c-api.obj
 0004:00000ccc       $pdata$?catch$3@?0???$_Uninit_alloc_fill_n1@PEA_K_KV?$allocator@_K@std@@@std@@YAXPEA_K_KPEB_KAEAU?$_Wrap_alloc@V?$allocator@_K@std@@@0@U?$integral_constant@_N$0A@@0@@Z@4HA 0000000180015ccc     c-api.obj
 0004:00000cd8       $pdata$?catch$103@?0???$_Uninitialized_move_al_unchecked1@PEAV?$Literal@V?$basic_string@DU?$char_traits@D@std@@V?$allocator@D@2@@std@@@boolstuff@@PEAV12@V?$allocator@V?$Literal@V?$basic_string@DU?$char_traits@D@std@@V?$allocator@D@2@@std@@@boolstuff@@@std@@@std@@YAPEAV?$Literal@V?$basic_string@DU?$char_traits@D@std@@V?$allocator@D@2@@std@@@boolstuff@@PEAV12@00AEAU?$_Wrap_alloc@V?$allocator@V?$Literal@V?$basic_string@DU?$char_traits@D@std@@V?$allocator@D@2@@std@@@boolstuff@@@std@@@0@U_General_ptr_iterator_tag@0@U_Any_tag@0@@Z@4HA 0000000180015cd8     c-api.obj
 0004:00000ce4       $pdata$?catch$38@?0???$_Uninitialized_move_al_unchecked1@PEAV?$vector@V?$Literal@V?$basic_string@DU?$char_traits@D@std@@V?$allocator@D@2@@std@@@boolstuff@@V?$allocator@V?$Literal@V?$basic_string@DU?$char_traits@D@std@@V?$allocator@D@2@@std@@@boolstuff@@@std@@@std@@PEAV12@V?$allocator@V?$vector@V?$Literal@V?$basic_string@DU?$char_traits@D@std@@V?$allocator@D@2@@std@@@boolstuff@@V?$allocator@V?$Literal@V?$basic_string@DU?$char_traits@D@std@@V?$allocator@D@2@@std@@@boolstuff@@@std@@@std@@@2@@std@@YAPEAV?$vector@V?$Literal@V?$basic_string@DU?$char_traits@D@std@@V?$allocator@D@2@@std@@@boolstuff@@V?$allocator@V?$Literal@V?$basic_string@DU?$char_traits@D@std@@V?$allocator@D@2@@std@@@boolstuff@@@std@@@0@PEAV10@00AEAU?$_Wrap_alloc@V?$allocator@V?$vector@V?$Literal@V?$basic_string@DU?$char_traits@D@std@@V?$allocator@D@2@@std@@@boolstuff@@V?$allocator@V?$Literal@V?$basic_string@DU?$char_traits@D@std@@V?$allocator@D@2@@std@@@boolstuff@@@std@@@std@@@std@@@0@U_General_ptr_iterator_tag@0@U_Any_tag@0@@Z@4HA 0000000180015ce4     c-api.obj
 0004:00000cf0       $pdata$?catch$27@?0??_Buyheadnode@?$_Tree_comp_alloc@V?$_Tset_traits@V?$Literal@V?$basic_string@DU?$char_traits@D@std@@V?$allocator@D@2@@std@@@boolstuff@@U?$less@V?$Literal@V?$basic_string@DU?$char_traits@D@std@@V?$allocator@D@2@@std@@@boolstuff@@@std@@V?$allocator@V?$Literal@V?$basic_string@DU?$char_traits@D@std@@V?$allocator@D@2@@std@@@boolstuff@@@4@$0A@@std@@@std@@QEAAPEAU?$_Tree_node@V?$Literal@V?$basic_string@DU?$char_traits@D@std@@V?$allocator@D@2@@std@@@boolstuff@@PEAX@2@XZ@4HA 0000000180015cf0     c-api.obj
 0004:00000cfc       $pdata$?catch$27@?0??_Buyheadnode@?$_Tree_comp_alloc@V?$_Tset_traits@V?$basic_string@DU?$char_traits@D@std@@V?$allocator@D@2@@std@@U?$less@V?$basic_string@DU?$char_traits@D@std@@V?$allocator@D@2@@std@@@2@V?$allocator@V?$basic_string@DU?$char_traits@D@std@@V?$allocator@D@2@@std@@@2@$0A@@std@@@std@@QEAAPEAU?$_Tree_node@V?$basic_string@DU?$char_traits@D@std@@V?$allocator@D@2@@std@@PEAX@2@XZ@4HA 0000000180015cfc     c-api.obj
 0004:00000d08       $pdata$?catch$39@?0??_Buynode0@?$_Tree_comp_alloc@V?$_Tset_traits@V?$Literal@V?$basic_string@DU?$char_traits@D@std@@V?$allocator@D@2@@std@@@boolstuff@@U?$less@V?$Literal@V?$basic_string@DU?$char_traits@D@std@@V?$allocator@D@2@@std@@@boolstuff@@@std@@V?$allocator@V?$Literal@V?$basic_string@DU?$char_traits@D@std@@V?$allocator@D@2@@std@@@boolstuff@@@4@$0A@@std@@@std@@QEAAPEAU?$_Tree_node@V?$Literal@V?$basic_string@DU?$char_traits@D@std@@V?$allocator@D@2@@std@@@boolstuff@@PEAX@2@XZ@4HA 0000000180015d08     c-api.obj
 0004:00000d14       $pdata$?catch$39@?0??_Buynode0@?$_Tree_comp_alloc@V?$_Tset_traits@V?$basic_string@DU?$char_traits@D@std@@V?$allocator@D@2@@std@@U?$less@V?$basic_string@DU?$char_traits@D@std@@V?$allocator@D@2@@std@@@2@V?$allocator@V?$basic_string@DU?$char_traits@D@std@@V?$allocator@D@2@@std@@@2@$0A@@std@@@std@@QEAAPEAU?$_Tree_node@V?$basic_string@DU?$char_traits@D@std@@V?$allocator@D@2@@std@@PEAX@2@XZ@4HA 0000000180015d14     c-api.obj
 0004:00000d20       $pdata$?catch$69@?0??_Construct_n@?$vector@IV?$allocator@_N@std@@@std@@QEAAX_KPEBI@Z@4HA 0000000180015d20     c-api.obj
 0004:00000d2c       $pdata$?catch$69@?0??_Construct_n@?$vector@_KV?$allocator@_K@std@@@std@@QEAAX_KPEB_K@Z@4HA 0000000180015d2c     c-api.obj
 0004:00000d38       $pdata$?catch$48@?0??_Reallocate@?$vector@IV?$allocator@_N@std@@@std@@IEAAX_K@Z@4HA 0000000180015d38     c-api.obj
 0004:00000d44       $pdata$?catch$48@?0??_Reallocate@?$vector@PEAV?$BoolExpr@V?$basic_string@DU?$char_traits@D@std@@V?$allocator@D@2@@std@@@boolstuff@@V?$allocator@PEAV?$BoolExpr@V?$basic_string@DU?$char_traits@D@std@@V?$allocator@D@2@@std@@@boolstuff@@@std@@@std@@IEAAX_K@Z@4HA 0000000180015d44     c-api.obj
 0004:00000d50       $pdata$?catch$48@?0??_Reallocate@?$vector@PEBV?$BoolExpr@V?$basic_string@DU?$char_traits@D@std@@V?$allocator@D@2@@std@@@boolstuff@@V?$allocator@PEBV?$BoolExpr@V?$basic_string@DU?$char_traits@D@std@@V?$allocator@D@2@@std@@@boolstuff@@@std@@@std@@IEAAX_K@Z@4HA 0000000180015d50     c-api.obj
 0004:00000d5c       $pdata$?catch$51@?0??_Reallocate@?$vector@V?$Literal@V?$basic_string@DU?$char_traits@D@std@@V?$allocator@D@2@@std@@@boolstuff@@V?$allocator@V?$Literal@V?$basic_string@DU?$char_traits@D@std@@V?$allocator@D@2@@std@@@boolstuff@@@std@@@std@@IEAAX_K@Z@4HA 0000000180015d5c     c-api.obj
 0004:00000d68       $pdata$?catch$51@?0??_Reallocate@?$vector@V?$vector@V?$Literal@V?$basic_string@DU?$char_traits@D@std@@V?$allocator@D@2@@std@@@boolstuff@@V?$allocator@V?$Literal@V?$basic_string@DU?$char_traits@D@std@@V?$allocator@D@2@@std@@@boolstuff@@@std@@@std@@V?$allocator@V?$vector@V?$Literal@V?$basic_string@DU?$char_traits@D@std@@V?$allocator@D@2@@std@@@boolstuff@@V?$allocator@V?$Literal@V?$basic_string@DU?$char_traits@D@std@@V?$allocator@D@2@@std@@@boolstuff@@@std@@@std@@@2@@std@@IEAAX_K@Z@4HA 0000000180015d68     c-api.obj
 0004:00000d74       $pdata$?dtor$0@?0??cloneTree@?$BoolExpr@V?$basic_string@DU?$char_traits@D@std@@V?$allocator@D@2@@std@@@boolstuff@@SAPEAV12@PEBV12@@Z@4HA 0000000180015d74     c-api.obj
 0004:00000d80       $pdata$?dtor$0@?0??getRawDNF@?$BoolExpr@V?$basic_string@DU?$char_traits@D@std@@V?$allocator@D@2@@std@@@boolstuff@@SAPEAV12@PEAV12@@Z@4HA 0000000180015d80     c-api.obj
 0004:00000d8c       $pdata$?dtor$2@?0??getRawDNF@?$BoolExpr@V?$basic_string@DU?$char_traits@D@std@@V?$allocator@D@2@@std@@@boolstuff@@SAPEAV12@PEAV12@@Z@4HA 0000000180015d8c     c-api.obj
 0004:00000d98       $pdata$?dtor$9@?0??negateDNF@?$BoolExpr@V?$basic_string@DU?$char_traits@D@std@@V?$allocator@D@2@@std@@@boolstuff@@CAPEAV12@PEAV12@@Z@4HA 0000000180015d98     c-api.obj
 0004:00000da4       $pdata$?dtor$2@?0??print@?$BoolExpr@V?$basic_string@DU?$char_traits@D@std@@V?$allocator@D@2@@std@@@boolstuff@@QEBA?AV?$basic_string@DU?$char_traits@D@std@@V?$allocator@D@2@@std@@XZ@4HA 0000000180015da4     c-api.obj
 0004:00000db0       $pdata$?catch$79@?0??resize@?$vector@IV?$allocator@_N@std@@@std@@QEAAX_KAEBI@Z@4HA 0000000180015db0     c-api.obj
 0004:00000dbc       $pdata$?catch$124@?0??ToDNF@Expression@boolexpr@xw@@QEAAPEBDPEBD@Z@4HA 0000000180015dbc     cpp2cli-api.obj
 0004:00000dc8       $pdata$__scrt_is_nonwritable_in_current_image$filt$0 0000000180015dc8     MSVCRT:utility.obj
 0004:00000dd4       $pdata$?fin$0@?0??dllmain_crt_process_attach@@YAHQEAUHINSTANCE__@@QEAX@Z@4HA 0000000180015dd4     MSVCRT:dll_dllmain.obj
 0004:00000de0       $pdata$?fin$0@?0??dllmain_crt_process_detach@@YAH_N@Z@4HA 0000000180015de0     MSVCRT:dll_dllmain.obj
 0004:00000dec       $pdata$?filt$0@?0??dllmain_dispatch@@YAHQEAUHINSTANCE__@@KQEAX@Z@4HA 0000000180015dec     MSVCRT:dll_dllmain.obj
 0005:00000000       __guard_fids__             0000000180016000     MSVCRT:std_type_info_static.obj
 0005:00000004       __guard_fids__             0000000180016004     MSVCRT:thread_safe_statics.obj
 0005:00000008       __guard_fids_?__scrt_initialize_thread_safe_statics@@YAHXZ 0000000180016008     MSVCRT:thread_safe_statics.obj
 0005:0000000c       __guard_fids_?dllmain_crt_process_attach@@YAHQEAUHINSTANCE__@@QEAX@Z 000000018001600c     MSVCRT:dll_dllmain.obj
 0005:00000014       __guard_fids_?dllmain_dispatch@@YAHQEAUHINSTANCE__@@KQEAX@Z 0000000180016014     MSVCRT:dll_dllmain.obj
 0005:00000018       __guard_fids__             0000000180016018     MSVCRT:throw_bad_alloc.obj
 0005:00000020       __guard_fids__             0000000180016020     MSVCRT:throw_bad_alloc.obj
 0005:00000028       __guard_fids___scrt_set_unhandled_exception_filter 0000000180016028     MSVCRT:utility_desktop.obj
 0005:0000002c       __guard_fids__             000000018001602c     MSVCRT:guard_support.obj
 0005:00000030       __guard_fids__guard_icall_checks_enforced 0000000180016030     MSVCRT:guard_support.obj
 0007:00000060       $R000000                   0000000180018060     * linker generated manifest res *
