 libbool

 Timestamp is 58e62c80 (Thu Apr  6 13:54:40 2017)

 Preferred load address is 10000000

 Start         Length     Name                   Class
 0001:00000000 00009840H .text$mn                CODE
 0001:00009840 00000450H .text$x                 CODE
 0001:00009c90 0000000aH .text$yd                CODE
 0002:00000000 00000164H .idata$5                DATA
 0002:00000164 00000004H .00cfg                  DATA
 0002:00000168 00000004H .CRT$XCA                DATA
 0002:0000016c 00000004H .CRT$XCZ                DATA
 0002:00000170 00000004H .CRT$XIA                DATA
 0002:00000174 00000004H .CRT$XIC                DATA
 0002:00000178 00000004H .CRT$XIZ                DATA
 0002:0000017c 00000004H .CRT$XLA                DATA
 0002:00000180 00000004H .CRT$XLZ                DATA
 0002:00000184 00000004H .CRT$XPA                DATA
 0002:00000188 00000004H .CRT$XPZ                DATA
 0002:0000018c 00000004H .CRT$XTA                DATA
 0002:00000190 00000010H .CRT$XTZ                DATA
 0002:000001a0 000002e4H .rdata                  DATA
 0002:00000484 00000018H .rdata$T                DATA
 0002:0000049c 00000484H .rdata$r                DATA
 0002:00000920 00000090H .rdata$sxdata           DATA
 0002:000009b0 00000360H .rdata$zzzdbg           DATA
 0002:00000d10 00000004H .rtc$IAA                DATA
 0002:00000d14 00000004H .rtc$IZZ                DATA
 0002:00000d18 00000004H .rtc$TAA                DATA
 0002:00000d1c 00000004H .rtc$TZZ                DATA
 0002:00000d20 00000bd0H .xdata$x                DATA
 0002:000018f0 00000590H .edata                  DATA
 0002:00001e80 0000008cH .idata$2                DATA
 0002:00001f0c 00000014H .idata$3                DATA
 0002:00001f20 00000164H .idata$4                DATA
 0002:00002084 00000b76H .idata$6                DATA
 0003:00000000 00000020H .data                   DATA
 0003:00000020 00000300H .data$r                 DATA
 0003:00000320 000003b8H .bss                    DATA
 0004:00000000 00000048H .gfids$y                DATA
 0005:00000000 00000004H .tls                    DATA
 0005:00000004 00000004H .tls$                   DATA
 0005:00000008 00000001H .tls$ZZZ                DATA
 0006:00000000 00000060H .rsrc$01                DATA
 0006:00000060 00000180H .rsrc$02                DATA

  Address         Publics by Value              Rva+Base       Lib:Object

 0000:00000000       ___guard_longjmp_count     00000000     <absolute>
 0000:00000000       ___guard_iat_table         00000000     <absolute>
 0000:00000000       ___guard_fids_table        00000000     <absolute>
 0000:00000000       ___guard_fids_count        00000000     <absolute>
 0000:00000000       ___guard_iat_count         00000000     <absolute>
 0000:00000000       ___guard_longjmp_table     00000000     <absolute>
 0000:00000000       ___dynamic_value_reloc_table 00000000     <absolute>
 0000:00000024       ___safe_se_handler_count   00000024     <absolute>
 0000:0000002c       __tls_array                0000002c     <absolute>
 0000:00000100       ___guard_flags             00000100     <absolute>
 0000:00000000       ___ImageBase               10000000     <linker-defined>
 0001:00000000       ??0BoolExprParser@boolstuff@@QAE@XZ 10001000 f   BoolExprParser.obj
 0001:00000020       ??1BoolExprParser@boolstuff@@QAE@XZ 10001020 f   BoolExprParser.obj
 0001:00000060       ?parse@BoolExprParser@boolstuff@@QAEPAV?$BoolExpr@V?$basic_string@DU?$char_traits@D@std@@V?$allocator@D@2@@std@@@2@ABV?$basic_string@DU?$char_traits@D@std@@V?$allocator@D@2@@std@@@Z 10001060 f   BoolExprParser.obj
 0001:000000f0       ?parseExpr@BoolExprParser@boolstuff@@AAEPAV?$BoolExpr@V?$basic_string@DU?$char_traits@D@std@@V?$allocator@D@2@@std@@@2@XZ 100010f0 f   BoolExprParser.obj
 0001:000001d0       ?parseTerm@BoolExprParser@boolstuff@@AAEPAV?$BoolExpr@V?$basic_string@DU?$char_traits@D@std@@V?$allocator@D@2@@std@@@2@XZ 100011d0 f   BoolExprParser.obj
 0001:000002b0       ?parseFactor@BoolExprParser@boolstuff@@AAEPAV?$BoolExpr@V?$basic_string@DU?$char_traits@D@std@@V?$allocator@D@2@@std@@@2@XZ 100012b0 f   BoolExprParser.obj
 0001:000003a0       ?parseAtom@BoolExprParser@boolstuff@@AAEPAV?$BoolExpr@V?$basic_string@DU?$char_traits@D@std@@V?$allocator@D@2@@std@@@2@XZ 100013a0 f   BoolExprParser.obj
 0001:00000490       ?parseIdentifier@BoolExprParser@boolstuff@@AAEPAV?$BoolExpr@V?$basic_string@DU?$char_traits@D@std@@V?$allocator@D@2@@std@@@2@XZ 10001490 f   BoolExprParser.obj
 0001:000005b0       ?atEnd@BoolExprParser@boolstuff@@AAE_NXZ 100015b0 f   BoolExprParser.obj
 0001:000005d0       ?tokenSeen@BoolExprParser@boolstuff@@AAE_NPBD@Z 100015d0 f   BoolExprParser.obj
 0001:00000620       ?skipToken@BoolExprParser@boolstuff@@AAEXPBD@Z 10001620 f   BoolExprParser.obj
 0001:00000640       ?skipSpaces@BoolExprParser@boolstuff@@AAEXXZ 10001640 f   BoolExprParser.obj
 0001:00000680       ?isIdentifierChar@BoolExprParser@boolstuff@@ABE_ND@Z 10001680 f   BoolExprParser.obj
 0001:000006b0       ??0?$BoolExpr@V?$basic_string@DU?$char_traits@D@std@@V?$allocator@D@2@@std@@@boolstuff@@QAE@ABV?$basic_string@DU?$char_traits@D@std@@V?$allocator@D@2@@std@@@Z 100016b0 f i BoolExprParser.obj
 0001:00000700       ??0?$BoolExpr@V?$basic_string@DU?$char_traits@D@std@@V?$allocator@D@2@@std@@@boolstuff@@QAE@W4Type@01@PAV01@1@Z 10001700 f i BoolExprParser.obj
 0001:00000730       ??1?$BoolExpr@V?$basic_string@DU?$char_traits@D@std@@V?$allocator@D@2@@std@@@boolstuff@@QAE@XZ 10001730 f i BoolExprParser.obj
 0001:000007b0       ??1?$auto_ptr@V?$BoolExpr@V?$basic_string@DU?$char_traits@D@std@@V?$allocator@D@2@@std@@@boolstuff@@@std@@QAE@XZ 100017b0 f i BoolExprParser.obj
 0001:000007d0       ??1?$basic_string@DU?$char_traits@D@std@@V?$allocator@D@2@@std@@QAE@XZ 100017d0 f i BoolExprParser.obj
 0001:00000810       ?_Copy@?$basic_string@DU?$char_traits@D@std@@V?$allocator@D@2@@std@@QAEXII@Z 10001810 f i BoolExprParser.obj
 0001:000009b0       ?_Deallocate@std@@YAXPAXII@Z 100019b0 f i BoolExprParser.obj
 0001:00000a20       ?allocate@?$_Wrap_alloc@V?$allocator@D@std@@@std@@QAEPADI@Z 10001a20 f i BoolExprParser.obj
 0001:00000a80       ?assign@?$basic_string@DU?$char_traits@D@std@@V?$allocator@D@2@@std@@QAEAAV12@ABV12@II@Z 10001a80 f i BoolExprParser.obj
 0001:00000b80       ?erase@?$basic_string@DU?$char_traits@D@std@@V?$allocator@D@2@@std@@QAEAAV12@II@Z 10001b80 f i BoolExprParser.obj
 0001:00000c20       _boolstuff_create_value_node 10001c20 f   c-api.obj
 0001:00000cd0       _boolstuff_create_operator_node 10001cd0 f   c-api.obj
 0001:00000d50       _boolstuff_parse           10001d50 f   c-api.obj
 0001:00000e90       _boolstuff_destroy_tree    10001e90 f   c-api.obj
 0001:00000eb0       _boolstuff_get_node_type   10001eb0 f   c-api.obj
 0001:00000ef0       _boolstuff_get_node_value  10001ef0 f   c-api.obj
 0001:00000f00       _boolstuff_get_left_subtree 10001f00 f   c-api.obj
 0001:00000f10       _boolstuff_get_right_subtree 10001f10 f   c-api.obj
 0001:00000f20       _boolstuff_set_node_type   10001f20 f   c-api.obj
 0001:00000f60       _boolstuff_set_left_subtree 10001f60 f   c-api.obj
 0001:00000f70       _boolstuff_set_right_subtree 10001f70 f   c-api.obj
 0001:00000f80       _boolstuff_set_node_value  10001f80 f   c-api.obj
 0001:00001000       _boolstuff_print_tree      10002000 f   c-api.obj
 0001:00001050       _boolstuff_print_tree_to_string 10002050 f   c-api.obj
 0001:00001190       _boolstuff_free_string     10002190 f   c-api.obj
 0001:000011a0       _boolstuff_clone_tree      100021a0 f   c-api.obj
 0001:000011b0       _boolstuff_get_disjunctive_normal_form 100021b0 f   c-api.obj
 0001:000011c0       _boolstuff_is_disjunctive_normal_form 100021c0 f   c-api.obj
 0001:000011d0       _boolstuff_get_dnf_term_roots 100021d0 f   c-api.obj
 0001:000012f0       _boolstuff_free_node_array 100022f0 f   c-api.obj
 0001:00001300       _boolstuff_get_tree_variables 10002300 f   c-api.obj
 0001:000014f0       _boolstuff_free_variables_sets 100024f0 f   c-api.obj
 0001:00001580       ??$?6DU?$char_traits@D@std@@V?$allocator@D@1@@std@@YAAAV?$basic_ostream@DU?$char_traits@D@std@@@0@AAV10@ABV?$basic_string@DU?$char_traits@D@std@@V?$allocator@D@2@@0@@Z 10002580 f i c-api.obj
 0001:00001770       ??$?6U?$char_traits@D@std@@@std@@YAAAV?$basic_ostream@DU?$char_traits@D@std@@@0@AAV10@D@Z 10002770 f i c-api.obj
 0001:00001970       ??$?6U?$char_traits@D@std@@@std@@YAAAV?$basic_ostream@DU?$char_traits@D@std@@@0@AAV10@PBD@Z 10002970 f i c-api.obj
 0001:00001ba0       ??$?MDU?$char_traits@D@std@@V?$allocator@D@1@@std@@YA_NABV?$basic_string@DU?$char_traits@D@std@@V?$allocator@D@2@@0@0@Z 10002ba0 f i c-api.obj
 0001:00001c00       ??$_Buynode@ABV?$Literal@V?$basic_string@DU?$char_traits@D@std@@V?$allocator@D@2@@std@@@boolstuff@@@?$_Tree_comp_alloc@V?$_Tset_traits@V?$Literal@V?$basic_string@DU?$char_traits@D@std@@V?$allocator@D@2@@std@@@boolstuff@@U?$less@V?$Literal@V?$basic_string@DU?$char_traits@D@std@@V?$allocator@D@2@@std@@@boolstuff@@@std@@V?$allocator@V?$Literal@V?$basic_string@DU?$char_traits@D@std@@V?$allocator@D@2@@std@@@boolstuff@@@4@$0A@@std@@@std@@QAEPAU?$_Tree_node@V?$Literal@V?$basic_string@DU?$char_traits@D@std@@V?$allocator@D@2@@std@@@boolstuff@@PAX@1@ABV?$Literal@V?$basic_string@DU?$char_traits@D@std@@V?$allocator@D@2@@std@@@boolstuff@@@Z 10002c00 f i c-api.obj
 0001:00001cb0       ??$_Buynode@ABV?$basic_string@DU?$char_traits@D@std@@V?$allocator@D@2@@std@@@?$_Tree_comp_alloc@V?$_Tset_traits@V?$basic_string@DU?$char_traits@D@std@@V?$allocator@D@2@@std@@U?$less@V?$basic_string@DU?$char_traits@D@std@@V?$allocator@D@2@@std@@@2@V?$allocator@V?$basic_string@DU?$char_traits@D@std@@V?$allocator@D@2@@std@@@2@$0A@@std@@@std@@QAEPAU?$_Tree_node@V?$basic_string@DU?$char_traits@D@std@@V?$allocator@D@2@@std@@PAX@1@ABV?$basic_string@DU?$char_traits@D@std@@V?$allocator@D@2@@1@@Z 10002cb0 f i c-api.obj
 0001:00001d60       ??$_Copy_backward_unchecked1@V?$_Vb_iterator@U?$_Wrap_alloc@V?$allocator@I@std@@@std@@@std@@V12@@std@@YA?AV?$_Vb_iterator@U?$_Wrap_alloc@V?$allocator@I@std@@@std@@@0@V10@00U_General_ptr_iterator_tag@0@@Z 10002d60 f i c-api.obj
 0001:00001de0       ??$_Destroy_range1@V?$allocator@V?$Literal@V?$basic_string@DU?$char_traits@D@std@@V?$allocator@D@2@@std@@@boolstuff@@@std@@PAV?$Literal@V?$basic_string@DU?$char_traits@D@std@@V?$allocator@D@2@@std@@@boolstuff@@@std@@YAXPAV?$Literal@V?$basic_string@DU?$char_traits@D@std@@V?$allocator@D@2@@std@@@boolstuff@@0AAU?$_Wrap_alloc@V?$allocator@V?$Literal@V?$basic_string@DU?$char_traits@D@std@@V?$allocator@D@2@@std@@@boolstuff@@@std@@@0@U?$integral_constant@_N$0A@@0@@Z 10002de0 f i c-api.obj
 0001:00001e40       ??$_Destroy_range1@V?$allocator@V?$vector@V?$Literal@V?$basic_string@DU?$char_traits@D@std@@V?$allocator@D@2@@std@@@boolstuff@@V?$allocator@V?$Literal@V?$basic_string@DU?$char_traits@D@std@@V?$allocator@D@2@@std@@@boolstuff@@@std@@@std@@@std@@PAV?$vector@V?$Literal@V?$basic_string@DU?$char_traits@D@std@@V?$allocator@D@2@@std@@@boolstuff@@V?$allocator@V?$Literal@V?$basic_string@DU?$char_traits@D@std@@V?$allocator@D@2@@std@@@boolstuff@@@std@@@2@@std@@YAXPAV?$vector@V?$Literal@V?$basic_string@DU?$char_traits@D@std@@V?$allocator@D@2@@std@@@boolstuff@@V?$allocator@V?$Literal@V?$basic_string@DU?$char_traits@D@std@@V?$allocator@D@2@@std@@@boolstuff@@@std@@@0@0AAU?$_Wrap_alloc@V?$allocator@V?$vector@V?$Literal@V?$basic_string@DU?$char_traits@D@std@@V?$allocator@D@2@@std@@@boolstuff@@V?$allocator@V?$Literal@V?$basic_string@DU?$char_traits@D@std@@V?$allocator@D@2@@std@@@boolstuff@@@std@@@std@@@std@@@0@U?$integral_constant@_N$0A@@0@@Z 10002e40 f i c-api.obj
 0001:00001ef0       ??$_Fill_unchecked1@V?$_Vb_iterator@U?$_Wrap_alloc@V?$allocator@I@std@@@std@@@std@@_N@std@@YAXV?$_Vb_iterator@U?$_Wrap_alloc@V?$allocator@I@std@@@std@@@0@0AB_NU?$integral_constant@_N$0A@@0@@Z 10002ef0 f i c-api.obj
 0001:00001f50       ??$_Guess_median_unchecked@PAPAV?$BoolExpr@V?$basic_string@DU?$char_traits@D@std@@V?$allocator@D@2@@std@@@boolstuff@@P6A_NPAV12@0@Z@std@@YAXPAPAV?$BoolExpr@V?$basic_string@DU?$char_traits@D@std@@V?$allocator@D@2@@std@@@boolstuff@@00AAP6A_NPAV12@1@Z@Z 10002f50 f i c-api.obj
 0001:00002000       ??$_Insert_at@ABV?$Literal@V?$basic_string@DU?$char_traits@D@std@@V?$allocator@D@2@@std@@@boolstuff@@U_Nil@std@@@?$_Tree@V?$_Tset_traits@V?$Literal@V?$basic_string@DU?$char_traits@D@std@@V?$allocator@D@2@@std@@@boolstuff@@U?$less@V?$Literal@V?$basic_string@DU?$char_traits@D@std@@V?$allocator@D@2@@std@@@boolstuff@@@std@@V?$allocator@V?$Literal@V?$basic_string@DU?$char_traits@D@std@@V?$allocator@D@2@@std@@@boolstuff@@@4@$0A@@std@@@std@@IAE?AV?$_Tree_const_iterator@V?$_Tree_val@U?$_Tree_simple_types@V?$Literal@V?$basic_string@DU?$char_traits@D@std@@V?$allocator@D@2@@std@@@boolstuff@@@std@@@std@@@1@_NPAU?$_Tree_node@V?$Literal@V?$basic_string@DU?$char_traits@D@std@@V?$allocator@D@2@@std@@@boolstuff@@PAX@1@ABV?$Literal@V?$basic_string@DU?$char_traits@D@std@@V?$allocator@D@2@@std@@@boolstuff@@U_Nil@1@@Z 10003000 f i c-api.obj
 0001:00002190       ??$_Insert_at@ABV?$basic_string@DU?$char_traits@D@std@@V?$allocator@D@2@@std@@U_Nil@2@@?$_Tree@V?$_Tset_traits@V?$basic_string@DU?$char_traits@D@std@@V?$allocator@D@2@@std@@U?$less@V?$basic_string@DU?$char_traits@D@std@@V?$allocator@D@2@@std@@@2@V?$allocator@V?$basic_string@DU?$char_traits@D@std@@V?$allocator@D@2@@std@@@2@$0A@@std@@@std@@IAE?AV?$_Tree_const_iterator@V?$_Tree_val@U?$_Tree_simple_types@V?$basic_string@DU?$char_traits@D@std@@V?$allocator@D@2@@std@@@std@@@std@@@1@_NPAU?$_Tree_node@V?$basic_string@DU?$char_traits@D@std@@V?$allocator@D@2@@std@@PAX@1@ABV?$basic_string@DU?$char_traits@D@std@@V?$allocator@D@2@@1@U_Nil@1@@Z 10003190 f i c-api.obj
 0001:00002320       ??$_Insert_hint@ABV?$basic_string@DU?$char_traits@D@std@@V?$allocator@D@2@@std@@U_Nil@2@@?$_Tree@V?$_Tset_traits@V?$basic_string@DU?$char_traits@D@std@@V?$allocator@D@2@@std@@U?$less@V?$basic_string@DU?$char_traits@D@std@@V?$allocator@D@2@@std@@@2@V?$allocator@V?$basic_string@DU?$char_traits@D@std@@V?$allocator@D@2@@std@@@2@$0A@@std@@@std@@IAE?AV?$_Tree_const_iterator@V?$_Tree_val@U?$_Tree_simple_types@V?$basic_string@DU?$char_traits@D@std@@V?$allocator@D@2@@std@@@std@@@std@@@1@V21@ABV?$basic_string@DU?$char_traits@D@std@@V?$allocator@D@2@@1@U_Nil@1@@Z 10003320 f i c-api.obj
 0001:00002560       ??$_Insert_nohint@ABV?$Literal@V?$basic_string@DU?$char_traits@D@std@@V?$allocator@D@2@@std@@@boolstuff@@U_Nil@std@@@?$_Tree@V?$_Tset_traits@V?$Literal@V?$basic_string@DU?$char_traits@D@std@@V?$allocator@D@2@@std@@@boolstuff@@U?$less@V?$Literal@V?$basic_string@DU?$char_traits@D@std@@V?$allocator@D@2@@std@@@boolstuff@@@std@@V?$allocator@V?$Literal@V?$basic_string@DU?$char_traits@D@std@@V?$allocator@D@2@@std@@@boolstuff@@@4@$0A@@std@@@std@@IAE?AU?$pair@V?$_Tree_const_iterator@V?$_Tree_val@U?$_Tree_simple_types@V?$Literal@V?$basic_string@DU?$char_traits@D@std@@V?$allocator@D@2@@std@@@boolstuff@@@std@@@std@@@std@@_N@1@_NABV?$Literal@V?$basic_string@DU?$char_traits@D@std@@V?$allocator@D@2@@std@@@boolstuff@@U_Nil@1@@Z 10003560 f i c-api.obj
 0001:00002740       ??$_Insert_nohint@ABV?$basic_string@DU?$char_traits@D@std@@V?$allocator@D@2@@std@@U_Nil@2@@?$_Tree@V?$_Tset_traits@V?$basic_string@DU?$char_traits@D@std@@V?$allocator@D@2@@std@@U?$less@V?$basic_string@DU?$char_traits@D@std@@V?$allocator@D@2@@std@@@2@V?$allocator@V?$basic_string@DU?$char_traits@D@std@@V?$allocator@D@2@@std@@@2@$0A@@std@@@std@@IAE?AU?$pair@V?$_Tree_const_iterator@V?$_Tree_val@U?$_Tree_simple_types@V?$basic_string@DU?$char_traits@D@std@@V?$allocator@D@2@@std@@@std@@@std@@@std@@_N@1@_NABV?$basic_string@DU?$char_traits@D@std@@V?$allocator@D@2@@1@U_Nil@1@@Z 10003740 f i c-api.obj
 0001:00002990       ??$_Insertion_sort_unchecked@PAPAV?$BoolExpr@V?$basic_string@DU?$char_traits@D@std@@V?$allocator@D@2@@std@@@boolstuff@@P6A_NPAV12@0@Z@std@@YAXPAPAV?$BoolExpr@V?$basic_string@DU?$char_traits@D@std@@V?$allocator@D@2@@std@@@boolstuff@@0AAP6A_NPAV12@1@Z@Z 10003990 f i c-api.obj
 0001:00002a30       ??$_Lbound@V?$Literal@V?$basic_string@DU?$char_traits@D@std@@V?$allocator@D@2@@std@@@boolstuff@@@?$_Tree@V?$_Tset_traits@V?$Literal@V?$basic_string@DU?$char_traits@D@std@@V?$allocator@D@2@@std@@@boolstuff@@U?$less@V?$Literal@V?$basic_string@DU?$char_traits@D@std@@V?$allocator@D@2@@std@@@boolstuff@@@std@@V?$allocator@V?$Literal@V?$basic_string@DU?$char_traits@D@std@@V?$allocator@D@2@@std@@@boolstuff@@@4@$0A@@std@@@std@@IBEPAU?$_Tree_node@V?$Literal@V?$basic_string@DU?$char_traits@D@std@@V?$allocator@D@2@@std@@@boolstuff@@PAX@1@ABV?$Literal@V?$basic_string@DU?$char_traits@D@std@@V?$allocator@D@2@@std@@@boolstuff@@@Z 10003a30 f i c-api.obj
 0001:00002b30       ??$_Make_heap_unchecked@PAPAV?$BoolExpr@V?$basic_string@DU?$char_traits@D@std@@V?$allocator@D@2@@std@@@boolstuff@@P6A_NPAV12@0@Z@std@@YAXPAPAV?$BoolExpr@V?$basic_string@DU?$char_traits@D@std@@V?$allocator@D@2@@std@@@boolstuff@@0AAP6A_NPAV12@1@Z@Z 10003b30 f i c-api.obj
 0001:00002c10       ??$_Med3_unchecked@PAPAV?$BoolExpr@V?$basic_string@DU?$char_traits@D@std@@V?$allocator@D@2@@std@@@boolstuff@@P6A_NPAV12@0@Z@std@@YAXPAPAV?$BoolExpr@V?$basic_string@DU?$char_traits@D@std@@V?$allocator@D@2@@std@@@boolstuff@@00AAP6A_NPAV12@1@Z@Z 10003c10 f i c-api.obj
 0001:00002c70       ??$_Partition_by_median_guess_unchecked@PAPAV?$BoolExpr@V?$basic_string@DU?$char_traits@D@std@@V?$allocator@D@2@@std@@@boolstuff@@P6A_NPAV12@0@Z@std@@YA?AU?$pair@PAPAV?$BoolExpr@V?$basic_string@DU?$char_traits@D@std@@V?$allocator@D@2@@std@@@boolstuff@@PAPAV12@@0@PAPAV?$BoolExpr@V?$basic_string@DU?$char_traits@D@std@@V?$allocator@D@2@@std@@@boolstuff@@0AAP6A_NPAV23@1@Z@Z 10003c70 f i c-api.obj
 0001:00002e60       ??$_Pop_heap_hole_by_index@PAPAV?$BoolExpr@V?$basic_string@DU?$char_traits@D@std@@V?$allocator@D@2@@std@@@boolstuff@@HPAV12@P6A_NPAV12@0@Z@std@@YAXPAPAV?$BoolExpr@V?$basic_string@DU?$char_traits@D@std@@V?$allocator@D@2@@std@@@boolstuff@@HH$$QAPAV12@AAP6A_NPAV12@2@Z@Z 10003e60 f i c-api.obj
 0001:00002ef0       ??$_Push_heap_by_index@PAPAV?$BoolExpr@V?$basic_string@DU?$char_traits@D@std@@V?$allocator@D@2@@std@@@boolstuff@@HPAV12@P6A_NPAV12@0@Z@std@@YAXPAPAV?$BoolExpr@V?$basic_string@DU?$char_traits@D@std@@V?$allocator@D@2@@std@@@boolstuff@@HH$$QAPAV12@AAP6A_NPAV12@2@Z@Z 10003ef0 f i c-api.obj
 0001:00002f60       ??$_Rotate_unchecked1@PAPAV?$BoolExpr@V?$basic_string@DU?$char_traits@D@std@@V?$allocator@D@2@@std@@@boolstuff@@@std@@YAPAPAV?$BoolExpr@V?$basic_string@DU?$char_traits@D@std@@V?$allocator@D@2@@std@@@boolstuff@@PAPAV12@00Urandom_access_iterator_tag@0@@Z 10003f60 f i c-api.obj
 0001:00002fe0       ??$_Rotate_unchecked1@PAPBV?$BoolExpr@V?$basic_string@DU?$char_traits@D@std@@V?$allocator@D@2@@std@@@boolstuff@@@std@@YAPAPBV?$BoolExpr@V?$basic_string@DU?$char_traits@D@std@@V?$allocator@D@2@@std@@@boolstuff@@PAPBV12@00Urandom_access_iterator_tag@0@@Z 10003fe0 f i c-api.obj
 0001:00003060       ??$_Set_intersection_no_deprecate1@V?$_Tree_unchecked_const_iterator@V?$_Tree_val@U?$_Tree_simple_types@V?$basic_string@DU?$char_traits@D@std@@V?$allocator@D@2@@std@@@std@@@std@@U_Iterator_base0@2@@std@@V12@V?$insert_iterator@V?$set@V?$basic_string@DU?$char_traits@D@std@@V?$allocator@D@2@@std@@U?$less@V?$basic_string@DU?$char_traits@D@std@@V?$allocator@D@2@@std@@@2@V?$allocator@V?$basic_string@DU?$char_traits@D@std@@V?$allocator@D@2@@std@@@2@@std@@@2@U?$less@X@2@@std@@YA?AV?$insert_iterator@V?$set@V?$basic_string@DU?$char_traits@D@std@@V?$allocator@D@2@@std@@U?$less@V?$basic_string@DU?$char_traits@D@std@@V?$allocator@D@2@@std@@@2@V?$allocator@V?$basic_string@DU?$char_traits@D@std@@V?$allocator@D@2@@std@@@2@@std@@@0@V?$_Tree_unchecked_const_iterator@V?$_Tree_val@U?$_Tree_simple_types@V?$basic_string@DU?$char_traits@D@std@@V?$allocator@D@2@@std@@@std@@@std@@U_Iterator_base0@2@@0@000V10@AAU?$less@X@0@@Z 10004060 f i c-api.obj
 0001:00003250       ??$_Sort_heap_unchecked@PAPAV?$BoolExpr@V?$basic_string@DU?$char_traits@D@std@@V?$allocator@D@2@@std@@@boolstuff@@P6A_NPAV12@0@Z@std@@YAXPAPAV?$BoolExpr@V?$basic_string@DU?$char_traits@D@std@@V?$allocator@D@2@@std@@@boolstuff@@0AAP6A_NPAV12@1@Z@Z 10004250 f i c-api.obj
 0001:000032b0       ??$_Sort_unchecked1@PAPAV?$BoolExpr@V?$basic_string@DU?$char_traits@D@std@@V?$allocator@D@2@@std@@@boolstuff@@HP6A_NPAV12@0@Z@std@@YAXPAPAV?$BoolExpr@V?$basic_string@DU?$char_traits@D@std@@V?$allocator@D@2@@std@@@boolstuff@@0HAAP6A_NPAV12@1@Z@Z 100042b0 f i c-api.obj
 0001:00003380       ??$_Uninit_alloc_fill_n1@PAIIV?$allocator@I@std@@@std@@YAXPAIIPBIAAU?$_Wrap_alloc@V?$allocator@I@std@@@0@U?$integral_constant@_N$0A@@0@@Z 10004380 f i c-api.obj
 0001:000033b0       ??$_Uninitialized_move_al_unchecked1@PAV?$Literal@V?$basic_string@DU?$char_traits@D@std@@V?$allocator@D@2@@std@@@boolstuff@@PAV12@V?$allocator@V?$Literal@V?$basic_string@DU?$char_traits@D@std@@V?$allocator@D@2@@std@@@boolstuff@@@std@@@std@@YAPAV?$Literal@V?$basic_string@DU?$char_traits@D@std@@V?$allocator@D@2@@std@@@boolstuff@@PAV12@00AAU?$_Wrap_alloc@V?$allocator@V?$Literal@V?$basic_string@DU?$char_traits@D@std@@V?$allocator@D@2@@std@@@boolstuff@@@std@@@0@U_General_ptr_iterator_tag@0@U_Any_tag@0@@Z 100043b0 f i c-api.obj
 0001:00003460       ??$_Uninitialized_move_al_unchecked1@PAV?$vector@V?$Literal@V?$basic_string@DU?$char_traits@D@std@@V?$allocator@D@2@@std@@@boolstuff@@V?$allocator@V?$Literal@V?$basic_string@DU?$char_traits@D@std@@V?$allocator@D@2@@std@@@boolstuff@@@std@@@std@@PAV12@V?$allocator@V?$vector@V?$Literal@V?$basic_string@DU?$char_traits@D@std@@V?$allocator@D@2@@std@@@boolstuff@@V?$allocator@V?$Literal@V?$basic_string@DU?$char_traits@D@std@@V?$allocator@D@2@@std@@@boolstuff@@@std@@@std@@@2@@std@@YAPAV?$vector@V?$Literal@V?$basic_string@DU?$char_traits@D@std@@V?$allocator@D@2@@std@@@boolstuff@@V?$allocator@V?$Literal@V?$basic_string@DU?$char_traits@D@std@@V?$allocator@D@2@@std@@@boolstuff@@@std@@@0@PAV10@00AAU?$_Wrap_alloc@V?$allocator@V?$vector@V?$Literal@V?$basic_string@DU?$char_traits@D@std@@V?$allocator@D@2@@std@@@boolstuff@@V?$allocator@V?$Literal@V?$basic_string@DU?$char_traits@D@std@@V?$allocator@D@2@@std@@@boolstuff@@@std@@@std@@@std@@@0@U_General_ptr_iterator_tag@0@U_Any_tag@0@@Z 10004460 f i c-api.obj
 0001:000034c0       ??$__vcrt_va_start_verify_argument_type@QBD@@YAXXZ 100044c0 f i c-api.obj
 0001:000034d0       ??$copy_backward@V?$_Vb_iterator@U?$_Wrap_alloc@V?$allocator@I@std@@@std@@@std@@V12@@std@@YA?AV?$_Vb_iterator@U?$_Wrap_alloc@V?$allocator@I@std@@@std@@@0@V10@00@Z 100044d0 f i c-api.obj
 0001:00003510       ??$emplace@PAV?$BoolExpr@V?$basic_string@DU?$char_traits@D@std@@V?$allocator@D@2@@std@@@boolstuff@@@?$vector@PAV?$BoolExpr@V?$basic_string@DU?$char_traits@D@std@@V?$allocator@D@2@@std@@@boolstuff@@V?$allocator@PAV?$BoolExpr@V?$basic_string@DU?$char_traits@D@std@@V?$allocator@D@2@@std@@@boolstuff@@@std@@@std@@QAE?AV?$_Vector_iterator@V?$_Vector_val@U?$_Simple_types@PAV?$BoolExpr@V?$basic_string@DU?$char_traits@D@std@@V?$allocator@D@2@@std@@@boolstuff@@@std@@@std@@@1@V?$_Vector_const_iterator@V?$_Vector_val@U?$_Simple_types@PAV?$BoolExpr@V?$basic_string@DU?$char_traits@D@std@@V?$allocator@D@2@@std@@@boolstuff@@@std@@@std@@@1@$$QAPAV?$BoolExpr@V?$basic_string@DU?$char_traits@D@std@@V?$allocator@D@2@@std@@@boolstuff@@@Z 10004510 f i c-api.obj
 0001:00003580       ??$emplace@PBV?$BoolExpr@V?$basic_string@DU?$char_traits@D@std@@V?$allocator@D@2@@std@@@boolstuff@@@?$vector@PBV?$BoolExpr@V?$basic_string@DU?$char_traits@D@std@@V?$allocator@D@2@@std@@@boolstuff@@V?$allocator@PBV?$BoolExpr@V?$basic_string@DU?$char_traits@D@std@@V?$allocator@D@2@@std@@@boolstuff@@@std@@@std@@QAE?AV?$_Vector_iterator@V?$_Vector_val@U?$_Simple_types@PBV?$BoolExpr@V?$basic_string@DU?$char_traits@D@std@@V?$allocator@D@2@@std@@@boolstuff@@@std@@@std@@@1@V?$_Vector_const_iterator@V?$_Vector_val@U?$_Simple_types@PBV?$BoolExpr@V?$basic_string@DU?$char_traits@D@std@@V?$allocator@D@2@@std@@@boolstuff@@@std@@@std@@@1@$$QAPBV?$BoolExpr@V?$basic_string@DU?$char_traits@D@std@@V?$allocator@D@2@@std@@@boolstuff@@@Z 10004580 f i c-api.obj
 0001:000036a0       ??$getDNFTermRoots@V?$insert_iterator@V?$vector@PAV?$BoolExpr@V?$basic_string@DU?$char_traits@D@std@@V?$allocator@D@2@@std@@@boolstuff@@V?$allocator@PAV?$BoolExpr@V?$basic_string@DU?$char_traits@D@std@@V?$allocator@D@2@@std@@@boolstuff@@@std@@@std@@@std@@@?$BoolExpr@V?$basic_string@DU?$char_traits@D@std@@V?$allocator@D@2@@std@@@boolstuff@@QBE?AV?$insert_iterator@V?$vector@PAV?$BoolExpr@V?$basic_string@DU?$char_traits@D@std@@V?$allocator@D@2@@std@@@boolstuff@@V?$allocator@PAV?$BoolExpr@V?$basic_string@DU?$char_traits@D@std@@V?$allocator@D@2@@std@@@boolstuff@@@std@@@std@@@std@@V23@@Z 100046a0 f i c-api.obj
 0001:00003750       ??$getDNFTermRoots@V?$insert_iterator@V?$vector@PBV?$BoolExpr@V?$basic_string@DU?$char_traits@D@std@@V?$allocator@D@2@@std@@@boolstuff@@V?$allocator@PBV?$BoolExpr@V?$basic_string@DU?$char_traits@D@std@@V?$allocator@D@2@@std@@@boolstuff@@@std@@@std@@@std@@@?$BoolExpr@V?$basic_string@DU?$char_traits@D@std@@V?$allocator@D@2@@std@@@boolstuff@@QBE?AV?$insert_iterator@V?$vector@PBV?$BoolExpr@V?$basic_string@DU?$char_traits@D@std@@V?$allocator@D@2@@std@@@boolstuff@@V?$allocator@PBV?$BoolExpr@V?$basic_string@DU?$char_traits@D@std@@V?$allocator@D@2@@std@@@boolstuff@@@std@@@std@@@std@@V23@@Z 10004750 f i c-api.obj
 0001:00003800       ??1?$Literal@V?$basic_string@DU?$char_traits@D@std@@V?$allocator@D@2@@std@@@boolstuff@@QAE@XZ 10004800 f i c-api.obj
 0001:00003840       ??1?$basic_ostringstream@DU?$char_traits@D@std@@V?$allocator@D@2@@std@@UAE@XZ 10004840 f i c-api.obj
 0001:00003890       ??1?$basic_stringbuf@DU?$char_traits@D@std@@V?$allocator@D@2@@std@@UAE@XZ 10004890 f i c-api.obj
 0001:000038b0       ??1?$basic_stringstream@DU?$char_traits@D@std@@V?$allocator@D@2@@std@@UAE@XZ 100048b0 f i c-api.obj
 0001:00003900       ??1?$set@V?$Literal@V?$basic_string@DU?$char_traits@D@std@@V?$allocator@D@2@@std@@@boolstuff@@U?$less@V?$Literal@V?$basic_string@DU?$char_traits@D@std@@V?$allocator@D@2@@std@@@boolstuff@@@std@@V?$allocator@V?$Literal@V?$basic_string@DU?$char_traits@D@std@@V?$allocator@D@2@@std@@@boolstuff@@@4@@std@@QAE@XZ 10004900 f i c-api.obj
 0001:00003950       ??1?$set@V?$basic_string@DU?$char_traits@D@std@@V?$allocator@D@2@@std@@U?$less@V?$basic_string@DU?$char_traits@D@std@@V?$allocator@D@2@@std@@@2@V?$allocator@V?$basic_string@DU?$char_traits@D@std@@V?$allocator@D@2@@std@@@2@@std@@QAE@XZ 10004950 f i c-api.obj
 0001:000039a0       ??1?$vector@IV?$allocator@I@std@@@std@@QAE@XZ 100049a0 f i c-api.obj
 0001:000039e0       ??1?$vector@PAV?$BoolExpr@V?$basic_string@DU?$char_traits@D@std@@V?$allocator@D@2@@std@@@boolstuff@@V?$allocator@PAV?$BoolExpr@V?$basic_string@DU?$char_traits@D@std@@V?$allocator@D@2@@std@@@boolstuff@@@std@@@std@@QAE@XZ 100049e0 f i c-api.obj
 0001:00003a20       ??1?$vector@PBV?$BoolExpr@V?$basic_string@DU?$char_traits@D@std@@V?$allocator@D@2@@std@@@boolstuff@@V?$allocator@PBV?$BoolExpr@V?$basic_string@DU?$char_traits@D@std@@V?$allocator@D@2@@std@@@boolstuff@@@std@@@std@@QAE@XZ 10004a20 f i c-api.obj
 0001:00003a60       ??1?$vector@V?$Literal@V?$basic_string@DU?$char_traits@D@std@@V?$allocator@D@2@@std@@@boolstuff@@V?$allocator@V?$Literal@V?$basic_string@DU?$char_traits@D@std@@V?$allocator@D@2@@std@@@boolstuff@@@std@@@std@@QAE@XZ 10004a60 f i c-api.obj
 0001:00003ac0       ??1?$vector@V?$vector@V?$Literal@V?$basic_string@DU?$char_traits@D@std@@V?$allocator@D@2@@std@@@boolstuff@@V?$allocator@V?$Literal@V?$basic_string@DU?$char_traits@D@std@@V?$allocator@D@2@@std@@@boolstuff@@@std@@@std@@V?$allocator@V?$vector@V?$Literal@V?$basic_string@DU?$char_traits@D@std@@V?$allocator@D@2@@std@@@boolstuff@@V?$allocator@V?$Literal@V?$basic_string@DU?$char_traits@D@std@@V?$allocator@D@2@@std@@@boolstuff@@@std@@@std@@@2@@std@@QAE@XZ 10004ac0 f i c-api.obj
 0001:00003b20       ??1?$vector@_NV?$allocator@_N@std@@@std@@QAE@XZ 10004b20 f i c-api.obj
 0001:00003b60       ??1_Sentry_base@?$basic_ostream@DU?$char_traits@D@std@@@std@@QAE@XZ 10004b60 f i c-api.obj
 0001:00003ba0       ??1sentry@?$basic_ostream@DU?$char_traits@D@std@@@std@@QAE@XZ 10004ba0 f i c-api.obj
 0001:00003c00       ??3@YAXPAX0@Z              10004c00 f i c-api.obj
 0001:00003c10       ??E?$_Tree_unchecked_const_iterator@V?$_Tree_val@U?$_Tree_simple_types@V?$Literal@V?$basic_string@DU?$char_traits@D@std@@V?$allocator@D@2@@std@@@boolstuff@@@std@@@std@@U_Iterator_base0@2@@std@@QAEAAV01@XZ 10004c10 f i c-api.obj
 0001:00003c60       ??E?$_Tree_unchecked_const_iterator@V?$_Tree_val@U?$_Tree_simple_types@V?$basic_string@DU?$char_traits@D@std@@V?$allocator@D@2@@std@@@std@@@std@@U_Iterator_base0@2@@std@@QAEAAV01@XZ 10004c60 f i c-api.obj
 0001:00003cb0       ??F?$_Tree_unchecked_const_iterator@V?$_Tree_val@U?$_Tree_simple_types@V?$Literal@V?$basic_string@DU?$char_traits@D@std@@V?$allocator@D@2@@std@@@boolstuff@@@std@@@std@@U_Iterator_base0@2@@std@@QAEAAV01@XZ 10004cb0 f i c-api.obj
 0001:00003d10       ??F?$_Tree_unchecked_const_iterator@V?$_Tree_val@U?$_Tree_simple_types@V?$basic_string@DU?$char_traits@D@std@@V?$allocator@D@2@@std@@@std@@@std@@U_Iterator_base0@2@@std@@QAEAAV01@XZ 10004d10 f i c-api.obj
 0001:00003d70       ??H?$_Vb_iterator@U?$_Wrap_alloc@V?$allocator@I@std@@@std@@@std@@QBE?AV01@H@Z 10004d70 f i c-api.obj
 0001:00003dd0       ??M?$Literal@V?$basic_string@DU?$char_traits@D@std@@V?$allocator@D@2@@std@@@boolstuff@@QBE_NABV01@@Z 10004dd0 f i c-api.obj
 0001:00003e40       ??R?$less@V?$basic_string@DU?$char_traits@D@std@@V?$allocator@D@2@@std@@@std@@QBE_NABV?$basic_string@DU?$char_traits@D@std@@V?$allocator@D@2@@1@0@Z 10004e40 f i c-api.obj
 0001:00003ea0       ??_D?$basic_ostringstream@DU?$char_traits@D@std@@V?$allocator@D@2@@std@@QAEXXZ 10004ea0 f i c-api.obj
 0001:00003eea       ??_E?$basic_ostringstream@DU?$char_traits@D@std@@V?$allocator@D@2@@std@@$4PPPPPPPM@A@AEPAXI@Z 10004eea f i c-api.obj
 0001:00003ef2       ??_E?$basic_stringstream@DU?$char_traits@D@std@@V?$allocator@D@2@@std@@$4PPPPPPPM@A@AEPAXI@Z 10004ef2 f i c-api.obj
 0001:00003f00       ??_E?$basic_ostringstream@DU?$char_traits@D@std@@V?$allocator@D@2@@std@@UAEPAXI@Z 10004f00 f i c-api.obj
 0001:00003f00       ??_G?$basic_ostringstream@DU?$char_traits@D@std@@V?$allocator@D@2@@std@@UAEPAXI@Z 10004f00 f i c-api.obj
 0001:00003f70       ??_G?$basic_stringbuf@DU?$char_traits@D@std@@V?$allocator@D@2@@std@@UAEPAXI@Z 10004f70 f i c-api.obj
 0001:00003f70       ??_E?$basic_stringbuf@DU?$char_traits@D@std@@V?$allocator@D@2@@std@@UAEPAXI@Z 10004f70 f i c-api.obj
 0001:00003fa0       ??_E?$basic_stringstream@DU?$char_traits@D@std@@V?$allocator@D@2@@std@@UAEPAXI@Z 10004fa0 f i c-api.obj
 0001:00003fa0       ??_G?$basic_stringstream@DU?$char_traits@D@std@@V?$allocator@D@2@@std@@UAEPAXI@Z 10004fa0 f i c-api.obj
 0001:00004010       ?_Assign_rv@?$basic_string@DU?$char_traits@D@std@@V?$allocator@D@2@@std@@QAEX$$QAV12@@Z 10005010 f i c-api.obj
 0001:00004080       ?_Buyheadnode@?$_Tree_comp_alloc@V?$_Tset_traits@V?$Literal@V?$basic_string@DU?$char_traits@D@std@@V?$allocator@D@2@@std@@@boolstuff@@U?$less@V?$Literal@V?$basic_string@DU?$char_traits@D@std@@V?$allocator@D@2@@std@@@boolstuff@@@std@@V?$allocator@V?$Literal@V?$basic_string@DU?$char_traits@D@std@@V?$allocator@D@2@@std@@@boolstuff@@@4@$0A@@std@@@std@@QAEPAU?$_Tree_node@V?$Literal@V?$basic_string@DU?$char_traits@D@std@@V?$allocator@D@2@@std@@@boolstuff@@PAX@2@XZ 10005080 f i c-api.obj
 0001:000040b0       ?_Buyheadnode@?$_Tree_comp_alloc@V?$_Tset_traits@V?$basic_string@DU?$char_traits@D@std@@V?$allocator@D@2@@std@@U?$less@V?$basic_string@DU?$char_traits@D@std@@V?$allocator@D@2@@std@@@2@V?$allocator@V?$basic_string@DU?$char_traits@D@std@@V?$allocator@D@2@@std@@@2@$0A@@std@@@std@@QAEPAU?$_Tree_node@V?$basic_string@DU?$char_traits@D@std@@V?$allocator@D@2@@std@@PAX@2@XZ 100050b0 f i c-api.obj
 0001:000040e0       ?_Buynode0@?$_Tree_comp_alloc@V?$_Tset_traits@V?$Literal@V?$basic_string@DU?$char_traits@D@std@@V?$allocator@D@2@@std@@@boolstuff@@U?$less@V?$Literal@V?$basic_string@DU?$char_traits@D@std@@V?$allocator@D@2@@std@@@boolstuff@@@std@@V?$allocator@V?$Literal@V?$basic_string@DU?$char_traits@D@std@@V?$allocator@D@2@@std@@@boolstuff@@@4@$0A@@std@@@std@@QAEPAU?$_Tree_node@V?$Literal@V?$basic_string@DU?$char_traits@D@std@@V?$allocator@D@2@@std@@@boolstuff@@PAX@2@XZ 100050e0 f i c-api.obj
 0001:00004120       ?_Buynode0@?$_Tree_comp_alloc@V?$_Tset_traits@V?$basic_string@DU?$char_traits@D@std@@V?$allocator@D@2@@std@@U?$less@V?$basic_string@DU?$char_traits@D@std@@V?$allocator@D@2@@std@@@2@V?$allocator@V?$basic_string@DU?$char_traits@D@std@@V?$allocator@D@2@@std@@@2@$0A@@std@@@std@@QAEPAU?$_Tree_node@V?$basic_string@DU?$char_traits@D@std@@V?$allocator@D@2@@std@@PAX@2@XZ 10005120 f i c-api.obj
 0001:00004160       ?_Construct_n@?$vector@IV?$allocator@I@std@@@std@@QAEXIPBI@Z 10005160 f i c-api.obj
 0001:00004220       ?_Construct_n@?$vector@IV?$allocator@_N@std@@@std@@QAEXIPBI@Z 10005220 f i c-api.obj
 0001:000042e0       ?_Erase@?$_Tree@V?$_Tset_traits@V?$Literal@V?$basic_string@DU?$char_traits@D@std@@V?$allocator@D@2@@std@@@boolstuff@@U?$less@V?$Literal@V?$basic_string@DU?$char_traits@D@std@@V?$allocator@D@2@@std@@@boolstuff@@@std@@V?$allocator@V?$Literal@V?$basic_string@DU?$char_traits@D@std@@V?$allocator@D@2@@std@@@boolstuff@@@4@$0A@@std@@@std@@IAEXPAU?$_Tree_node@V?$Literal@V?$basic_string@DU?$char_traits@D@std@@V?$allocator@D@2@@std@@@boolstuff@@PAX@2@@Z 100052e0 f i c-api.obj
 0001:00004350       ?_Erase@?$_Tree@V?$_Tset_traits@V?$basic_string@DU?$char_traits@D@std@@V?$allocator@D@2@@std@@U?$less@V?$basic_string@DU?$char_traits@D@std@@V?$allocator@D@2@@std@@@2@V?$allocator@V?$basic_string@DU?$char_traits@D@std@@V?$allocator@D@2@@std@@@2@$0A@@std@@@std@@IAEXPAU?$_Tree_node@V?$basic_string@DU?$char_traits@D@std@@V?$allocator@D@2@@std@@PAX@2@@Z 10005350 f i c-api.obj
 0001:000043c0       ?_Insert_n@?$vector@_NV?$allocator@_N@std@@@std@@QAE?AV?$_Vb_iterator@U?$_Wrap_alloc@V?$allocator@I@std@@@std@@@2@V?$_Vb_const_iterator@U?$_Wrap_alloc@V?$allocator@I@std@@@std@@@2@IAB_N@Z 100053c0 f i c-api.obj
 0001:000044d0       ?_Insert_x@?$vector@_NV?$allocator@_N@std@@@std@@QAEIV?$_Vb_const_iterator@U?$_Wrap_alloc@V?$allocator@I@std@@@std@@@2@I@Z 100054d0 f i c-api.obj
 0001:000045b0       ?_Lrotate@?$_Tree@V?$_Tset_traits@V?$Literal@V?$basic_string@DU?$char_traits@D@std@@V?$allocator@D@2@@std@@@boolstuff@@U?$less@V?$Literal@V?$basic_string@DU?$char_traits@D@std@@V?$allocator@D@2@@std@@@boolstuff@@@std@@V?$allocator@V?$Literal@V?$basic_string@DU?$char_traits@D@std@@V?$allocator@D@2@@std@@@boolstuff@@@4@$0A@@std@@@std@@IAEXPAU?$_Tree_node@V?$Literal@V?$basic_string@DU?$char_traits@D@std@@V?$allocator@D@2@@std@@@boolstuff@@PAX@2@@Z 100055b0 f i c-api.obj
 0001:00004600       ?_Lrotate@?$_Tree@V?$_Tset_traits@V?$basic_string@DU?$char_traits@D@std@@V?$allocator@D@2@@std@@U?$less@V?$basic_string@DU?$char_traits@D@std@@V?$allocator@D@2@@std@@@2@V?$allocator@V?$basic_string@DU?$char_traits@D@std@@V?$allocator@D@2@@std@@@2@$0A@@std@@@std@@IAEXPAU?$_Tree_node@V?$basic_string@DU?$char_traits@D@std@@V?$allocator@D@2@@std@@PAX@2@@Z 10005600 f i c-api.obj
 0001:00004650       ?_Reallocate@?$vector@IV?$allocator@_N@std@@@std@@IAEXI@Z 10005650 f i c-api.obj
 0001:000046b0       ?_Reallocate@?$vector@PAV?$BoolExpr@V?$basic_string@DU?$char_traits@D@std@@V?$allocator@D@2@@std@@@boolstuff@@V?$allocator@PAV?$BoolExpr@V?$basic_string@DU?$char_traits@D@std@@V?$allocator@D@2@@std@@@boolstuff@@@std@@@std@@IAEXI@Z 100056b0 f i c-api.obj
 0001:00004710       ?_Reallocate@?$vector@PBV?$BoolExpr@V?$basic_string@DU?$char_traits@D@std@@V?$allocator@D@2@@std@@@boolstuff@@V?$allocator@PBV?$BoolExpr@V?$basic_string@DU?$char_traits@D@std@@V?$allocator@D@2@@std@@@boolstuff@@@std@@@std@@IAEXI@Z 10005710 f i c-api.obj
 0001:00004770       ?_Reallocate@?$vector@V?$Literal@V?$basic_string@DU?$char_traits@D@std@@V?$allocator@D@2@@std@@@boolstuff@@V?$allocator@V?$Literal@V?$basic_string@DU?$char_traits@D@std@@V?$allocator@D@2@@std@@@boolstuff@@@std@@@std@@IAEXI@Z 10005770 f i c-api.obj
 0001:00004870       ?_Reallocate@?$vector@V?$vector@V?$Literal@V?$basic_string@DU?$char_traits@D@std@@V?$allocator@D@2@@std@@@boolstuff@@V?$allocator@V?$Literal@V?$basic_string@DU?$char_traits@D@std@@V?$allocator@D@2@@std@@@boolstuff@@@std@@@std@@V?$allocator@V?$vector@V?$Literal@V?$basic_string@DU?$char_traits@D@std@@V?$allocator@D@2@@std@@@boolstuff@@V?$allocator@V?$Literal@V?$basic_string@DU?$char_traits@D@std@@V?$allocator@D@2@@std@@@boolstuff@@@std@@@std@@@2@@std@@IAEXI@Z 10005870 f i c-api.obj
 0001:00004960       ?_Reserve@?$vector@IV?$allocator@_N@std@@@std@@IAEXI@Z 10005960 f i c-api.obj
 0001:000049c0       ?_Reserve@?$vector@PAV?$BoolExpr@V?$basic_string@DU?$char_traits@D@std@@V?$allocator@D@2@@std@@@boolstuff@@V?$allocator@PAV?$BoolExpr@V?$basic_string@DU?$char_traits@D@std@@V?$allocator@D@2@@std@@@boolstuff@@@std@@@std@@IAEXI@Z 100059c0 f i c-api.obj
 0001:00004a20       ?_Reserve@?$vector@PBV?$BoolExpr@V?$basic_string@DU?$char_traits@D@std@@V?$allocator@D@2@@std@@@boolstuff@@V?$allocator@PBV?$BoolExpr@V?$basic_string@DU?$char_traits@D@std@@V?$allocator@D@2@@std@@@boolstuff@@@std@@@std@@IAEXI@Z 10005a20 f i c-api.obj
 0001:00004a80       ?_Reserve@?$vector@V?$Literal@V?$basic_string@DU?$char_traits@D@std@@V?$allocator@D@2@@std@@@boolstuff@@V?$allocator@V?$Literal@V?$basic_string@DU?$char_traits@D@std@@V?$allocator@D@2@@std@@@boolstuff@@@std@@@std@@IAEXI@Z 10005a80 f i c-api.obj
 0001:00004b20       ?_Reserve@?$vector@V?$vector@V?$Literal@V?$basic_string@DU?$char_traits@D@std@@V?$allocator@D@2@@std@@@boolstuff@@V?$allocator@V?$Literal@V?$basic_string@DU?$char_traits@D@std@@V?$allocator@D@2@@std@@@boolstuff@@@std@@@std@@V?$allocator@V?$vector@V?$Literal@V?$basic_string@DU?$char_traits@D@std@@V?$allocator@D@2@@std@@@boolstuff@@V?$allocator@V?$Literal@V?$basic_string@DU?$char_traits@D@std@@V?$allocator@D@2@@std@@@boolstuff@@@std@@@std@@@2@@std@@IAEXI@Z 10005b20 f i c-api.obj
 0001:00004bb0       ?_Rrotate@?$_Tree@V?$_Tset_traits@V?$Literal@V?$basic_string@DU?$char_traits@D@std@@V?$allocator@D@2@@std@@@boolstuff@@U?$less@V?$Literal@V?$basic_string@DU?$char_traits@D@std@@V?$allocator@D@2@@std@@@boolstuff@@@std@@V?$allocator@V?$Literal@V?$basic_string@DU?$char_traits@D@std@@V?$allocator@D@2@@std@@@boolstuff@@@4@$0A@@std@@@std@@IAEXPAU?$_Tree_node@V?$Literal@V?$basic_string@DU?$char_traits@D@std@@V?$allocator@D@2@@std@@@boolstuff@@PAX@2@@Z 10005bb0 f i c-api.obj
 0001:00004c10       ?_Rrotate@?$_Tree@V?$_Tset_traits@V?$basic_string@DU?$char_traits@D@std@@V?$allocator@D@2@@std@@U?$less@V?$basic_string@DU?$char_traits@D@std@@V?$allocator@D@2@@std@@@2@V?$allocator@V?$basic_string@DU?$char_traits@D@std@@V?$allocator@D@2@@std@@@2@$0A@@std@@@std@@IAEXPAU?$_Tree_node@V?$basic_string@DU?$char_traits@D@std@@V?$allocator@D@2@@std@@PAX@2@@Z 10005c10 f i c-api.obj
 0001:00004c70       ?_Tidy@?$basic_stringbuf@DU?$char_traits@D@std@@V?$allocator@D@2@@std@@IAEXXZ 10005c70 f i c-api.obj
 0001:00004cf0       ?_Tidy@?$vector@IV?$allocator@I@std@@@std@@IAEXXZ 10005cf0 f i c-api.obj
 0001:00004d30       ?_Tidy@?$vector@IV?$allocator@_N@std@@@std@@IAEXXZ 10005d30 f i c-api.obj
 0001:00004d70       ?allocate@?$allocator@D@std@@QAEPADI@Z 10005d70 f i c-api.obj
 0001:00004dd0       ?allocate@?$allocator@I@std@@QAEPAII@Z 10005dd0 f i c-api.obj
 0001:00004e40       ?allocate@?$allocator@PAV?$BoolExpr@V?$basic_string@DU?$char_traits@D@std@@V?$allocator@D@2@@std@@@boolstuff@@@std@@QAEPAPAV?$BoolExpr@V?$basic_string@DU?$char_traits@D@std@@V?$allocator@D@2@@std@@@boolstuff@@I@Z 10005e40 f i c-api.obj
 0001:00004eb0       ?allocate@?$allocator@PBV?$BoolExpr@V?$basic_string@DU?$char_traits@D@std@@V?$allocator@D@2@@std@@@boolstuff@@@std@@QAEPAPBV?$BoolExpr@V?$basic_string@DU?$char_traits@D@std@@V?$allocator@D@2@@std@@@boolstuff@@I@Z 10005eb0 f i c-api.obj
 0001:00004f20       ?allocate@?$allocator@V?$Literal@V?$basic_string@DU?$char_traits@D@std@@V?$allocator@D@2@@std@@@boolstuff@@@std@@QAEPAV?$Literal@V?$basic_string@DU?$char_traits@D@std@@V?$allocator@D@2@@std@@@boolstuff@@I@Z 10005f20 f i c-api.obj
 0001:00004f90       ?allocate@?$allocator@V?$vector@V?$Literal@V?$basic_string@DU?$char_traits@D@std@@V?$allocator@D@2@@std@@@boolstuff@@V?$allocator@V?$Literal@V?$basic_string@DU?$char_traits@D@std@@V?$allocator@D@2@@std@@@boolstuff@@@std@@@std@@@std@@QAEPAV?$vector@V?$Literal@V?$basic_string@DU?$char_traits@D@std@@V?$allocator@D@2@@std@@@boolstuff@@V?$allocator@V?$Literal@V?$basic_string@DU?$char_traits@D@std@@V?$allocator@D@2@@std@@@boolstuff@@@std@@@2@I@Z 10005f90 f i c-api.obj
 0001:00005000       ?assign@?$basic_string@DU?$char_traits@D@std@@V?$allocator@D@2@@std@@QAEAAV12@PBDI@Z 10006000 f i c-api.obj
 0001:00005100       ?cloneTree@?$BoolExpr@V?$basic_string@DU?$char_traits@D@std@@V?$allocator@D@2@@std@@@boolstuff@@SAPAV12@PBV12@@Z 10006100 f i c-api.obj
 0001:000051c0       ?compare@?$char_traits@D@std@@SAHPBD0I@Z 100061c0 f i c-api.obj
 0001:00005230       ?destroyDNFOrNodes@?$BoolExpr@V?$basic_string@DU?$char_traits@D@std@@V?$allocator@D@2@@std@@@boolstuff@@CAXPAV12@@Z 10006230 f i c-api.obj
 0001:00005280       ?end@?$vector@_NV?$allocator@_N@std@@@std@@QAE?AV?$_Vb_iterator@U?$_Wrap_alloc@V?$allocator@I@std@@@std@@@2@XZ 10006280 f i c-api.obj
 0001:000052e0       ?erase@?$_Tree@V?$_Tset_traits@V?$Literal@V?$basic_string@DU?$char_traits@D@std@@V?$allocator@D@2@@std@@@boolstuff@@U?$less@V?$Literal@V?$basic_string@DU?$char_traits@D@std@@V?$allocator@D@2@@std@@@boolstuff@@@std@@V?$allocator@V?$Literal@V?$basic_string@DU?$char_traits@D@std@@V?$allocator@D@2@@std@@@boolstuff@@@4@$0A@@std@@@std@@QAE?AV?$_Tree_const_iterator@V?$_Tree_val@U?$_Tree_simple_types@V?$Literal@V?$basic_string@DU?$char_traits@D@std@@V?$allocator@D@2@@std@@@boolstuff@@@std@@@std@@@2@V32@0@Z 100062e0 f i c-api.obj
 0001:000053d0       ?erase@?$_Tree@V?$_Tset_traits@V?$Literal@V?$basic_string@DU?$char_traits@D@std@@V?$allocator@D@2@@std@@@boolstuff@@U?$less@V?$Literal@V?$basic_string@DU?$char_traits@D@std@@V?$allocator@D@2@@std@@@boolstuff@@@std@@V?$allocator@V?$Literal@V?$basic_string@DU?$char_traits@D@std@@V?$allocator@D@2@@std@@@boolstuff@@@4@$0A@@std@@@std@@QAE?AV?$_Tree_const_iterator@V?$_Tree_val@U?$_Tree_simple_types@V?$Literal@V?$basic_string@DU?$char_traits@D@std@@V?$allocator@D@2@@std@@@boolstuff@@@std@@@std@@@2@V32@@Z 100063d0 f i c-api.obj
 0001:00005680       ?erase@?$_Tree@V?$_Tset_traits@V?$basic_string@DU?$char_traits@D@std@@V?$allocator@D@2@@std@@U?$less@V?$basic_string@DU?$char_traits@D@std@@V?$allocator@D@2@@std@@@2@V?$allocator@V?$basic_string@DU?$char_traits@D@std@@V?$allocator@D@2@@std@@@2@$0A@@std@@@std@@QAE?AV?$_Tree_const_iterator@V?$_Tree_val@U?$_Tree_simple_types@V?$basic_string@DU?$char_traits@D@std@@V?$allocator@D@2@@std@@@std@@@std@@@2@V32@0@Z 10006680 f i c-api.obj
 0001:00005770       ?erase@?$_Tree@V?$_Tset_traits@V?$basic_string@DU?$char_traits@D@std@@V?$allocator@D@2@@std@@U?$less@V?$basic_string@DU?$char_traits@D@std@@V?$allocator@D@2@@std@@@2@V?$allocator@V?$basic_string@DU?$char_traits@D@std@@V?$allocator@D@2@@std@@@2@$0A@@std@@@std@@QAE?AV?$_Tree_const_iterator@V?$_Tree_val@U?$_Tree_simple_types@V?$basic_string@DU?$char_traits@D@std@@V?$allocator@D@2@@std@@@std@@@std@@@2@V32@@Z 10006770 f i c-api.obj
 0001:00005a20       ?getDisjunctiveNormalForm@?$BoolExpr@V?$basic_string@DU?$char_traits@D@std@@V?$allocator@D@2@@std@@@boolstuff@@SAPAV12@PAV12@@Z 10006a20 f i c-api.obj
 0001:00005dc0       ?getRawDNF@?$BoolExpr@V?$basic_string@DU?$char_traits@D@std@@V?$allocator@D@2@@std@@@boolstuff@@SAPAV12@PAV12@@Z 10006dc0 f i c-api.obj
 0001:000063c0       ?getTreeVariables@?$BoolExpr@V?$basic_string@DU?$char_traits@D@std@@V?$allocator@D@2@@std@@@boolstuff@@QBEXAAV?$set@V?$basic_string@DU?$char_traits@D@std@@V?$allocator@D@2@@std@@U?$less@V?$basic_string@DU?$char_traits@D@std@@V?$allocator@D@2@@std@@@2@V?$allocator@V?$basic_string@DU?$char_traits@D@std@@V?$allocator@D@2@@std@@@2@@std@@0@Z 100073c0 f i c-api.obj
 0001:00006420       ?isDNFTermUseful@?$BoolExpr@V?$basic_string@DU?$char_traits@D@std@@V?$allocator@D@2@@std@@@boolstuff@@ABE_NABV?$set@V?$basic_string@DU?$char_traits@D@std@@V?$allocator@D@2@@std@@U?$less@V?$basic_string@DU?$char_traits@D@std@@V?$allocator@D@2@@std@@@2@V?$allocator@V?$basic_string@DU?$char_traits@D@std@@V?$allocator@D@2@@std@@@2@@std@@0@Z 10007420 f i c-api.obj
 0001:000064d0       ?isDNFTermUseful@?$BoolExpr@V?$basic_string@DU?$char_traits@D@std@@V?$allocator@D@2@@std@@@boolstuff@@QBE_NXZ 100074d0 f i c-api.obj
 0001:000065b0       ?isDisjunctiveNormalForm@?$BoolExpr@V?$basic_string@DU?$char_traits@D@std@@V?$allocator@D@2@@std@@@boolstuff@@QBE_NXZ 100075b0 f i c-api.obj
 0001:00006670       ?joinTreesWithOrNodes@?$BoolExpr@V?$basic_string@DU?$char_traits@D@std@@V?$allocator@D@2@@std@@@boolstuff@@CAPAV12@ABV?$vector@PAV?$BoolExpr@V?$basic_string@DU?$char_traits@D@std@@V?$allocator@D@2@@std@@@boolstuff@@V?$allocator@PAV?$BoolExpr@V?$basic_string@DU?$char_traits@D@std@@V?$allocator@D@2@@std@@@boolstuff@@@std@@@std@@@Z 10007670 f i c-api.obj
 0001:00006730       ?negateDNF@?$BoolExpr@V?$basic_string@DU?$char_traits@D@std@@V?$allocator@D@2@@std@@@boolstuff@@CAPAV12@PAV12@@Z 10007730 f i c-api.obj
 0001:00006f80       ?overflow@?$basic_stringbuf@DU?$char_traits@D@std@@V?$allocator@D@2@@std@@MAEHH@Z 10007f80 f i c-api.obj
 0001:00007150       ?pbackfail@?$basic_stringbuf@DU?$char_traits@D@std@@V?$allocator@D@2@@std@@MAEHH@Z 10008150 f i c-api.obj
 0001:000071b0       ?print@?$BoolExpr@V?$basic_string@DU?$char_traits@D@std@@V?$allocator@D@2@@std@@@boolstuff@@QBE?AV?$basic_string@DU?$char_traits@D@std@@V?$allocator@D@2@@std@@XZ 100081b0 f i c-api.obj
 0001:00007300       ?print@?$BoolExpr@V?$basic_string@DU?$char_traits@D@std@@V?$allocator@D@2@@std@@@boolstuff@@QBEXAAV?$basic_ostream@DU?$char_traits@D@std@@@std@@@Z 10008300 f i c-api.obj
 0001:00007420       ?push_back@?$vector@PAV?$BoolExpr@V?$basic_string@DU?$char_traits@D@std@@V?$allocator@D@2@@std@@@boolstuff@@V?$allocator@PAV?$BoolExpr@V?$basic_string@DU?$char_traits@D@std@@V?$allocator@D@2@@std@@@boolstuff@@@std@@@std@@QAEXABQAV?$BoolExpr@V?$basic_string@DU?$char_traits@D@std@@V?$allocator@D@2@@std@@@boolstuff@@@Z 10008420 f i c-api.obj
 0001:00007490       ?push_back@?$vector@V?$Literal@V?$basic_string@DU?$char_traits@D@std@@V?$allocator@D@2@@std@@@boolstuff@@V?$allocator@V?$Literal@V?$basic_string@DU?$char_traits@D@std@@V?$allocator@D@2@@std@@@boolstuff@@@std@@@std@@QAEX$$QAV?$Literal@V?$basic_string@DU?$char_traits@D@std@@V?$allocator@D@2@@std@@@boolstuff@@@Z 10008490 f i c-api.obj
 0001:00007550       ?push_back@?$vector@V?$vector@V?$Literal@V?$basic_string@DU?$char_traits@D@std@@V?$allocator@D@2@@std@@@boolstuff@@V?$allocator@V?$Literal@V?$basic_string@DU?$char_traits@D@std@@V?$allocator@D@2@@std@@@boolstuff@@@std@@@std@@V?$allocator@V?$vector@V?$Literal@V?$basic_string@DU?$char_traits@D@std@@V?$allocator@D@2@@std@@@boolstuff@@V?$allocator@V?$Literal@V?$basic_string@DU?$char_traits@D@std@@V?$allocator@D@2@@std@@@boolstuff@@@std@@@std@@@2@@std@@QAEX$$QAV?$vector@V?$Literal@V?$basic_string@DU?$char_traits@D@std@@V?$allocator@D@2@@std@@@boolstuff@@V?$allocator@V?$Literal@V?$basic_string@DU?$char_traits@D@std@@V?$allocator@D@2@@std@@@boolstuff@@@std@@@2@@Z 10008550 f i c-api.obj
 0001:00007630       ?resize@?$vector@IV?$allocator@_N@std@@@std@@QAEXIABI@Z 10008630 f i c-api.obj
 0001:00007710       ?seekoff@?$basic_stringbuf@DU?$char_traits@D@std@@V?$allocator@D@2@@std@@MAE?AV?$fpos@U_Mbstatet@@@2@_JHH@Z 10008710 f i c-api.obj
 0001:00007900       ?seekpos@?$basic_stringbuf@DU?$char_traits@D@std@@V?$allocator@D@2@@std@@MAE?AV?$fpos@U_Mbstatet@@@2@V32@H@Z 10008900 f i c-api.obj
 0001:00007a30       ?simplifyXAndXTerms@?$BoolExpr@V?$basic_string@DU?$char_traits@D@std@@V?$allocator@D@2@@std@@@boolstuff@@CAXAAV?$vector@PAV?$BoolExpr@V?$basic_string@DU?$char_traits@D@std@@V?$allocator@D@2@@std@@@boolstuff@@V?$allocator@PAV?$BoolExpr@V?$basic_string@DU?$char_traits@D@std@@V?$allocator@D@2@@std@@@boolstuff@@@std@@@std@@@Z 10008a30 f i c-api.obj
 0001:00007af0       ?str@?$basic_ostringstream@DU?$char_traits@D@std@@V?$allocator@D@2@@std@@QBE?AV?$basic_string@DU?$char_traits@D@std@@V?$allocator@D@2@@2@XZ 10008af0 f i c-api.obj
 0001:00007b10       ?str@?$basic_stringbuf@DU?$char_traits@D@std@@V?$allocator@D@2@@std@@QBE?AV?$basic_string@DU?$char_traits@D@std@@V?$allocator@D@2@@2@XZ 10008b10 f i c-api.obj
 0001:00007be0       ?str@?$basic_stringstream@DU?$char_traits@D@std@@V?$allocator@D@2@@std@@QBE?AV?$basic_string@DU?$char_traits@D@std@@V?$allocator@D@2@@2@XZ 10008be0 f i c-api.obj
 0001:00007c00       ?underflow@?$basic_stringbuf@DU?$char_traits@D@std@@V?$allocator@D@2@@std@@MAEHXZ 10008c00 f i c-api.obj
 0001:00007c60       ___local_stdio_printf_options 10008c60 f i c-api.obj
 0001:00007c70       _fprintf                   10008c70 f i c-api.obj
 0001:00007ca0       ??0char_ptr@det@boolexpr@xw@@QAE@I@Z 10008ca0 f   cpp2cli-api.obj
 0001:00007cd0       ??1char_ptr@det@boolexpr@xw@@QAE@XZ 10008cd0 f   cpp2cli-api.obj
 0001:00007ce0       ?save@char_ptr@det@boolexpr@xw@@QAEXPBD@Z 10008ce0 f   cpp2cli-api.obj
 0001:00007d30       ?c_str@char_ptr@det@boolexpr@xw@@QBEPBDXZ 10008d30 f   cpp2cli-api.obj
 0001:00007d40       ?ToDNF@Expression@boolexpr@xw@@QAEPBDPBD@Z 10008d40 f   cpp2cli-api.obj
 0001:00008060       ??0Expression@boolexpr@xw@@QAE@XZ 10009060 f i cpp2cli-api.obj
 0001:00008090       ??0exception@std@@QAE@ABV01@@Z 10009090 f i cpp2cli-api.obj
 0001:000080c0       ??0exception@std@@QAE@QBD@Z 100090c0 f i cpp2cli-api.obj
 0001:00008100       ??1?$unique_ptr@V?$BoolExpr@V?$basic_string@DU?$char_traits@D@std@@V?$allocator@D@2@@std@@@boolstuff@@U?$default_delete@V?$BoolExpr@V?$basic_string@DU?$char_traits@D@std@@V?$allocator@D@2@@std@@@boolstuff@@@std@@@std@@QAE@XZ 10009100 f i cpp2cli-api.obj
 0001:00008120       ??1Expression@boolexpr@xw@@QAE@XZ 10009120 f i cpp2cli-api.obj
 0001:00008130       ??1exception@std@@UAE@XZ   10009130 f i cpp2cli-api.obj
 0001:00008150       ??4Expression@boolexpr@xw@@QAEAAV012@$$QAV012@@Z 10009150 f i cpp2cli-api.obj
 0001:00008170       ??4Expression@boolexpr@xw@@QAEAAV012@ABV012@@Z 10009170 f i cpp2cli-api.obj
 0001:00008190       ??4char_ptr@det@boolexpr@xw@@QAEAAV0123@ABV0123@@Z 10009190 f i cpp2cli-api.obj
 0001:000081b0       ??_Fchar_ptr@det@boolexpr@xw@@QAEXXZ 100091b0 f i cpp2cli-api.obj
 0001:000081d0       ??_Eexception@std@@UAEPAXI@Z 100091d0 f i cpp2cli-api.obj
 0001:000081d0       ??_Gexception@std@@UAEPAXI@Z 100091d0 f i cpp2cli-api.obj
 0001:00008200       ?what@exception@std@@UBEPBDXZ 10009200 f i cpp2cli-api.obj
 0001:0000820e       ?_Xbad_alloc@std@@YAXXZ    1000920e f   msvcprt:MSVCP140.dll
 0001:00008214       ?_Xlength_error@std@@YAXPBD@Z 10009214 f   msvcprt:MSVCP140.dll
 0001:0000821a       ?_Xout_of_range@std@@YAXPBD@Z 1000921a f   msvcprt:MSVCP140.dll
 0001:00008220       ?uncaught_exception@std@@YA_NXZ 10009220 f   msvcprt:MSVCP140.dll
 0001:00008226       ??0?$basic_streambuf@DU?$char_traits@D@std@@@std@@IAE@XZ 10009226 f   msvcprt:MSVCP140.dll
 0001:0000822c       ??1?$basic_streambuf@DU?$char_traits@D@std@@@std@@UAE@XZ 1000922c f   msvcprt:MSVCP140.dll
 0001:00008232       ?sputc@?$basic_streambuf@DU?$char_traits@D@std@@@std@@QAEHD@Z 10009232 f   msvcprt:MSVCP140.dll
 0001:00008238       ?sputn@?$basic_streambuf@DU?$char_traits@D@std@@@std@@QAE_JPBD_J@Z 10009238 f   msvcprt:MSVCP140.dll
 0001:0000823e       ??1?$basic_ios@DU?$char_traits@D@std@@@std@@UAE@XZ 1000923e f   msvcprt:MSVCP140.dll
 0001:00008244       ?setstate@?$basic_ios@DU?$char_traits@D@std@@@std@@QAEXH_N@Z 10009244 f   msvcprt:MSVCP140.dll
 0001:0000824a       ??0?$basic_ios@DU?$char_traits@D@std@@@std@@IAE@XZ 1000924a f   msvcprt:MSVCP140.dll
 0001:00008250       ??0?$basic_ostream@DU?$char_traits@D@std@@@std@@QAE@PAV?$basic_streambuf@DU?$char_traits@D@std@@@1@_N@Z 10009250 f   msvcprt:MSVCP140.dll
 0001:00008256       ??1?$basic_ostream@DU?$char_traits@D@std@@@std@@UAE@XZ 10009256 f   msvcprt:MSVCP140.dll
 0001:0000825c       ?_Osfx@?$basic_ostream@DU?$char_traits@D@std@@@std@@QAEXXZ 1000925c f   msvcprt:MSVCP140.dll
 0001:00008262       ?flush@?$basic_ostream@DU?$char_traits@D@std@@@std@@QAEAAV12@XZ 10009262 f   msvcprt:MSVCP140.dll
 0001:00008268       ??0?$basic_iostream@DU?$char_traits@D@std@@@std@@QAE@PAV?$basic_streambuf@DU?$char_traits@D@std@@@1@@Z 10009268 f   msvcprt:MSVCP140.dll
 0001:0000826e       ??1?$basic_iostream@DU?$char_traits@D@std@@@std@@UAE@XZ 1000926e f   msvcprt:MSVCP140.dll
 0001:00008274       ?_Lock@?$basic_streambuf@DU?$char_traits@D@std@@@std@@UAEXXZ 10009274 f   msvcprt:MSVCP140.dll
 0001:0000827a       ?_Unlock@?$basic_streambuf@DU?$char_traits@D@std@@@std@@UAEXXZ 1000927a f   msvcprt:MSVCP140.dll
 0001:00008280       ?imbue@?$basic_streambuf@DU?$char_traits@D@std@@@std@@MAEXABVlocale@2@@Z 10009280 f   msvcprt:MSVCP140.dll
 0001:00008286       ?setbuf@?$basic_streambuf@DU?$char_traits@D@std@@@std@@MAEPAV12@PAD_J@Z 10009286 f   msvcprt:MSVCP140.dll
 0001:0000828c       ?showmanyc@?$basic_streambuf@DU?$char_traits@D@std@@@std@@MAE_JXZ 1000928c f   msvcprt:MSVCP140.dll
 0001:00008292       ?sync@?$basic_streambuf@DU?$char_traits@D@std@@@std@@MAEHXZ 10009292 f   msvcprt:MSVCP140.dll
 0001:00008298       ?uflow@?$basic_streambuf@DU?$char_traits@D@std@@@std@@MAEHXZ 10009298 f   msvcprt:MSVCP140.dll
 0001:0000829e       ?xsgetn@?$basic_streambuf@DU?$char_traits@D@std@@@std@@MAE_JPAD_J@Z 1000929e f   msvcprt:MSVCP140.dll
 0001:000082a4       ?xsputn@?$basic_streambuf@DU?$char_traits@D@std@@@std@@MAE_JPBD_J@Z 100092a4 f   msvcprt:MSVCP140.dll
 0001:000082aa       ??2@YAPAXI@Z               100092aa f   MSVCRT:new_scalar.obj
 0001:000082dd       ??3@YAXPAX@Z               100092dd f   MSVCRT:delete_scalar.obj
 0001:000082e2       ??3@YAXPAXI@Z              100092e2 f   MSVCRT:delete_scalar_size.obj
 0001:000082f0       ??1type_info@@UAE@XZ       100092f0 f   MSVCRT:std_type_info_static.obj
 0001:000082f7       ??_Etype_info@@UAEPAXI@Z   100092f7 f i MSVCRT:std_type_info_static.obj
 0001:000082f7       ??_Gtype_info@@UAEPAXI@Z   100092f7 f i MSVCRT:std_type_info_static.obj
 0001:0000831a       ??_U@YAPAXI@Z              1000931a f   MSVCRT:new_array.obj
 0001:00008323       ??_V@YAXPAX@Z              10009323 f   MSVCRT:delete_array.obj
 0001:00008328       ??$__crt_fast_decode_pointer@PAP6AXXZ@@YAPAP6AXXZQAP6AXXZ@Z 10009328 f i MSVCRT:utility.obj
 0001:0000833c       ??$__crt_fast_encode_pointer@PAP6AXXZ@@YAPAP6AXXZQAP6AXXZ@Z 1000933c f i MSVCRT:utility.obj
 0001:00008359       ?__crt_rotate_pointer_value@@YAIIH@Z 10009359 f i MSVCRT:utility.obj
 0001:00008366       ?configure_argv@__scrt_narrow_argv_policy@@SAHXZ 10009366 f i MSVCRT:utility.obj
 0001:000083ea       _NtCurrentTeb              100093ea f i MSVCRT:utility.obj
 0001:000083f1       ___scrt_acquire_startup_lock 100093f1 f   MSVCRT:utility.obj
 0001:00008426       ___scrt_dllmain_after_initialize_c 10009426 f   MSVCRT:utility.obj
 0001:00008451       ___scrt_dllmain_before_initialize_c 10009451 f   MSVCRT:utility.obj
 0001:0000845f       ___scrt_dllmain_crt_thread_attach 1000945f f   MSVCRT:utility.obj
 0001:0000847e       ___scrt_dllmain_crt_thread_detach 1000947e f   MSVCRT:utility.obj
 0001:0000848b       ___scrt_dllmain_exception_filter 1000948b f   MSVCRT:utility.obj
 0001:000084be       ___scrt_dllmain_uninitialize_c 100094be f   MSVCRT:utility.obj
 0001:000084e1       ___scrt_dllmain_uninitialize_critical 100094e1 f   MSVCRT:utility.obj
 0001:000084ee       ___scrt_initialize_crt     100094ee f   MSVCRT:utility.obj
 0001:00008527       ___scrt_initialize_onexit_tables 10009527 f   MSVCRT:utility.obj
 0001:000085be       ___scrt_is_nonwritable_in_current_image 100095be f   MSVCRT:utility.obj
 0001:00008648       ___scrt_release_startup_lock 10009648 f   MSVCRT:utility.obj
 0001:00008665       ___scrt_uninitialize_crt   10009665 f   MSVCRT:utility.obj
 0001:0000868d       __onexit                   1000968d f   MSVCRT:utility.obj
 0001:000086c8       _at_quick_exit             100096c8 f   MSVCRT:utility.obj
 0001:000086f9       _atexit                    100096f9 f   MSVCRT:utility.obj
 0001:000087ce       ??$__crt_fast_decode_pointer@P6GHPAU_RTL_CONDITION_VARIABLE@@PAU_RTL_CRITICAL_SECTION@@K@Z@@YAP6GHPAU_RTL_CONDITION_VARIABLE@@PAU_RTL_CRITICAL_SECTION@@K@ZQ6GH01K@Z@Z 100097ce f i MSVCRT:thread_safe_statics.obj
 0001:000087e2       ??$__crt_fast_decode_pointer@P6GXPAU_RTL_CONDITION_VARIABLE@@@Z@@YAP6GXPAU_RTL_CONDITION_VARIABLE@@@ZQ6GX0@Z@Z 100097e2 f i MSVCRT:thread_safe_statics.obj
 0001:000087f6       ??$__crt_fast_encode_pointer@P6GHPAU_RTL_CONDITION_VARIABLE@@PAU_RTL_CRITICAL_SECTION@@K@Z@@YAP6GHPAU_RTL_CONDITION_VARIABLE@@PAU_RTL_CRITICAL_SECTION@@K@ZQ6GH01K@Z@Z 100097f6 f i MSVCRT:thread_safe_statics.obj
 0001:00008813       ??$__crt_fast_encode_pointer@P6GXPAU_RTL_CONDITION_VARIABLE@@@Z@@YAP6GXPAU_RTL_CONDITION_VARIABLE@@@ZQ6GX0@Z@Z 10009813 f i MSVCRT:thread_safe_statics.obj
 0001:0000884c       __Init_thread_abort        1000984c f   MSVCRT:thread_safe_statics.obj
 0001:00008865       __Init_thread_footer       10009865 f   MSVCRT:thread_safe_statics.obj
 0001:000088a4       __Init_thread_header       100098a4 f   MSVCRT:thread_safe_statics.obj
 0001:000088ea       __Init_thread_lock         100098ea f   MSVCRT:thread_safe_statics.obj
 0001:000088f6       __Init_thread_notify       100098f6 f   MSVCRT:thread_safe_statics.obj
 0001:00008937       __Init_thread_unlock       10009937 f   MSVCRT:thread_safe_statics.obj
 0001:00008943       __Init_thread_wait         10009943 f   MSVCRT:thread_safe_statics.obj
 0001:00008cb0       __CRT_INIT@12              10009cb0 f   MSVCRT:dll_dllmain.obj
 0001:00008cb9       __DllMainCRTStartup@12     10009cb9 f   MSVCRT:dll_dllmain.obj
 0001:00008cdc       ??0bad_alloc@std@@AAE@QBD@Z 10009cdc f i MSVCRT:throw_bad_alloc.obj
 0001:00008cf9       ??0bad_alloc@std@@QAE@ABV01@@Z 10009cf9 f i MSVCRT:throw_bad_alloc.obj
 0001:00008d14       ??0bad_alloc@std@@QAE@XZ   10009d14 f i MSVCRT:throw_bad_alloc.obj
 0001:00008d2c       ??0bad_array_new_length@std@@QAE@ABV01@@Z 10009d2c f i MSVCRT:throw_bad_alloc.obj
 0001:00008d47       ??0bad_array_new_length@std@@QAE@XZ 10009d47 f i MSVCRT:throw_bad_alloc.obj
 0001:00008d5f       ??0exception@std@@QAE@QBDH@Z 10009d5f f i MSVCRT:throw_bad_alloc.obj
 0001:00008d7c       ??1bad_alloc@std@@UAE@XZ   10009d7c f i MSVCRT:throw_bad_alloc.obj
 0001:00008d8d       ??1bad_array_new_length@std@@UAE@XZ 10009d8d f i MSVCRT:throw_bad_alloc.obj
 0001:00008d9e       ??_Ebad_alloc@std@@UAEPAXI@Z 10009d9e f i MSVCRT:throw_bad_alloc.obj
 0001:00008d9e       ??_Gbad_alloc@std@@UAEPAXI@Z 10009d9e f i MSVCRT:throw_bad_alloc.obj
 0001:00008dcb       ??_Gbad_array_new_length@std@@UAEPAXI@Z 10009dcb f i MSVCRT:throw_bad_alloc.obj
 0001:00008dcb       ??_Ebad_array_new_length@std@@UAEPAXI@Z 10009dcb f i MSVCRT:throw_bad_alloc.obj
 0001:00008df8       ?__scrt_throw_std_bad_alloc@@YAXXZ 10009df8 f   MSVCRT:throw_bad_alloc.obj
 0001:00008e15       ?__scrt_throw_std_bad_array_new_length@@YAXXZ 10009e15 f   MSVCRT:throw_bad_alloc.obj
 0001:00008e32       ___isa_available_init      10009e32 f   MSVCRT:_cpu_disp_.obj
 0001:00008fcc       __get_startup_argv_mode    10009fcc f   MSVCRT:argv_mode.obj
 0001:00008fd0       ___scrt_is_ucrt_dll_in_use 10009fd0 f   MSVCRT:ucrt_detection.obj
 0001:00008fdc       ___scrt_fastfail           10009fdc f   MSVCRT:utility_desktop.obj
 0001:000090f7       ___scrt_get_show_window_mode 1000a0f7 f   MSVCRT:utility_desktop.obj
 0001:0000912a       ___scrt_initialize_winrt   1000a12a f   MSVCRT:utility_desktop.obj
 0001:0000912d       ___scrt_is_managed_app     1000a12d f   MSVCRT:utility_desktop.obj
 0001:00009171       ___scrt_set_unhandled_exception_filter 1000a171 f   MSVCRT:utility_desktop.obj
 0001:0000917d       ___scrt_unhandled_exception_filter@4 1000a17d f   MSVCRT:utility_desktop.obj
 0001:000091be       __crt_debugger_hook        1000a1be f   MSVCRT:utility_desktop.obj
 0001:000091c6       @_guard_check_icall@4      1000a1c6 f i MSVCRT:checkcfg.obj
 0001:000091d0       __SEH_prolog4              1000a1d0 f   MSVCRT:_sehprolg4_.obj
 0001:00009216       __SEH_epilog4              1000a216 f   MSVCRT:_sehprolg4_.obj
 0001:0000922b       __except_handler4          1000a22b f   MSVCRT:_chandler4gs_.obj
 0001:0000924e       ___security_init_cookie    1000a24e f   MSVCRT:gs_support.obj
 0001:000092ea       _DllMain@12                1000a2ea f   MSVCRT:dll_dllmain_stub.obj
 0001:0000930c       ?__scrt_initialize_type_info@@YAXXZ 1000a30c f   MSVCRT:tncleanup.obj
 0001:00009318       ?__scrt_uninitialize_type_info@@YAXXZ 1000a318 f   MSVCRT:tncleanup.obj
 0001:00009324       ___local_stdio_scanf_options 1000a324 f i MSVCRT:default_local_stdio_options.obj
 0001:0000932a       ___scrt_initialize_default_local_stdio_options 1000a32a f   MSVCRT:default_local_stdio_options.obj
 0001:00009347       ___scrt_get_dyn_tls_init_callback 1000a347 f   MSVCRT:dyn_tls_init.obj
 0001:0000934d       __RTC_Initialize           1000a34d f   MSVCRT:_initsect_.obj
 0001:00009378       __RTC_Terminate            1000a378 f   MSVCRT:_initsect_.obj
 0001:000093a3       @_guard_check_icall_nop@4  1000a3a3 f i MSVCRT:guard_support.obj
 0001:000093a4       __guard_icall_checks_enforced 1000a3a4 f i MSVCRT:guard_support.obj
 0001:000093b6       @__security_check_cookie@4 1000a3b6 f   MSVCRT:_secchk_.obj
 0001:000093c7       ___raise_securityfailure   1000a3c7 f   MSVCRT:gs_report.obj
 0001:000093ef       ___report_gsfailure        1000a3ef f   MSVCRT:gs_report.obj
 0001:000094ea       ___report_rangecheckfailure 1000a4ea f   MSVCRT:gs_report.obj
 0001:000094f6       ___report_securityfailure  1000a4f6 f   MSVCRT:gs_report.obj
 0001:000095c6       ___report_securityfailureEx 1000a5c6 f   MSVCRT:gs_report.obj
 0001:000096dc       _memmove                   1000a6dc f   vcruntime:VCRUNTIME140.dll
 0001:000096e2       __CxxThrowException@8      1000a6e2 f   vcruntime:VCRUNTIME140.dll
 0001:000096e8       ___CxxFrameHandler3        1000a6e8 f   vcruntime:VCRUNTIME140.dll
 0001:000096ee       _memcpy                    1000a6ee f   vcruntime:VCRUNTIME140.dll
 0001:000096f4       ___std_terminate           1000a6f4 f   vcruntime:VCRUNTIME140.dll
 0001:000096fa       ___std_exception_copy      1000a6fa f   vcruntime:VCRUNTIME140.dll
 0001:00009700       ___std_exception_destroy   1000a700 f   vcruntime:VCRUNTIME140.dll
 0001:00009706       ___vcrt_InitializeCriticalSectionEx 1000a706 f   vcruntime:VCRUNTIME140.dll
 0001:0000970c       _memset                    1000a70c f   vcruntime:VCRUNTIME140.dll
 0001:00009712       __except_handler4_common   1000a712 f   vcruntime:VCRUNTIME140.dll
 0001:00009718       ___std_type_info_destroy_list 1000a718 f   vcruntime:VCRUNTIME140.dll
 0001:0000971e       __invalid_parameter_noinfo_noreturn 1000a71e f   ucrt:api-ms-win-crt-runtime-l1-1-0.dll
 0001:00009724       _strncmp                   1000a724 f   ucrt:api-ms-win-crt-string-l1-1-0.dll
 0001:0000972a       _isspace                   1000a72a f   ucrt:api-ms-win-crt-string-l1-1-0.dll
 0001:00009730       _isalnum                   1000a730 f   ucrt:api-ms-win-crt-string-l1-1-0.dll
 0001:00009736       ___stdio_common_vfprintf   1000a736 f   ucrt:api-ms-win-crt-stdio-l1-1-0.dll
 0001:0000973c       _free                      1000a73c f   ucrt:api-ms-win-crt-heap-l1-1-0.dll
 0001:00009742       _malloc                    1000a742 f   ucrt:api-ms-win-crt-heap-l1-1-0.dll
 0001:00009748       __callnewh                 1000a748 f   ucrt:api-ms-win-crt-heap-l1-1-0.dll
 0001:0000974e       __seh_filter_dll           1000a74e f   ucrt:api-ms-win-crt-runtime-l1-1-0.dll
 0001:00009754       __configure_narrow_argv    1000a754 f   ucrt:api-ms-win-crt-runtime-l1-1-0.dll
 0001:0000975a       __initialize_narrow_environment 1000a75a f   ucrt:api-ms-win-crt-runtime-l1-1-0.dll
 0001:00009760       __initialize_onexit_table  1000a760 f   ucrt:api-ms-win-crt-runtime-l1-1-0.dll
 0001:00009766       __register_onexit_function 1000a766 f   ucrt:api-ms-win-crt-runtime-l1-1-0.dll
 0001:0000976c       __execute_onexit_table     1000a76c f   ucrt:api-ms-win-crt-runtime-l1-1-0.dll
 0001:00009772       __crt_atexit               1000a772 f   ucrt:api-ms-win-crt-runtime-l1-1-0.dll
 0001:00009778       __crt_at_quick_exit        1000a778 f   ucrt:api-ms-win-crt-runtime-l1-1-0.dll
 0001:0000977e       __cexit                    1000a77e f   ucrt:api-ms-win-crt-runtime-l1-1-0.dll
 0001:00009784       __initterm                 1000a784 f   ucrt:api-ms-win-crt-runtime-l1-1-0.dll
 0001:0000978a       __initterm_e               1000a78a f   ucrt:api-ms-win-crt-runtime-l1-1-0.dll
 0001:00009790       _terminate                 1000a790 f   ucrt:api-ms-win-crt-runtime-l1-1-0.dll
 0001:00009796       __strdup                   1000a796 f   ucrt:api-ms-win-crt-string-l1-1-0.dll
 0001:0000979c       _CloseHandle@4             1000a79c f   kernel32:KERNEL32.dll
 0001:000097a2       _EnterCriticalSection@4    1000a7a2 f   kernel32:KERNEL32.dll
 0001:000097a8       _LeaveCriticalSection@4    1000a7a8 f   kernel32:KERNEL32.dll
 0001:000097ae       _DeleteCriticalSection@4   1000a7ae f   kernel32:KERNEL32.dll
 0001:000097b4       _SetEvent@4                1000a7b4 f   kernel32:KERNEL32.dll
 0001:000097ba       _ResetEvent@4              1000a7ba f   kernel32:KERNEL32.dll
 0001:000097c0       _WaitForSingleObjectEx@12  1000a7c0 f   kernel32:KERNEL32.dll
 0001:000097c6       _CreateEventW@16           1000a7c6 f   kernel32:KERNEL32.dll
 0001:000097cc       _GetModuleHandleW@4        1000a7cc f   kernel32:KERNEL32.dll
 0001:000097d2       _GetProcAddress@8          1000a7d2 f   kernel32:KERNEL32.dll
 0001:000097d8       _IsProcessorFeaturePresent@4 1000a7d8 f   kernel32:KERNEL32.dll
 0001:000097de       _IsDebuggerPresent@0       1000a7de f   kernel32:KERNEL32.dll
 0001:000097e4       _UnhandledExceptionFilter@4 1000a7e4 f   kernel32:KERNEL32.dll
 0001:000097ea       _SetUnhandledExceptionFilter@4 1000a7ea f   kernel32:KERNEL32.dll
 0001:000097f0       _GetStartupInfoW@4         1000a7f0 f   kernel32:KERNEL32.dll
 0001:000097f6       _QueryPerformanceCounter@4 1000a7f6 f   kernel32:KERNEL32.dll
 0001:000097fc       _GetCurrentProcessId@0     1000a7fc f   kernel32:KERNEL32.dll
 0001:00009802       _GetCurrentThreadId@0      1000a802 f   kernel32:KERNEL32.dll
 0001:00009808       _GetSystemTimeAsFileTime@4 1000a808 f   kernel32:KERNEL32.dll
 0001:0000980e       _DisableThreadLibraryCalls@4 1000a80e f   kernel32:KERNEL32.dll
 0001:00009814       _InitializeSListHead@4     1000a814 f   kernel32:KERNEL32.dll
 0001:0000981a       _GetCurrentProcess@0       1000a81a f   kernel32:KERNEL32.dll
 0001:00009820       _TerminateProcess@8        1000a820 f   kernel32:KERNEL32.dll
 0001:00009826       ___scrt_stub_for_acrt_initialize 1000a826 f   MSVCRT:ucrt_stubs.obj
 0001:00009826       ___vcrt_initialize         1000a826 f   MSVCRT:ucrt_stubs.obj
 0001:00009826       ___acrt_initialize         1000a826 f   MSVCRT:ucrt_stubs.obj
 0001:00009829       ___acrt_thread_attach      1000a829 f   MSVCRT:ucrt_stubs.obj
 0001:00009829       ___vcrt_thread_attach      1000a829 f   MSVCRT:ucrt_stubs.obj
 0001:00009829       ___scrt_stub_for_acrt_thread_attach 1000a829 f   MSVCRT:ucrt_stubs.obj
 0001:0000982c       ___scrt_stub_for_acrt_thread_detach 1000a82c f   MSVCRT:ucrt_stubs.obj
 0001:0000982c       ___acrt_thread_detach      1000a82c f   MSVCRT:ucrt_stubs.obj
 0001:0000982c       ___vcrt_thread_detach      1000a82c f   MSVCRT:ucrt_stubs.obj
 0001:0000982f       ___scrt_stub_for_acrt_uninitialize 1000a82f f   MSVCRT:ucrt_stubs.obj
 0001:0000982f       ___vcrt_uninitialize       1000a82f f   MSVCRT:ucrt_stubs.obj
 0001:0000982f       ___acrt_uninitialize       1000a82f f   MSVCRT:ucrt_stubs.obj
 0001:00009832       ___scrt_stub_for_acrt_uninitialize_critical 1000a832 f   MSVCRT:ucrt_stubs.obj
 0001:00009832       ___acrt_uninitialize_critical 1000a832 f   MSVCRT:ucrt_stubs.obj
 0001:00009832       ___vcrt_uninitialize_critical 1000a832 f   MSVCRT:ucrt_stubs.obj
 0001:00009835       ___scrt_stub_for_is_c_termination_complete 1000a835 f   MSVCRT:ucrt_stubs.obj
 0001:00009835       __is_c_termination_complete 1000a835 f   MSVCRT:ucrt_stubs.obj
 0002:00000000       __imp__EnterCriticalSection@4 1000b000     kernel32:KERNEL32.dll
 0002:00000004       __imp__LeaveCriticalSection@4 1000b004     kernel32:KERNEL32.dll
 0002:00000008       __imp__DeleteCriticalSection@4 1000b008     kernel32:KERNEL32.dll
 0002:0000000c       __imp__SetEvent@4          1000b00c     kernel32:KERNEL32.dll
 0002:00000010       __imp__ResetEvent@4        1000b010     kernel32:KERNEL32.dll
 0002:00000014       __imp__WaitForSingleObjectEx@12 1000b014     kernel32:KERNEL32.dll
 0002:00000018       __imp__CreateEventW@16     1000b018     kernel32:KERNEL32.dll
 0002:0000001c       __imp__GetModuleHandleW@4  1000b01c     kernel32:KERNEL32.dll
 0002:00000020       __imp__GetProcAddress@8    1000b020     kernel32:KERNEL32.dll
 0002:00000024       __imp__IsProcessorFeaturePresent@4 1000b024     kernel32:KERNEL32.dll
 0002:00000028       __imp__IsDebuggerPresent@0 1000b028     kernel32:KERNEL32.dll
 0002:0000002c       __imp__UnhandledExceptionFilter@4 1000b02c     kernel32:KERNEL32.dll
 0002:00000030       __imp__SetUnhandledExceptionFilter@4 1000b030     kernel32:KERNEL32.dll
 0002:00000034       __imp__GetStartupInfoW@4   1000b034     kernel32:KERNEL32.dll
 0002:00000038       __imp__QueryPerformanceCounter@4 1000b038     kernel32:KERNEL32.dll
 0002:0000003c       __imp__GetCurrentProcessId@0 1000b03c     kernel32:KERNEL32.dll
 0002:00000040       __imp__GetCurrentThreadId@0 1000b040     kernel32:KERNEL32.dll
 0002:00000044       __imp__GetSystemTimeAsFileTime@4 1000b044     kernel32:KERNEL32.dll
 0002:00000048       __imp__DisableThreadLibraryCalls@4 1000b048     kernel32:KERNEL32.dll
 0002:0000004c       __imp__InitializeSListHead@4 1000b04c     kernel32:KERNEL32.dll
 0002:00000050       __imp__GetCurrentProcess@0 1000b050     kernel32:KERNEL32.dll
 0002:00000054       __imp__TerminateProcess@8  1000b054     kernel32:KERNEL32.dll
 0002:00000058       __imp__CloseHandle@4       1000b058     kernel32:KERNEL32.dll
 0002:0000005c       \177KERNEL32_NULL_THUNK_DATA 1000b05c     kernel32:KERNEL32.dll
 0002:00000060       __imp_?xsgetn@?$basic_streambuf@DU?$char_traits@D@std@@@std@@MAE_JPAD_J@Z 1000b060     msvcprt:MSVCP140.dll
 0002:00000064       __imp_?xsputn@?$basic_streambuf@DU?$char_traits@D@std@@@std@@MAE_JPBD_J@Z 1000b064     msvcprt:MSVCP140.dll
 0002:00000068       __imp_?uflow@?$basic_streambuf@DU?$char_traits@D@std@@@std@@MAEHXZ 1000b068     msvcprt:MSVCP140.dll
 0002:0000006c       __imp_?sync@?$basic_streambuf@DU?$char_traits@D@std@@@std@@MAEHXZ 1000b06c     msvcprt:MSVCP140.dll
 0002:00000070       __imp_?showmanyc@?$basic_streambuf@DU?$char_traits@D@std@@@std@@MAE_JXZ 1000b070     msvcprt:MSVCP140.dll
 0002:00000074       __imp_?setbuf@?$basic_streambuf@DU?$char_traits@D@std@@@std@@MAEPAV12@PAD_J@Z 1000b074     msvcprt:MSVCP140.dll
 0002:00000078       __imp_?imbue@?$basic_streambuf@DU?$char_traits@D@std@@@std@@MAEXABVlocale@2@@Z 1000b078     msvcprt:MSVCP140.dll
 0002:0000007c       __imp_?_Unlock@?$basic_streambuf@DU?$char_traits@D@std@@@std@@UAEXXZ 1000b07c     msvcprt:MSVCP140.dll
 0002:00000080       __imp_?_Lock@?$basic_streambuf@DU?$char_traits@D@std@@@std@@UAEXXZ 1000b080     msvcprt:MSVCP140.dll
 0002:00000084       __imp_??1?$basic_iostream@DU?$char_traits@D@std@@@std@@UAE@XZ 1000b084     msvcprt:MSVCP140.dll
 0002:00000088       __imp_??0?$basic_iostream@DU?$char_traits@D@std@@@std@@QAE@PAV?$basic_streambuf@DU?$char_traits@D@std@@@1@@Z 1000b088     msvcprt:MSVCP140.dll
 0002:0000008c       __imp_?flush@?$basic_ostream@DU?$char_traits@D@std@@@std@@QAEAAV12@XZ 1000b08c     msvcprt:MSVCP140.dll
 0002:00000090       __imp_?_Osfx@?$basic_ostream@DU?$char_traits@D@std@@@std@@QAEXXZ 1000b090     msvcprt:MSVCP140.dll
 0002:00000094       __imp_??1?$basic_ostream@DU?$char_traits@D@std@@@std@@UAE@XZ 1000b094     msvcprt:MSVCP140.dll
 0002:00000098       __imp_??0?$basic_ostream@DU?$char_traits@D@std@@@std@@QAE@PAV?$basic_streambuf@DU?$char_traits@D@std@@@1@_N@Z 1000b098     msvcprt:MSVCP140.dll
 0002:0000009c       __imp_??0?$basic_ios@DU?$char_traits@D@std@@@std@@IAE@XZ 1000b09c     msvcprt:MSVCP140.dll
 0002:000000a0       __imp_?setstate@?$basic_ios@DU?$char_traits@D@std@@@std@@QAEXH_N@Z 1000b0a0     msvcprt:MSVCP140.dll
 0002:000000a4       __imp_??1?$basic_ios@DU?$char_traits@D@std@@@std@@UAE@XZ 1000b0a4     msvcprt:MSVCP140.dll
 0002:000000a8       __imp_?sputn@?$basic_streambuf@DU?$char_traits@D@std@@@std@@QAE_JPBD_J@Z 1000b0a8     msvcprt:MSVCP140.dll
 0002:000000ac       __imp_?_Xbad_alloc@std@@YAXXZ 1000b0ac     msvcprt:MSVCP140.dll
 0002:000000b0       __imp_?sputc@?$basic_streambuf@DU?$char_traits@D@std@@@std@@QAEHD@Z 1000b0b0     msvcprt:MSVCP140.dll
 0002:000000b4       __imp_??1?$basic_streambuf@DU?$char_traits@D@std@@@std@@UAE@XZ 1000b0b4     msvcprt:MSVCP140.dll
 0002:000000b8       __imp_??0?$basic_streambuf@DU?$char_traits@D@std@@@std@@IAE@XZ 1000b0b8     msvcprt:MSVCP140.dll
 0002:000000bc       __imp_?uncaught_exception@std@@YA_NXZ 1000b0bc     msvcprt:MSVCP140.dll
 0002:000000c0       __imp_?_Xout_of_range@std@@YAXPBD@Z 1000b0c0     msvcprt:MSVCP140.dll
 0002:000000c4       __imp_?_Xlength_error@std@@YAXPBD@Z 1000b0c4     msvcprt:MSVCP140.dll
 0002:000000c8       __imp_?_BADOFF@std@@3_JB   1000b0c8     msvcprt:MSVCP140.dll
 0002:000000cc       \177MSVCP140_NULL_THUNK_DATA 1000b0cc     msvcprt:MSVCP140.dll
 0002:000000d0       __imp____std_exception_destroy 1000b0d0     vcruntime:VCRUNTIME140.dll
 0002:000000d4       __imp____vcrt_InitializeCriticalSectionEx 1000b0d4     vcruntime:VCRUNTIME140.dll
 0002:000000d8       __imp__memset              1000b0d8     vcruntime:VCRUNTIME140.dll
 0002:000000dc       __imp___except_handler4_common 1000b0dc     vcruntime:VCRUNTIME140.dll
 0002:000000e0       __imp____std_type_info_destroy_list 1000b0e0     vcruntime:VCRUNTIME140.dll
 0002:000000e4       __imp____std_exception_copy 1000b0e4     vcruntime:VCRUNTIME140.dll
 0002:000000e8       __imp____std_terminate     1000b0e8     vcruntime:VCRUNTIME140.dll
 0002:000000ec       __imp__memmove             1000b0ec     vcruntime:VCRUNTIME140.dll
 0002:000000f0       __imp__memcpy              1000b0f0     vcruntime:VCRUNTIME140.dll
 0002:000000f4       __imp___CxxThrowException@8 1000b0f4     vcruntime:VCRUNTIME140.dll
 0002:000000f8       __imp____CxxFrameHandler3  1000b0f8     vcruntime:VCRUNTIME140.dll
 0002:000000fc       \177VCRUNTIME140_NULL_THUNK_DATA 1000b0fc     vcruntime:VCRUNTIME140.dll
 0002:00000100       __imp__free                1000b100     ucrt:api-ms-win-crt-heap-l1-1-0.dll
 0002:00000104       __imp___callnewh           1000b104     ucrt:api-ms-win-crt-heap-l1-1-0.dll
 0002:00000108       __imp__malloc              1000b108     ucrt:api-ms-win-crt-heap-l1-1-0.dll
 0002:0000010c       \177api-ms-win-crt-heap-l1-1-0_NULL_THUNK_DATA 1000b10c     ucrt:api-ms-win-crt-heap-l1-1-0.dll
 0002:00000110       __imp___seh_filter_dll     1000b110     ucrt:api-ms-win-crt-runtime-l1-1-0.dll
 0002:00000114       __imp___initialize_narrow_environment 1000b114     ucrt:api-ms-win-crt-runtime-l1-1-0.dll
 0002:00000118       __imp___register_onexit_function 1000b118     ucrt:api-ms-win-crt-runtime-l1-1-0.dll
 0002:0000011c       __imp___initialize_onexit_table 1000b11c     ucrt:api-ms-win-crt-runtime-l1-1-0.dll
 0002:00000120       __imp__terminate           1000b120     ucrt:api-ms-win-crt-runtime-l1-1-0.dll
 0002:00000124       __imp___initterm_e         1000b124     ucrt:api-ms-win-crt-runtime-l1-1-0.dll
 0002:00000128       __imp___invalid_parameter_noinfo_noreturn 1000b128     ucrt:api-ms-win-crt-runtime-l1-1-0.dll
 0002:0000012c       __imp___initterm           1000b12c     ucrt:api-ms-win-crt-runtime-l1-1-0.dll
 0002:00000130       __imp___cexit              1000b130     ucrt:api-ms-win-crt-runtime-l1-1-0.dll
 0002:00000134       __imp___crt_at_quick_exit  1000b134     ucrt:api-ms-win-crt-runtime-l1-1-0.dll
 0002:00000138       __imp___crt_atexit         1000b138     ucrt:api-ms-win-crt-runtime-l1-1-0.dll
 0002:0000013c       __imp___execute_onexit_table 1000b13c     ucrt:api-ms-win-crt-runtime-l1-1-0.dll
 0002:00000140       __imp___configure_narrow_argv 1000b140     ucrt:api-ms-win-crt-runtime-l1-1-0.dll
 0002:00000144       \177api-ms-win-crt-runtime-l1-1-0_NULL_THUNK_DATA 1000b144     ucrt:api-ms-win-crt-runtime-l1-1-0.dll
 0002:00000148       __imp____stdio_common_vfprintf 1000b148     ucrt:api-ms-win-crt-stdio-l1-1-0.dll
 0002:0000014c       \177api-ms-win-crt-stdio-l1-1-0_NULL_THUNK_DATA 1000b14c     ucrt:api-ms-win-crt-stdio-l1-1-0.dll
 0002:00000150       __imp__isalnum             1000b150     ucrt:api-ms-win-crt-string-l1-1-0.dll
 0002:00000154       __imp__strdup              1000b154     ucrt:api-ms-win-crt-string-l1-1-0.dll
 0002:00000154       __imp___strdup             1000b154     ucrt:api-ms-win-crt-string-l1-1-0.dll
 0002:00000158       __imp__isspace             1000b158     ucrt:api-ms-win-crt-string-l1-1-0.dll
 0002:0000015c       __imp__strncmp             1000b15c     ucrt:api-ms-win-crt-string-l1-1-0.dll
 0002:00000160       \177api-ms-win-crt-string-l1-1-0_NULL_THUNK_DATA 1000b160     ucrt:api-ms-win-crt-string-l1-1-0.dll
 0002:00000164       ___guard_check_icall_fptr  1000b164     MSVCRT:guard_support.obj
 0002:00000168       ___xc_a                    1000b168     MSVCRT:initializers.obj
 0002:0000016c       ___xc_z                    1000b16c     MSVCRT:initializers.obj
 0002:00000170       ___xi_a                    1000b170     MSVCRT:initializers.obj
 0002:00000178       ___xi_z                    1000b178     MSVCRT:initializers.obj
 0002:0000017c       ___xl_a                    1000b17c     MSVCRT:tlssup.obj
 0002:00000180       ___xl_z                    1000b180     MSVCRT:tlssup.obj
 0002:00000184       ___xp_a                    1000b184     MSVCRT:initializers.obj
 0002:00000188       ___xp_z                    1000b188     MSVCRT:initializers.obj
 0002:0000018c       ___xt_a                    1000b18c     MSVCRT:initializers.obj
 0002:00000190       ___xt_z                    1000b190     MSVCRT:initializers.obj
 0002:000001a0       ??_C@_01DNKMNLPK@?$HM?$AA@ 1000b1a0     BoolExprParser.obj
 0002:000001a4       ??_C@_01HNPIGOCE@?$CG?$AA@ 1000b1a4     BoolExprParser.obj
 0002:000001a8       ??_C@_01DCLJPIOD@?$CB?$AA@ 1000b1a8     BoolExprParser.obj
 0002:000001ac       ??_C@_01ODHLEDKK@?$CI?$AA@ 1000b1ac     BoolExprParser.obj
 0002:000001b0       ??_C@_01PKGAHCOL@?$CJ?$AA@ 1000b1b0     BoolExprParser.obj
 0002:000001b4       ??_C@_0BA@JFNIOLAK@string?5too?5long?$AA@ 1000b1b4     BoolExprParser.obj
 0002:000001c4       ??_C@_0BI@CFPLBAOH@invalid?5string?5position?$AA@ 1000b1c4     BoolExprParser.obj
 0002:000001dc       ??_C@_00CNPNBAHC@?$AA@     1000b1dc     c-api.obj
 0002:000001e0       ??_C@_02DKCKIIND@?$CFs?$AA@ 1000b1e0     c-api.obj
 0002:000001e8       ??_7?$basic_stringbuf@DU?$char_traits@D@std@@V?$allocator@D@2@@std@@6B@ 1000b1e8     c-api.obj
 0002:00000228       ??_7?$basic_stringstream@DU?$char_traits@D@std@@V?$allocator@D@2@@std@@6B@ 1000b228     c-api.obj
[...]
 0002:00001568       __ehfuncinfo$?_Construct_n@?$vector@IV?$allocator@I@std@@@std@@QAEXIPBI@Z 1000c568     c-api.obj
 0002:0000158c       __unwindtable$?erase@?$_Tree@V?$_Tset_traits@V?$Literal@V?$basic_string@DU?$char_traits@D@std@@V?$allocator@D@2@@std@@@boolstuff@@U?$less@V?$Literal@V?$basic_string@DU?$char_traits@D@std@@V?$allocator@D@2@@std@@@boolstuff@@@std@@V?$allocator@V?$Literal@V?$basic_string@DU?$char_traits@D@std@@V?$allocator@D@2@@std@@@boolstuff@@@4@$0A@@std@@@std@@QAE?AV?$_Tree_const_iterator@V?$_Tree_val@U?$_Tree_simple_types@V?$Literal@V?$basic_string@DU?$char_traits@D@std@@V?$allocator@D@2@@std@@@boolstuff@@@std@@@std@@@2@V32@0@Z 1000c58c     c-api.obj
 0002:00001594       __ehfuncinfo$?erase@?$_Tree@V?$_Tset_traits@V?$Literal@V?$basic_string@DU?$char_traits@D@std@@V?$allocator@D@2@@std@@@boolstuff@@U?$less@V?$Literal@V?$basic_string@DU?$char_traits@D@std@@V?$allocator@D@2@@std@@@boolstuff@@@std@@V?$allocator@V?$Literal@V?$basic_string@DU?$char_traits@D@std@@V?$allocator@D@2@@std@@@boolstuff@@@4@$0A@@std@@@std@@QAE?AV?$_Tree_const_iterator@V?$_Tree_val@U?$_Tree_simple_types@V?$Literal@V?$basic_string@DU?$char_traits@D@std@@V?$allocator@D@2@@std@@@boolstuff@@@std@@@std@@@2@V32@0@Z 1000c594     c-api.obj
 0002:000015b8       __unwindtable$??1?$set@V?$Literal@V?$basic_string@DU?$char_traits@D@std@@V?$allocator@D@2@@std@@@boolstuff@@U?$less@V?$Literal@V?$basic_string@DU?$char_traits@D@std@@V?$allocator@D@2@@std@@@boolstuff@@@std@@V?$allocator@V?$Literal@V?$basic_string@DU?$char_traits@D@std@@V?$allocator@D@2@@std@@@boolstuff@@@4@@std@@QAE@XZ 1000c5b8     c-api.obj
 0002:000015c0       __ehfuncinfo$??1?$set@V?$Literal@V?$basic_string@DU?$char_traits@D@std@@V?$allocator@D@2@@std@@@boolstuff@@U?$less@V?$Literal@V?$basic_string@DU?$char_traits@D@std@@V?$allocator@D@2@@std@@@boolstuff@@@std@@V?$allocator@V?$Literal@V?$basic_string@DU?$char_traits@D@std@@V?$allocator@D@2@@std@@@boolstuff@@@4@@std@@QAE@XZ 1000c5c0     c-api.obj
 0002:000015e4       __catchsym$??$_Insert_nohint@ABV?$Literal@V?$basic_string@DU?$char_traits@D@std@@V?$allocator@D@2@@std@@@boolstuff@@U_Nil@std@@@?$_Tree@V?$_Tset_traits@V?$Literal@V?$basic_string@DU?$char_traits@D@std@@V?$allocator@D@2@@std@@@boolstuff@@U?$less@V?$Literal@V?$basic_string@DU?$char_traits@D@std@@V?$allocator@D@2@@std@@@boolstuff@@@std@@V?$allocator@V?$Literal@V?$basic_string@DU?$char_traits@D@std@@V?$allocator@D@2@@std@@@boolstuff@@@4@$0A@@std@@@std@@IAE?AU?$pair@V?$_Tree_const_iterator@V?$_Tree_val@U?$_Tree_simple_types@V?$Literal@V?$basic_string@DU?$char_traits@D@std@@V?$allocator@D@2@@std@@@boolstuff@@@std@@@std@@@std@@_N@1@_NABV?$Literal@V?$basic_string@DU?$char_traits@D@std@@V?$allocator@D@2@@std@@@boolstuff@@U_Nil@1@@Z$66 1000c5e4     c-api.obj
 0002:000015f4       __unwindtable$??$_Insert_nohint@ABV?$Literal@V?$basic_string@DU?$char_traits@D@std@@V?$allocator@D@2@@std@@@boolstuff@@U_Nil@std@@@?$_Tree@V?$_Tset_traits@V?$Literal@V?$basic_string@DU?$char_traits@D@std@@V?$allocator@D@2@@std@@@boolstuff@@U?$less@V?$Literal@V?$basic_string@DU?$char_traits@D@std@@V?$allocator@D@2@@std@@@boolstuff@@@std@@V?$allocator@V?$Literal@V?$basic_string@DU?$char_traits@D@std@@V?$allocator@D@2@@std@@@boolstuff@@@4@$0A@@std@@@std@@IAE?AU?$pair@V?$_Tree_const_iterator@V?$_Tree_val@U?$_Tree_simple_types@V?$Literal@V?$basic_string@DU?$char_traits@D@std@@V?$allocator@D@2@@std@@@boolstuff@@@std@@@std@@@std@@_N@1@_NABV?$Literal@V?$basic_string@DU?$char_traits@D@std@@V?$allocator@D@2@@std@@@boolstuff@@U_Nil@1@@Z 1000c5f4     c-api.obj
 0002:00001604       __tryblocktable$??$_Insert_nohint@ABV?$Literal@V?$basic_string@DU?$char_traits@D@std@@V?$allocator@D@2@@std@@@boolstuff@@U_Nil@std@@@?$_Tree@V?$_Tset_traits@V?$Literal@V?$basic_string@DU?$char_traits@D@std@@V?$allocator@D@2@@std@@@boolstuff@@U?$less@V?$Literal@V?$basic_string@DU?$char_traits@D@std@@V?$allocator@D@2@@std@@@boolstuff@@@std@@V?$allocator@V?$Literal@V?$basic_string@DU?$char_traits@D@std@@V?$allocator@D@2@@std@@@boolstuff@@@4@$0A@@std@@@std@@IAE?AU?$pair@V?$_Tree_const_iterator@V?$_Tree_val@U?$_Tree_simple_types@V?$Literal@V?$basic_string@DU?$char_traits@D@std@@V?$allocator@D@2@@std@@@boolstuff@@@std@@@std@@@std@@_N@1@_NABV?$Literal@V?$basic_string@DU?$char_traits@D@std@@V?$allocator@D@2@@std@@@boolstuff@@U_Nil@1@@Z 1000c604     c-api.obj
 0002:00001618       __ehfuncinfo$??$_Insert_nohint@ABV?$Literal@V?$basic_string@DU?$char_traits@D@std@@V?$allocator@D@2@@std@@@boolstuff@@U_Nil@std@@@?$_Tree@V?$_Tset_traits@V?$Literal@V?$basic_string@DU?$char_traits@D@std@@V?$allocator@D@2@@std@@@boolstuff@@U?$less@V?$Literal@V?$basic_string@DU?$char_traits@D@std@@V?$allocator@D@2@@std@@@boolstuff@@@std@@V?$allocator@V?$Literal@V?$basic_string@DU?$char_traits@D@std@@V?$allocator@D@2@@std@@@boolstuff@@@4@$0A@@std@@@std@@IAE?AU?$pair@V?$_Tree_const_iterator@V?$_Tree_val@U?$_Tree_simple_types@V?$Literal@V?$basic_string@DU?$char_traits@D@std@@V?$allocator@D@2@@std@@@boolstuff@@@std@@@std@@@std@@_N@1@_NABV?$Literal@V?$basic_string@DU?$char_traits@D@std@@V?$allocator@D@2@@std@@@boolstuff@@U_Nil@1@@Z 1000c618     c-api.obj
 0002:0000163c       __catchsym$??$_Buynode@ABV?$basic_string@DU?$char_traits@D@std@@V?$allocator@D@2@@std@@@?$_Tree_comp_alloc@V?$_Tset_traits@V?$basic_string@DU?$char_traits@D@std@@V?$allocator@D@2@@std@@U?$less@V?$basic_string@DU?$char_traits@D@std@@V?$allocator@D@2@@std@@@2@V?$allocator@V?$basic_string@DU?$char_traits@D@std@@V?$allocator@D@2@@std@@@2@$0A@@std@@@std@@QAEPAU?$_Tree_node@V?$basic_string@DU?$char_traits@D@std@@V?$allocator@D@2@@std@@PAX@1@ABV?$basic_string@DU?$char_traits@D@std@@V?$allocator@D@2@@1@@Z$57 1000c63c     c-api.obj
 0002:0000164c       __tryblocktable$??$_Buynode@ABV?$basic_string@DU?$char_traits@D@std@@V?$allocator@D@2@@std@@@?$_Tree_comp_alloc@V?$_Tset_traits@V?$basic_string@DU?$char_traits@D@std@@V?$allocator@D@2@@std@@U?$less@V?$basic_string@DU?$char_traits@D@std@@V?$allocator@D@2@@std@@@2@V?$allocator@V?$basic_string@DU?$char_traits@D@std@@V?$allocator@D@2@@std@@@2@$0A@@std@@@std@@QAEPAU?$_Tree_node@V?$basic_string@DU?$char_traits@D@std@@V?$allocator@D@2@@std@@PAX@1@ABV?$basic_string@DU?$char_traits@D@std@@V?$allocator@D@2@@1@@Z 1000c64c     c-api.obj
 0002:00001660       __unwindtable$??$_Buynode@ABV?$basic_string@DU?$char_traits@D@std@@V?$allocator@D@2@@std@@@?$_Tree_comp_alloc@V?$_Tset_traits@V?$basic_string@DU?$char_traits@D@std@@V?$allocator@D@2@@std@@U?$less@V?$basic_string@DU?$char_traits@D@std@@V?$allocator@D@2@@std@@@2@V?$allocator@V?$basic_string@DU?$char_traits@D@std@@V?$allocator@D@2@@std@@@2@$0A@@std@@@std@@QAEPAU?$_Tree_node@V?$basic_string@DU?$char_traits@D@std@@V?$allocator@D@2@@std@@PAX@1@ABV?$basic_string@DU?$char_traits@D@std@@V?$allocator@D@2@@1@@Z 1000c660     c-api.obj
 0002:00001678       __ehfuncinfo$??$_Buynode@ABV?$basic_string@DU?$char_traits@D@std@@V?$allocator@D@2@@std@@@?$_Tree_comp_alloc@V?$_Tset_traits@V?$basic_string@DU?$char_traits@D@std@@V?$allocator@D@2@@std@@U?$less@V?$basic_string@DU?$char_traits@D@std@@V?$allocator@D@2@@std@@@2@V?$allocator@V?$basic_string@DU?$char_traits@D@std@@V?$allocator@D@2@@std@@@2@$0A@@std@@@std@@QAEPAU?$_Tree_node@V?$basic_string@DU?$char_traits@D@std@@V?$allocator@D@2@@std@@PAX@1@ABV?$basic_string@DU?$char_traits@D@std@@V?$allocator@D@2@@1@@Z 1000c678     c-api.obj
 0002:0000169c       __catchsym$??$_Buynode@ABV?$Literal@V?$basic_string@DU?$char_traits@D@std@@V?$allocator@D@2@@std@@@boolstuff@@@?$_Tree_comp_alloc@V?$_Tset_traits@V?$Literal@V?$basic_string@DU?$char_traits@D@std@@V?$allocator@D@2@@std@@@boolstuff@@U?$less@V?$Literal@V?$basic_string@DU?$char_traits@D@std@@V?$allocator@D@2@@std@@@boolstuff@@@std@@V?$allocator@V?$Literal@V?$basic_string@DU?$char_traits@D@std@@V?$allocator@D@2@@std@@@boolstuff@@@4@$0A@@std@@@std@@QAEPAU?$_Tree_node@V?$Literal@V?$basic_string@DU?$char_traits@D@std@@V?$allocator@D@2@@std@@@boolstuff@@PAX@1@ABV?$Literal@V?$basic_string@DU?$char_traits@D@std@@V?$allocator@D@2@@std@@@boolstuff@@@Z$58 1000c69c     c-api.obj
 0002:000016ac       __tryblocktable$??$_Buynode@ABV?$Literal@V?$basic_string@DU?$char_traits@D@std@@V?$allocator@D@2@@std@@@boolstuff@@@?$_Tree_comp_alloc@V?$_Tset_traits@V?$Literal@V?$basic_string@DU?$char_traits@D@std@@V?$allocator@D@2@@std@@@boolstuff@@U?$less@V?$Literal@V?$basic_string@DU?$char_traits@D@std@@V?$allocator@D@2@@std@@@boolstuff@@@std@@V?$allocator@V?$Literal@V?$basic_string@DU?$char_traits@D@std@@V?$allocator@D@2@@std@@@boolstuff@@@4@$0A@@std@@@std@@QAEPAU?$_Tree_node@V?$Literal@V?$basic_string@DU?$char_traits@D@std@@V?$allocator@D@2@@std@@@boolstuff@@PAX@1@ABV?$Literal@V?$basic_string@DU?$char_traits@D@std@@V?$allocator@D@2@@std@@@boolstuff@@@Z 1000c6ac     c-api.obj
 0002:000016c0       __unwindtable$??$_Buynode@ABV?$Literal@V?$basic_string@DU?$char_traits@D@std@@V?$allocator@D@2@@std@@@boolstuff@@@?$_Tree_comp_alloc@V?$_Tset_traits@V?$Literal@V?$basic_string@DU?$char_traits@D@std@@V?$allocator@D@2@@std@@@boolstuff@@U?$less@V?$Literal@V?$basic_string@DU?$char_traits@D@std@@V?$allocator@D@2@@std@@@boolstuff@@@std@@V?$allocator@V?$Literal@V?$basic_string@DU?$char_traits@D@std@@V?$allocator@D@2@@std@@@boolstuff@@@4@$0A@@std@@@std@@QAEPAU?$_Tree_node@V?$Literal@V?$basic_string@DU?$char_traits@D@std@@V?$allocator@D@2@@std@@@boolstuff@@PAX@1@ABV?$Literal@V?$basic_string@DU?$char_traits@D@std@@V?$allocator@D@2@@std@@@boolstuff@@@Z 1000c6c0     c-api.obj
 0002:000016d8       __ehfuncinfo$??$_Buynode@ABV?$Literal@V?$basic_string@DU?$char_traits@D@std@@V?$allocator@D@2@@std@@@boolstuff@@@?$_Tree_comp_alloc@V?$_Tset_traits@V?$Literal@V?$basic_string@DU?$char_traits@D@std@@V?$allocator@D@2@@std@@@boolstuff@@U?$less@V?$Literal@V?$basic_string@DU?$char_traits@D@std@@V?$allocator@D@2@@std@@@boolstuff@@@std@@V?$allocator@V?$Literal@V?$basic_string@DU?$char_traits@D@std@@V?$allocator@D@2@@std@@@boolstuff@@@4@$0A@@std@@@std@@QAEPAU?$_Tree_node@V?$Literal@V?$basic_string@DU?$char_traits@D@std@@V?$allocator@D@2@@std@@@boolstuff@@PAX@1@ABV?$Literal@V?$basic_string@DU?$char_traits@D@std@@V?$allocator@D@2@@std@@@boolstuff@@@Z 1000c6d8     c-api.obj
 0002:000016fc       __catchsym$??$_Insert_hint@ABV?$basic_string@DU?$char_traits@D@std@@V?$allocator@D@2@@std@@U_Nil@2@@?$_Tree@V?$_Tset_traits@V?$basic_string@DU?$char_traits@D@std@@V?$allocator@D@2@@std@@U?$less@V?$basic_string@DU?$char_traits@D@std@@V?$allocator@D@2@@std@@@2@V?$allocator@V?$basic_string@DU?$char_traits@D@std@@V?$allocator@D@2@@std@@@2@$0A@@std@@@std@@IAE?AV?$_Tree_const_iterator@V?$_Tree_val@U?$_Tree_simple_types@V?$basic_string@DU?$char_traits@D@std@@V?$allocator@D@2@@std@@@std@@@std@@@1@V21@ABV?$basic_string@DU?$char_traits@D@std@@V?$allocator@D@2@@1@U_Nil@1@@Z$113 1000c6fc     c-api.obj
 0002:0000170c       __unwindtable$??$_Insert_hint@ABV?$basic_string@DU?$char_traits@D@std@@V?$allocator@D@2@@std@@U_Nil@2@@?$_Tree@V?$_Tset_traits@V?$basic_string@DU?$char_traits@D@std@@V?$allocator@D@2@@std@@U?$less@V?$basic_string@DU?$char_traits@D@std@@V?$allocator@D@2@@std@@@2@V?$allocator@V?$basic_string@DU?$char_traits@D@std@@V?$allocator@D@2@@std@@@2@$0A@@std@@@std@@IAE?AV?$_Tree_const_iterator@V?$_Tree_val@U?$_Tree_simple_types@V?$basic_string@DU?$char_traits@D@std@@V?$allocator@D@2@@std@@@std@@@std@@@1@V21@ABV?$basic_string@DU?$char_traits@D@std@@V?$allocator@D@2@@1@U_Nil@1@@Z 1000c70c     c-api.obj
 0002:0000171c       __tryblocktable$??$_Insert_hint@ABV?$basic_string@DU?$char_traits@D@std@@V?$allocator@D@2@@std@@U_Nil@2@@?$_Tree@V?$_Tset_traits@V?$basic_string@DU?$char_traits@D@std@@V?$allocator@D@2@@std@@U?$less@V?$basic_string@DU?$char_traits@D@std@@V?$allocator@D@2@@std@@@2@V?$allocator@V?$basic_string@DU?$char_traits@D@std@@V?$allocator@D@2@@std@@@2@$0A@@std@@@std@@IAE?AV?$_Tree_const_iterator@V?$_Tree_val@U?$_Tree_simple_types@V?$basic_string@DU?$char_traits@D@std@@V?$allocator@D@2@@std@@@std@@@std@@@1@V21@ABV?$basic_string@DU?$char_traits@D@std@@V?$allocator@D@2@@1@U_Nil@1@@Z 1000c71c     c-api.obj
 0002:00001730       __ehfuncinfo$??$_Insert_hint@ABV?$basic_string@DU?$char_traits@D@std@@V?$allocator@D@2@@std@@U_Nil@2@@?$_Tree@V?$_Tset_traits@V?$basic_string@DU?$char_traits@D@std@@V?$allocator@D@2@@std@@U?$less@V?$basic_string@DU?$char_traits@D@std@@V?$allocator@D@2@@std@@@2@V?$allocator@V?$basic_string@DU?$char_traits@D@std@@V?$allocator@D@2@@std@@@2@$0A@@std@@@std@@IAE?AV?$_Tree_const_iterator@V?$_Tree_val@U?$_Tree_simple_types@V?$basic_string@DU?$char_traits@D@std@@V?$allocator@D@2@@std@@@std@@@std@@@1@V21@ABV?$basic_string@DU?$char_traits@D@std@@V?$allocator@D@2@@1@U_Nil@1@@Z 1000c730     c-api.obj
 0002:00001754       __catchsym$?ToDNF@Expression@boolexpr@xw@@QAEPBDPBD@Z$123 1000c754     cpp2cli-api.obj
 0002:00001764       __tryblocktable$?ToDNF@Expression@boolexpr@xw@@QAEPBDPBD@Z 1000c764     cpp2cli-api.obj
 0002:00001778       __ehfuncinfo$?ToDNF@Expression@boolexpr@xw@@QAEPBDPBD@Z 1000c778     cpp2cli-api.obj
 0002:0000179c       __unwindtable$?ToDNF@Expression@boolexpr@xw@@QAEPBDPBD@Z 1000c79c     cpp2cli-api.obj
 0002:00001800       __sehtable$___scrt_is_nonwritable_in_current_image 1000c800     MSVCRT:utility.obj
 0002:00001820       __sehtable$?dllmain_crt_process_attach@@YAHQAUHINSTANCE__@@QAX@Z 1000c820     MSVCRT:dll_dllmain.obj
 0002:00001840       __sehtable$?dllmain_crt_process_detach@@YAH_N@Z 1000c840     MSVCRT:dll_dllmain.obj
 0002:00001860       __sehtable$?dllmain_dispatch@@YAHQAUHINSTANCE__@@KQAX@Z 1000c860     MSVCRT:dll_dllmain.obj
 0002:000018f0       .edata                     1000c8f0     libbool.exp
 0002:00001918       rgpv                       1000c918     libbool.exp
 0002:0000199c       rgszName                   1000c99c     libbool.exp
 0002:00001a20       rgwOrd                     1000ca20     libbool.exp
 0002:00001a62       szName                     1000ca62     libbool.exp
 0002:00001a6e       $N00001                    1000ca6e     libbool.exp
 0002:00001a90       $N00002                    1000ca90     libbool.exp
 0002:00001ab5       $N00003                    1000cab5     libbool.exp
 0002:00001ad7       $N00004                    1000cad7     libbool.exp
 0002:00001afb       $N00005                    1000cafb     libbool.exp
 0002:00001b2c       $N00006                    1000cb2c     libbool.exp
 0002:00001b5b       $N00007                    1000cb5b     libbool.exp
 0002:00001b8e       $N00008                    1000cb8e     libbool.exp
 0002:00001bb3       $N00009                    1000cbb3     libbool.exp
 0002:00001bde       $N00010                    1000cbde     libbool.exp
 0002:00001c08       $N00011                    1000cc08     libbool.exp
 0002:00001c32       $N00012                    1000cc32     libbool.exp
 0002:00001c47       $N00013                    1000cc47     libbool.exp
 0002:00001c66       $N00014                    1000cc66     libbool.exp
 0002:00001c82       $N00015                    1000cc82     libbool.exp
 0002:00001c99       $N00016                    1000cc99     libbool.exp
 0002:00001cb3       $N00017                    1000ccb3     libbool.exp
 0002:00001cc9       $N00018                    1000ccc9     libbool.exp
 0002:00001ce7       $N00019                    1000cce7     libbool.exp
 0002:00001d0d       $N00020                    1000cd0d     libbool.exp
 0002:00001d2a       $N00021                    1000cd2a     libbool.exp
 0002:00001d45       $N00022                    1000cd45     libbool.exp
 0002:00001d5d       $N00023                    1000cd5d     libbool.exp
 0002:00001d76       $N00024                    1000cd76     libbool.exp
 0002:00001d92       $N00025                    1000cd92     libbool.exp
 0002:00001daf       $N00026                    1000cdaf     libbool.exp
 0002:00001dd4       $N00027                    1000cdd4     libbool.exp
 0002:00001de4       $N00028                    1000cde4     libbool.exp
 0002:00001df9       $N00029                    1000cdf9     libbool.exp
 0002:00001e18       $N00030                    1000ce18     libbool.exp
 0002:00001e33       $N00031                    1000ce33     libbool.exp
 0002:00001e4b       $N00032                    1000ce4b     libbool.exp
 0002:00001e64       $N00033                    1000ce64     libbool.exp
 0002:000026ee       .idata$6                   1000d6ee     msvcprt:MSVCP140.dll
 0002:000027ea       .idata$6                   1000d7ea     vcruntime:VCRUNTIME140.dll
 0002:00002974       .idata$6                   1000d974     ucrt:api-ms-win-crt-runtime-l1-1-0.dll
 0002:00002996       .idata$6                   1000d996     ucrt:api-ms-win-crt-string-l1-1-0.dll
 0002:000029b8       .idata$6                   1000d9b8     ucrt:api-ms-win-crt-stdio-l1-1-0.dll
 0002:000029d8       .idata$6                   1000d9d8     ucrt:api-ms-win-crt-heap-l1-1-0.dll
 0002:00002bec       .idata$6                   1000dbec     kernel32:KERNEL32.dll
 0003:00000328       ?_parser@?1??ToDNF@Expression@boolexpr@xw@@QAEPBDPBD@Z@4VBoolExprParser@boolstuff@@A 1000e328     cpp2cli-api.obj
 0003:00000344       ?$TSS0@?1??ToDNF@Expression@boolexpr@xw@@QAEPBDPBD@Z@4HA 1000e344     cpp2cli-api.obj
 0003:00000350       ?module_local_atexit_table@@3U_onexit_table_t@@A 1000e350     MSVCRT:utility.obj
 0003:0000035c       ?module_local_at_quick_exit_table@@3U_onexit_table_t@@A 1000e35c     MSVCRT:utility.obj
 0003:00000368       ?is_initialized_as_dll@@3_NA 1000e368     MSVCRT:utility.obj
 0003:0000036c       ?_Tss_mutex@@3U_RTL_CRITICAL_SECTION@@A 1000e36c     MSVCRT:thread_safe_statics.obj
 0003:00000384       ?_Tss_cv@@3U_RTL_CONDITION_VARIABLE@@A 1000e384     MSVCRT:thread_safe_statics.obj
 0003:00000388       ?_Tss_event@@3PAXA         1000e388     MSVCRT:thread_safe_statics.obj
 0003:0000038c       ?encoded_sleep_condition_variable_cs@@3P6GHPAU_RTL_CONDITION_VARIABLE@@PAU_RTL_CRITICAL_SECTION@@K@ZA 1000e38c     MSVCRT:thread_safe_statics.obj
 0003:00000390       ?encoded_wake_all_condition_variable@@3P6GXPAU_RTL_CONDITION_VARIABLE@@@ZA 1000e390     MSVCRT:thread_safe_statics.obj
 0003:00000398       ?__proc_attached@@3HA      1000e398     MSVCRT:dll_dllmain.obj
 0003:000003b8       _GS_ExceptionRecord        1000e3b8     MSVCRT:gs_report.obj
 0003:00000408       _GS_ContextRecord          1000e408     MSVCRT:gs_report.obj
 0004:00000000       __guard_fids__             1000f000     MSVCRT:std_type_info_static.obj
 0004:00000004       __guard_fids__             1000f004     MSVCRT:thread_safe_statics.obj
 0004:00000008       __guard_fids_?__scrt_initialize_thread_safe_statics@@YAHXZ 1000f008     MSVCRT:thread_safe_statics.obj
 0004:0000000c       __guard_fids_?dllmain_crt_process_attach@@YAHQAUHINSTANCE__@@QAX@Z 1000f00c     MSVCRT:dll_dllmain.obj
 0004:00000014       __guard_fids_?dllmain_dispatch@@YAHQAUHINSTANCE__@@KQAX@Z 1000f014     MSVCRT:dll_dllmain.obj
 0004:00000018       __guard_fids__             1000f018     MSVCRT:throw_bad_alloc.obj
 0004:00000020       __guard_fids__             1000f020     MSVCRT:throw_bad_alloc.obj
 0004:00000028       __guard_fids__             1000f028     MSVCRT:throw_bad_alloc.obj
 0004:0000002c       __guard_fids__             1000f02c     MSVCRT:throw_bad_alloc.obj
 0004:00000030       __guard_fids__             1000f030     MSVCRT:throw_bad_alloc.obj
 0004:00000034       __guard_fids__             1000f034     MSVCRT:throw_bad_alloc.obj
 0004:00000038       __guard_fids____scrt_set_unhandled_exception_filter 1000f038     MSVCRT:utility_desktop.obj
 0004:0000003c       __guard_fids___except_handler4 1000f03c     MSVCRT:_chandler4gs_.obj
 0004:00000040       __guard_fids__             1000f040     MSVCRT:guard_support.obj
 0004:00000044       __guard_fids___guard_icall_checks_enforced 1000f044     MSVCRT:guard_support.obj
 0006:00000060       $R000000                   10011060     * linker generated manifest res *
